Archive member included to satisfy reference by file (symbol)

/opt/devkitpro/libnds/lib/libfilesystem.a(nitrofs.o)
                              directory.o (nitroFSInit)
/opt/devkitpro/libnds/lib/libfat.a(libfat.o)
                              /opt/devkitpro/libnds/lib/libfilesystem.a(nitrofs.o) (fatInitDefault)
/opt/devkitpro/libnds/lib/libfat.a(disc.o)
                              /opt/devkitpro/libnds/lib/libfat.a(libfat.o) (_FAT_disc_interfaces)
/opt/devkitpro/libnds/lib/libfat.a(fatfile.o)
                              /opt/devkitpro/libnds/lib/libfat.a(libfat.o) (_FAT_open_r)
/opt/devkitpro/libnds/lib/libfat.a(cache.o)
                              /opt/devkitpro/libnds/lib/libfat.a(fatfile.o) (_FAT_cache_readSectors)
/opt/devkitpro/libnds/lib/libfat.a(fatdir.o)
                              /opt/devkitpro/libnds/lib/libfat.a(libfat.o) (_FAT_stat_r)
/opt/devkitpro/libnds/lib/libfat.a(directory.o)
                              /opt/devkitpro/libnds/lib/libfat.a(fatfile.o) (_FAT_directory_entryGetCluster)
/opt/devkitpro/libnds/lib/libfat.a(partition.o)
                              /opt/devkitpro/libnds/lib/libfat.a(libfat.o) (_FAT_partition_destructor)
/opt/devkitpro/libnds/lib/libfat.a(lock.o)
                              /opt/devkitpro/libnds/lib/libfat.a(partition.o) (_FAT_lock_init)
/opt/devkitpro/libnds/lib/libfat.a(filetime.o)
                              /opt/devkitpro/libnds/lib/libfat.a(fatfile.o) (_FAT_filetime_getTimeFromRTC)
/opt/devkitpro/libnds/lib/libfat.a(file_allocation_table.o)
                              /opt/devkitpro/libnds/lib/libfat.a(fatfile.o) (_FAT_fat_nextCluster)
/opt/devkitpro/libnds/lib/libnds9.a(console.o)
                              directory.o (consoleDemoInit)
/opt/devkitpro/libnds/lib/libnds9.a(sound.o)
                              directory.o (soundEnable)
/opt/devkitpro/libnds/lib/libnds9.a(dldi.o)
                              /opt/devkitpro/libnds/lib/libfat.a(disc.o) (dldiGetInternal)
/opt/devkitpro/libnds/lib/libnds9.a(initSystem.o)
                              /opt/devkitpro/devkitARM/bin/../lib/gcc/arm-none-eabi/11.1.0/../../../../arm-none-eabi/lib/thumb/ds_arm9_crt0.o (initSystem)
/opt/devkitpro/libnds/lib/libnds9.a(timeSupport.o)
                              /opt/devkitpro/libnds/lib/libnds9.a(initSystem.o) (__libnds_gtod)
/opt/devkitpro/libnds/lib/libnds9.a(securearea.o)
                              /opt/devkitpro/devkitARM/bin/../lib/gcc/arm-none-eabi/11.1.0/../../../../arm-none-eabi/lib/thumb/ds_arm9_crt0.o (__secure_area__)
/opt/devkitpro/libnds/lib/libnds9.a(timers.o)
                              directory.o (cpuStartTiming)
/opt/devkitpro/libnds/lib/libnds9.a(interrupts.o)
                              directory.o (irqSet)
/opt/devkitpro/libnds/lib/libnds9.a(libnds_exit.arm.o)
                              /opt/devkitpro/devkitARM/bin/../lib/gcc/arm-none-eabi/11.1.0/../../../../arm-none-eabi/lib/thumb/ds_arm9_crt0.o (__libnds_exit)
/opt/devkitpro/libnds/lib/libnds9.a(card.o)
                              /opt/devkitpro/libnds/lib/libfilesystem.a(nitrofs.o) (cardParamCommand)
/opt/devkitpro/libnds/lib/libnds9.a(fifosystem.o)
                              /opt/devkitpro/libnds/lib/libnds9.a(initSystem.o) (fifoSetValue32Handler)
/opt/devkitpro/libnds/lib/libnds9.a(dldi_stub.o)
                              /opt/devkitpro/libnds/lib/libnds9.a(dldi.o) (_io_dldi_stub)
/opt/devkitpro/libnds/lib/libnds9.a(mpu_setup.o)
                              /opt/devkitpro/devkitARM/bin/../lib/gcc/arm-none-eabi/11.1.0/../../../../arm-none-eabi/lib/thumb/ds_arm9_crt0.o (__libnds_mpu_setup)
/opt/devkitpro/libnds/lib/libnds9.a(IntrWait.o)
                              /opt/devkitpro/libnds/lib/libnds9.a(fifosystem.o) (swiIntrWait)
/opt/devkitpro/libnds/lib/libnds9.a(cpu_clock.o)
                              /opt/devkitpro/libnds/lib/libnds9.a(initSystem.o) (setCpuClock)
/opt/devkitpro/libnds/lib/libnds9.a(interruptDispatcher.o)
                              /opt/devkitpro/libnds/lib/libnds9.a(interrupts.o) (IntrMain)
/opt/devkitpro/libnds/lib/libnds9.a(debugprint.o)
                              /opt/devkitpro/libnds/lib/libnds9.a(console.o) (nocashWrite)
/opt/devkitpro/libnds/lib/libnds9.a(swiSoftReset.o)
                              /opt/devkitpro/libnds/lib/libnds9.a(fifosystem.o) (swiSoftReset)
/opt/devkitpro/libnds/lib/libnds9.a(biosCalls.o)
                              /opt/devkitpro/libnds/lib/libnds9.a(card.o) (swiDelay)
/opt/devkitpro/libnds/lib/libnds9.a(default_font.bin.o)
                              /opt/devkitpro/libnds/lib/libnds9.a(console.o) (default_font_bin)
/opt/devkitpro/libnds/lib/libnds9.a(background.o)
                              /opt/devkitpro/libnds/lib/libnds9.a(console.o) (bgState)
/opt/devkitpro/libnds/lib/libnds9.a(video.o)
                              /opt/devkitpro/libnds/lib/libnds9.a(initSystem.o) (vramDefault)
/opt/devkitpro/libnds/lib/libnds9.a(system.o)
[...]
Memory Configuration

Name             Origin             Length             Attributes
ewram            0x0000000002000000 0x0000000000380000
dtcm             0x0000000002ff0000 0x0000000000004000
vectors          0x0000000001000000 0x0000000000000100
itcm             0x0000000001000100 0x0000000000007f00
*default*        0x0000000000000000 0xffffffffffffffff

Linker script and memory map

                0x0000000002380000                __ewram_end = (ORIGIN (ewram) + LENGTH (ewram))
                0x0000000002380000                __eheap_end = (ORIGIN (ewram) + LENGTH (ewram))
                0x0000000002ff4000                __dtcm_top = (ORIGIN (dtcm) + LENGTH (dtcm))
                0x0000000002ff3ff8                __irq_flags = (__dtcm_top - 0x8)
                0x0000000002ff3ffc                __irq_vector = (__dtcm_top - 0x4)
                0x0000000002ff3f00                __sp_svc = (__dtcm_top - 0x100)
                0x0000000002ff3e00                __sp_irq = (__sp_svc - 0x100)
                0x0000000002ff3d00                __sp_usr = (__sp_irq - 0x100)

.secure         0x0000000002000000      0x800
 *(.secure)
 .secure        0x0000000002000000      0x800 /opt/devkitpro/libnds/lib/libnds9.a(securearea.o)
                0x0000000002000000                __secure_area__

.crt0           0x0000000002000800      0x300
                0x0000000002000800                __text_start = .
 *(.crt0)
 .crt0          0x0000000002000800      0x300 /opt/devkitpro/devkitARM/bin/../lib/gcc/arm-none-eabi/11.1.0/../../../../arm-none-eabi/lib/thumb/ds_arm9_crt0.o
                0x0000000002000800                _start
                0x0000000002000b00                . = ALIGN (0x4)

.plt
 *(.plt)

.init           0x0000000002000b00        0xc
 *(SORT_NONE(.init))
 .init          0x0000000002000b00        0x4 /opt/devkitpro/devkitARM/bin/../lib/gcc/arm-none-eabi/11.1.0/thumb/crti.o
                0x0000000002000b00                _init
 .init          0x0000000002000b04        0x8 /opt/devkitpro/devkitARM/bin/../lib/gcc/arm-none-eabi/11.1.0/thumb/crtn.o

.text           0x0000000002000b40    0x146b8
 *(EXCLUDE_FILE(*.twl* *.vectors* *.itcm*) .text)
 .text          0x0000000002000b40       0x10 directory.o
                0x0000000002000b40                Vblank
 *fill*         0x0000000002000b50       0x30 ff
 .text          0x0000000002000b80     0x4000 /opt/devkitpro/libnds/lib/libnds9.a(dldi_stub.o)
                0x0000000002000b80                _io_dldi_stub
 .text          0x0000000002004b80      0x11c /opt/devkitpro/devkitARM/bin/../lib/gcc/arm-none-eabi/11.1.0/thumb/libgcc.a(_udivsi3.o)
                0x0000000002004b80                __udivsi3
                0x0000000002004b80                __aeabi_uidiv
                0x0000000002004c7c                __aeabi_uidivmod
 .text          0x0000000002004c9c      0x150 /opt/devkitpro/devkitARM/bin/../lib/gcc/arm-none-eabi/11.1.0/thumb/libgcc.a(_divsi3.o)
                0x0000000002004c9c                __aeabi_idiv
                0x0000000002004c9c                __divsi3
                0x0000000002004dcc                __aeabi_idivmod
 .text          0x0000000002004dec        0x4 /opt/devkitpro/devkitARM/bin/../lib/gcc/arm-none-eabi/11.1.0/thumb/libgcc.a(_dvmd_tls.o)
                0x0000000002004dec                __aeabi_ldiv0
                0x0000000002004dec                __aeabi_idiv0
 .text          0x0000000002004df0       0xd4 /opt/devkitpro/devkitARM/bin/../lib/gcc/arm-none-eabi/11.1.0/thumb/libgcc.a(_aeabi_ldivmod.o)
                0x0000000002004df0                __aeabi_ldivmod
 .text          0x0000000002004ec4       0x28 /opt/devkitpro/devkitARM/bin/../lib/gcc/arm-none-eabi/11.1.0/thumb/libgcc.a(_clzdi2.o)
                0x0000000002004ec4                __clzdi2
 .text          0x0000000002004eec       0x48 /opt/devkitpro/devkitARM/bin/../lib/gcc/arm-none-eabi/11.1.0/thumb/libgcc.a(_clzsi2.o)
                0x0000000002004eec                __clzsi2
 .text          0x0000000002004f34      0x224 /opt/devkitpro/devkitARM/bin/../lib/gcc/arm-none-eabi/11.1.0/../../../../arm-none-eabi/lib/thumb/libg.a(lib_a-strcmp.o)
                0x0000000002004f34                strcmp
 .text          0x0000000002005158       0x14 /opt/devkitpro/devkitARM/bin/../lib/gcc/arm-none-eabi/11.1.0/thumb/libgcc.a(_thumb1_case_uqi.o)
                0x0000000002005158                __gnu_thumb1_case_uqi
 .text          0x000000000200516c       0x14 /opt/devkitpro/devkitARM/bin/../lib/gcc/arm-none-eabi/11.1.0/thumb/libgcc.a(_thumb1_case_uhi.o)
                0x000000000200516c                __gnu_thumb1_case_uhi
 .text          0x0000000002005180       0x3c /opt/devkitpro/devkitARM/bin/../lib/gcc/arm-none-eabi/11.1.0/thumb/libgcc.a(_aeabi_uldivmod.o)
                0x0000000002005180                __aeabi_uldivmod
 *(EXCLUDE_FILE(*.twl* *.vectors* *.itcm*) .stub)
 *(EXCLUDE_FILE(*.twl* *.vectors* *.itcm*) .text.*)
 .text.__do_global_dtors_aux
                0x00000000020051bc       0x2c /opt/devkitpro/devkitARM/bin/../lib/gcc/arm-none-eabi/11.1.0/thumb/crtbegin.o
 .text.frame_dummy
                0x00000000020051e8       0x24 /opt/devkitpro/devkitARM/bin/../lib/gcc/arm-none-eabi/11.1.0/thumb/crtbegin.o
 .text.startup  0x000000000200520c      0x134 directory.o
                0x000000000200520c                main
 .text.nitroFSDirClose
                0x0000000002005340        0x4 /opt/devkitpro/libnds/lib/libfilesystem.a(nitrofs.o)
 .text.nitroFSSeek
                0x0000000002005344       0x78 /opt/devkitpro/libnds/lib/libfilesystem.a(nitrofs.o)
 .text.nitroFSFstat
                0x00000000020053bc       0x10 /opt/devkitpro/libnds/lib/libfilesystem.a(nitrofs.o)
 .text.nitroSubReadBlock
                0x00000000020053cc       0x54 /opt/devkitpro/libnds/lib/libfilesystem.a(nitrofs.o)
 .text.nitroSubReadCard
                0x0000000002005420       0xb0 /opt/devkitpro/libnds/lib/libfilesystem.a(nitrofs.o)
 .text.nitroFSClose
                0x00000000020054d0        0x4 /opt/devkitpro/libnds/lib/libfilesystem.a(nitrofs.o)
 .text.nitroDirReset
                0x00000000020054d4       0x9c /opt/devkitpro/libnds/lib/libfilesystem.a(nitrofs.o)
 .text.nitroFSRead
                0x0000000002005570       0xbc /opt/devkitpro/libnds/lib/libfilesystem.a(nitrofs.o)
 .text.nitroFSDirNext
                0x000000000200562c      0x30c /opt/devkitpro/libnds/lib/libfilesystem.a(nitrofs.o)
 .text.nitroFSDirOpen
                0x0000000002005938       0xe0 /opt/devkitpro/libnds/lib/libfilesystem.a(nitrofs.o)
 .text.nitroFSChdir
                0x0000000002005a18       0x30 /opt/devkitpro/libnds/lib/libfilesystem.a(nitrofs.o)
 .text.nitroFSOpen
                0x0000000002005a48       0xc4 /opt/devkitpro/libnds/lib/libfilesystem.a(nitrofs.o)
 .text.nitroFSstat
                0x0000000002005b0c       0x68 /opt/devkitpro/libnds/lib/libfilesystem.a(nitrofs.o)
 .text.nitroFSInit
                0x0000000002005b74      0x12c /opt/devkitpro/libnds/lib/libfilesystem.a(nitrofs.o)
                0x0000000002005b74                nitroFSInit
 .text.fatMount.part.0
                0x0000000002005ca0       0xa0 /opt/devkitpro/libnds/lib/libfat.a(libfat.o)
 .text.fatMount
                0x0000000002005d40       0x3c /opt/devkitpro/libnds/lib/libfat.a(libfat.o)
                0x0000000002005d40                fatMount
 .text.fatInit  0x0000000002005d7c      0x130 /opt/devkitpro/libnds/lib/libfat.a(libfat.o)
                0x0000000002005d7c                fatInit
 .text.fatInitDefault
                0x0000000002005eac        0xc /opt/devkitpro/libnds/lib/libfat.a(libfat.o)
                0x0000000002005eac                fatInitDefault
 .text._FAT_check_position_for_next_cluster.part.0
                0x0000000002005eb8       0x68 /opt/devkitpro/libnds/lib/libfat.a(fatfile.o)
 .text._FAT_syncToDisc.part.0
                0x0000000002005f20       0xd4 /opt/devkitpro/libnds/lib/libfat.a(fatfile.o)
 .text._FAT_file_extend_r
                0x0000000002005ff4      0x208 /opt/devkitpro/libnds/lib/libfat.a(fatfile.o)
 .text._FAT_open_r
                0x00000000020061fc      0x2d4 /opt/devkitpro/libnds/lib/libfat.a(fatfile.o)
                0x00000000020061fc                _FAT_open_r
 .text._FAT_close_r
                0x00000000020064d0       0x74 /opt/devkitpro/libnds/lib/libfat.a(fatfile.o)
                0x00000000020064d0                _FAT_close_r
 .text._FAT_read_r
                0x0000000002006544      0x398 /opt/devkitpro/libnds/lib/libfat.a(fatfile.o)
                0x0000000002006544                _FAT_read_r
 .text._FAT_write_r
                0x00000000020068dc      0x53c /opt/devkitpro/libnds/lib/libfat.a(fatfile.o)
                0x00000000020068dc                _FAT_write_r
 .text._FAT_seek_r
                0x0000000002006e18      0x194 /opt/devkitpro/libnds/lib/libfat.a(fatfile.o)
                0x0000000002006e18                _FAT_seek_r
 .text._FAT_fstat_r
                0x0000000002006fac       0x8c /opt/devkitpro/libnds/lib/libfat.a(fatfile.o)
                0x0000000002006fac                _FAT_fstat_r
 .text._FAT_ftruncate_r
                0x0000000002007038      0x16c /opt/devkitpro/libnds/lib/libfat.a(fatfile.o)
                0x0000000002007038                _FAT_ftruncate_r
 .text._FAT_fsync_r
                0x00000000020071a4       0x44 /opt/devkitpro/libnds/lib/libfat.a(fatfile.o)
                0x00000000020071a4                _FAT_fsync_r
 .text._FAT_cache_getPage
                0x00000000020071e8       0xf0 /opt/devkitpro/libnds/lib/libfat.a(cache.o)
 .text._FAT_cache_constructor
                0x00000000020072d8       0x90 /opt/devkitpro/libnds/lib/libfat.a(cache.o)
                0x00000000020072d8                _FAT_cache_constructor
 .text._FAT_cache_readSectors
                0x0000000002007368       0x60 /opt/devkitpro/libnds/lib/libfat.a(cache.o)
                0x0000000002007368                _FAT_cache_readSectors
 .text._FAT_cache_readPartialSector
                0x00000000020073c8       0x3c /opt/devkitpro/libnds/lib/libfat.a(cache.o)
                0x00000000020073c8                _FAT_cache_readPartialSector
 .text._FAT_cache_readLittleEndianValue
                0x0000000002007404       0x70 /opt/devkitpro/libnds/lib/libfat.a(cache.o)
                0x0000000002007404                _FAT_cache_readLittleEndianValue
 .text._FAT_cache_writePartialSector
                0x0000000002007474       0x4c /opt/devkitpro/libnds/lib/libfat.a(cache.o)
                0x0000000002007474                _FAT_cache_writePartialSector
 .text._FAT_cache_writeLittleEndianValue
                0x00000000020074c0       0x8c /opt/devkitpro/libnds/lib/libfat.a(cache.o)
                0x00000000020074c0                _FAT_cache_writeLittleEndianValue
 .text._FAT_cache_eraseWritePartialSector
                0x000000000200754c       0x60 /opt/devkitpro/libnds/lib/libfat.a(cache.o)
                0x000000000200754c                _FAT_cache_eraseWritePartialSector
 .text._FAT_cache_writeSectors
                0x00000000020075ac       0x80 /opt/devkitpro/libnds/lib/libfat.a(cache.o)
                0x00000000020075ac                _FAT_cache_writeSectors
 .text._FAT_cache_flush
                0x000000000200762c       0x40 /opt/devkitpro/libnds/lib/libfat.a(cache.o)
                0x000000000200762c                _FAT_cache_flush
 .text._FAT_stat_r
                0x000000000200766c       0x90 /opt/devkitpro/libnds/lib/libfat.a(fatdir.o)
                0x000000000200766c                _FAT_stat_r
 .text._FAT_link_r
                0x00000000020076fc        0xc /opt/devkitpro/libnds/lib/libfat.a(fatdir.o)
                0x00000000020076fc                _FAT_link_r
 .text._FAT_unlink_r
                0x0000000002007708      0x184 /opt/devkitpro/libnds/lib/libfat.a(fatdir.o)
                0x0000000002007708                _FAT_unlink_r
 .text._FAT_chdir_r
                0x000000000200788c       0x70 /opt/devkitpro/libnds/lib/libfat.a(fatdir.o)
                0x000000000200788c                _FAT_chdir_r
 .text._FAT_rename_r
                0x00000000020078fc      0x1c4 /opt/devkitpro/libnds/lib/libfat.a(fatdir.o)
                0x00000000020078fc                _FAT_rename_r
 .text._FAT_mkdir_r
                0x0000000002007ac0      0x244 /opt/devkitpro/libnds/lib/libfat.a(fatdir.o)
                0x0000000002007ac0                _FAT_mkdir_r
 .text._FAT_statvfs_r
                0x0000000002007d04       0x78 /opt/devkitpro/libnds/lib/libfat.a(fatdir.o)
                0x0000000002007d04                _FAT_statvfs_r
 .text._FAT_diropen_r
                0x0000000002007d7c       0xb0 /opt/devkitpro/libnds/lib/libfat.a(fatdir.o)
                0x0000000002007d7c                _FAT_diropen_r
 .text._FAT_dirreset_r
                0x0000000002007e2c       0x4c /opt/devkitpro/libnds/lib/libfat.a(fatdir.o)
                0x0000000002007e2c                _FAT_dirreset_r
 .text._FAT_dirnext_r
                0x0000000002007e78       0x7c /opt/devkitpro/libnds/lib/libfat.a(fatdir.o)
                0x0000000002007e78                _FAT_dirnext_r
 .text._FAT_dirclose_r
                0x0000000002007ef4       0x20 /opt/devkitpro/libnds/lib/libfat.a(fatdir.o)
                0x0000000002007ef4                _FAT_dirclose_r
 .text._FAT_directory_entryGetAlias
                0x0000000002007f14       0xc8 /opt/devkitpro/libnds/lib/libfat.a(directory.o)
 .text._FAT_directory_incrementDirEntryPosition
                0x0000000002007fdc       0x80 /opt/devkitpro/libnds/lib/libfat.a(directory.o)
 .text._FAT_directory_mbsncasecmp
                0x000000000200805c       0xa8 /opt/devkitpro/libnds/lib/libfat.a(directory.o)
 .text._FAT_directory_ucs2tombs.constprop.0
                0x0000000002008104       0x90 /opt/devkitpro/libnds/lib/libfat.a(directory.o)
 .text._FAT_directory_entryGetCluster
                0x0000000002008194       0x20 /opt/devkitpro/libnds/lib/libfat.a(directory.o)
                0x0000000002008194                _FAT_directory_entryGetCluster
 .text._FAT_directory_getNextEntry
                0x00000000020081b4      0x23c /opt/devkitpro/libnds/lib/libfat.a(directory.o)
                0x00000000020081b4                _FAT_directory_getNextEntry
 .text._FAT_directory_entryExists
                0x00000000020083f0       0x80 /opt/devkitpro/libnds/lib/libfat.a(directory.o)
 .text._FAT_directory_getFirstEntry
                0x0000000002008470       0x20 /opt/devkitpro/libnds/lib/libfat.a(directory.o)
                0x0000000002008470                _FAT_directory_getFirstEntry
 .text._FAT_directory_getRootEntry
                0x0000000002008490       0x60 /opt/devkitpro/libnds/lib/libfat.a(directory.o)
                0x0000000002008490                _FAT_directory_getRootEntry
 .text._FAT_directory_entryFromPosition
                0x00000000020084f0      0x150 /opt/devkitpro/libnds/lib/libfat.a(directory.o)
                0x00000000020084f0                _FAT_directory_entryFromPosition
 .text._FAT_directory_entryFromPath
                0x0000000002008640      0x248 /opt/devkitpro/libnds/lib/libfat.a(directory.o)
                0x0000000002008640                _FAT_directory_entryFromPath
 .text._FAT_directory_removeEntry
                0x0000000002008888       0xd8 /opt/devkitpro/libnds/lib/libfat.a(directory.o)
                0x0000000002008888                _FAT_directory_removeEntry
 .text._FAT_directory_addEntry
                0x0000000002008960      0x808 /opt/devkitpro/libnds/lib/libfat.a(directory.o)
                0x0000000002008960                _FAT_directory_addEntry
 .text._FAT_directory_chdir
                0x0000000002009168       0x3c /opt/devkitpro/libnds/lib/libfat.a(directory.o)
                0x0000000002009168                _FAT_directory_chdir
 .text._FAT_directory_entryStat
                0x00000000020091a4       0xe4 /opt/devkitpro/libnds/lib/libfat.a(directory.o)
                0x00000000020091a4                _FAT_directory_entryStat
 .text.isValidMBR
                0x0000000002009288       0x5c /opt/devkitpro/libnds/lib/libfat.a(partition.o)
 .text._FAT_updateFS_INFO
                0x00000000020092e4       0x54 /opt/devkitpro/libnds/lib/libfat.a(partition.o)
 .text.FindFirstValidPartition_buf.part.0
                0x0000000002009338      0x11c /opt/devkitpro/libnds/lib/libfat.a(partition.o)
 .text._FAT_partition_getPartitionFromPath
                0x0000000002009454       0x10 /opt/devkitpro/libnds/lib/libfat.a(partition.o)
                0x0000000002009454                _FAT_partition_getPartitionFromPath
 .text._FAT_partition_createFSinfo
                0x0000000002009464       0x50 /opt/devkitpro/libnds/lib/libfat.a(partition.o)
                0x0000000002009464                _FAT_partition_createFSinfo
 .text._FAT_partition_readFSinfo.part.0
                0x00000000020094b4       0x74 /opt/devkitpro/libnds/lib/libfat.a(partition.o)
 .text._FAT_partition_constructor_buf
                0x0000000002009528      0x2e8 /opt/devkitpro/libnds/lib/libfat.a(partition.o)
                0x0000000002009528                _FAT_partition_constructor_buf
 .text._FAT_partition_constructor
                0x0000000002009810       0x40 /opt/devkitpro/libnds/lib/libfat.a(partition.o)
                0x0000000002009810                _FAT_partition_constructor
 .text._FAT_partition_readFSinfo
                0x0000000002009850       0x10 /opt/devkitpro/libnds/lib/libfat.a(partition.o)
                0x0000000002009850                _FAT_partition_readFSinfo
 .text._FAT_lock_init
                0x0000000002009860        0x4 /opt/devkitpro/libnds/lib/libfat.a(lock.o)
                0x0000000002009860                _FAT_lock_init
 .text._FAT_lock
                0x0000000002009864        0x4 /opt/devkitpro/libnds/lib/libfat.a(lock.o)
                0x0000000002009864                _FAT_lock
 .text._FAT_unlock
                0x0000000002009868        0x4 /opt/devkitpro/libnds/lib/libfat.a(lock.o)
                0x0000000002009868                _FAT_unlock
 .text._FAT_filetime_getTimeFromRTC
                0x000000000200986c       0x44 /opt/devkitpro/libnds/lib/libfat.a(filetime.o)
                0x000000000200986c                _FAT_filetime_getTimeFromRTC
 .text._FAT_filetime_getDateFromRTC
                0x00000000020098b0       0x44 /opt/devkitpro/libnds/lib/libfat.a(filetime.o)
                0x00000000020098b0                _FAT_filetime_getDateFromRTC
 .text._FAT_filetime_to_time_t
                0x00000000020098f4       0x38 /opt/devkitpro/libnds/lib/libfat.a(filetime.o)
                0x00000000020098f4                _FAT_filetime_to_time_t
 .text._FAT_fat_writeFatEntry.part.0.isra.0
                0x000000000200992c      0x12c /opt/devkitpro/libnds/lib/libfat.a(file_allocation_table.o)
 .text._FAT_fat_nextCluster
                0x0000000002009a58      0x108 /opt/devkitpro/libnds/lib/libfat.a(file_allocation_table.o)
                0x0000000002009a58                _FAT_fat_nextCluster
 .text._FAT_fat_linkFreeCluster
                0x0000000002009b60       0xac /opt/devkitpro/libnds/lib/libfat.a(file_allocation_table.o)
                0x0000000002009b60                _FAT_fat_linkFreeCluster
 .text._FAT_fat_linkFreeClusterCleared
                0x0000000002009c0c       0x68 /opt/devkitpro/libnds/lib/libfat.a(file_allocation_table.o)
                0x0000000002009c0c                _FAT_fat_linkFreeClusterCleared
 .text._FAT_fat_clearLinks
                0x0000000002009c74       0x7c /opt/devkitpro/libnds/lib/libfat.a(file_allocation_table.o)
                0x0000000002009c74                _FAT_fat_clearLinks
 .text._FAT_fat_trimChain
                0x0000000002009cf0       0x80 /opt/devkitpro/libnds/lib/libfat.a(file_allocation_table.o)
                0x0000000002009cf0                _FAT_fat_trimChain
 .text._FAT_fat_lastCluster
                0x0000000002009d70       0x34 /opt/devkitpro/libnds/lib/libfat.a(file_allocation_table.o)
                0x0000000002009d70                _FAT_fat_lastCluster
 .text._FAT_fat_freeClusterCount
                0x0000000002009da4       0x2c /opt/devkitpro/libnds/lib/libfat.a(file_allocation_table.o)
                0x0000000002009da4                _FAT_fat_freeClusterCount
 .text.newRow   0x0000000002009dd0       0xb0 /opt/devkitpro/libnds/lib/libnds9.a(console.o)
 .text.consolePrintChar
                0x0000000002009e80       0xec /opt/devkitpro/libnds/lib/libnds9.a(console.o)
                0x0000000002009e80                consolePrintChar
 .text.con_write
                0x0000000002009f6c      0x374 /opt/devkitpro/libnds/lib/libnds9.a(console.o)
                0x0000000002009f6c                con_write
 .text.consoleLoadFont
                0x000000000200a2e0      0x2a8 /opt/devkitpro/libnds/lib/libnds9.a(console.o)
                0x000000000200a2e0                consoleLoadFont
 .text.consoleInit
                0x000000000200a588      0x194 /opt/devkitpro/libnds/lib/libnds9.a(console.o)
                0x000000000200a588                consoleInit
 .text.consoleDemoInit
                0x000000000200a71c       0x40 /opt/devkitpro/libnds/lib/libnds9.a(console.o)
                0x000000000200a71c                consoleDemoInit
 .text.soundEnable
                0x000000000200a75c       0x10 /opt/devkitpro/libnds/lib/libnds9.a(sound.o)
                0x000000000200a75c                soundEnable
 .text.soundPlaySample
                0x000000000200a76c       0x68 /opt/devkitpro/libnds/lib/libnds9.a(sound.o)
                0x000000000200a76c                soundPlaySample
 .text.dldiGetInternal
                0x000000000200a7d4       0x34 /opt/devkitpro/libnds/lib/libnds9.a(dldi.o)
                0x000000000200a7d4                dldiGetInternal
 .text.get_io_dsisd
                0x000000000200a808       0x24 /opt/devkitpro/libnds/lib/libnds9.a(dldi.o)
                0x000000000200a808                get_io_dsisd
 .text.initSystem
                0x000000000200a82c      0x198 /opt/devkitpro/libnds/lib/libnds9.a(initSystem.o)
                0x000000000200a82c                initSystem
 .text.__libnds_gtod
                0x000000000200a9c4       0x28 /opt/devkitpro/libnds/lib/libnds9.a(timeSupport.o)
                0x000000000200a9c4                __libnds_gtod
 .text.cpuStartTiming
                0x000000000200a9ec       0x3c /opt/devkitpro/libnds/lib/libnds9.a(timers.o)
                0x000000000200a9ec                cpuStartTiming
 .text.cpuGetTiming
                0x000000000200aa28       0x38 /opt/devkitpro/libnds/lib/libnds9.a(timers.o)
                0x000000000200aa28                cpuGetTiming
 .text.irqDummy
                0x000000000200aa60        0x4 /opt/devkitpro/libnds/lib/libnds9.a(interrupts.o)
                0x000000000200aa60                irqDummy
 .text.irqSet   0x000000000200aa64       0x6c /opt/devkitpro/libnds/lib/libnds9.a(interrupts.o)
                0x000000000200aa64                irqSet
 .text.irqInit  0x000000000200aad0       0x50 /opt/devkitpro/libnds/lib/libnds9.a(interrupts.o)
                0x000000000200aad0                irqInit
 .text.irqEnable
                0x000000000200ab20       0x64 /opt/devkitpro/libnds/lib/libnds9.a(interrupts.o)
                0x000000000200ab20                irqEnable
 .text.systemErrorExit
                0x000000000200ab84        0x4 /opt/devkitpro/libnds/lib/libnds9.a(libnds_exit.arm.o)
                0x000000000200ab84                systemErrorExit
 .text.__libnds_exit
                0x000000000200ab88       0x5c /opt/devkitpro/libnds/lib/libnds9.a(libnds_exit.arm.o)
                0x000000000200ab88                __libnds_exit
 .text.cardPolledTransfer
                0x000000000200abe4       0x54 /opt/devkitpro/libnds/lib/libnds9.a(card.o)
                0x000000000200abe4                cardPolledTransfer
 .text.cardParamCommand
                0x000000000200ac38       0x34 /opt/devkitpro/libnds/lib/libnds9.a(card.o)
                0x000000000200ac38                cardParamCommand
 .text.fifo_queueBlock
                0x000000000200ac6c       0x44 /opt/devkitpro/libnds/lib/libnds9.a(fifosystem.o)
 .text.fifo_waitBlock
                0x000000000200acb0       0x80 /opt/devkitpro/libnds/lib/libnds9.a(fifosystem.o)
 .text.fifoInternalSend.part.0
                0x000000000200ad30       0xd4 /opt/devkitpro/libnds/lib/libnds9.a(fifosystem.o)
 .text.fifoInternalSendInterrupt
                0x000000000200ae04       0xa8 /opt/devkitpro/libnds/lib/libnds9.a(fifosystem.o)
 .text.fifoSetValue32Handler
                0x000000000200aeac       0xd8 /opt/devkitpro/libnds/lib/libnds9.a(fifosystem.o)
                0x000000000200aeac                fifoSetValue32Handler
 .text.fifoSendValue32
                0x000000000200af84       0x4c /opt/devkitpro/libnds/lib/libnds9.a(fifosystem.o)
                0x000000000200af84                fifoSendValue32
 .text.fifoSendDatamsg
                0x000000000200afd0       0x90 /opt/devkitpro/libnds/lib/libnds9.a(fifosystem.o)
                0x000000000200afd0                fifoSendDatamsg
 .text.fifoGetValue32
                0x000000000200b060       0x70 /opt/devkitpro/libnds/lib/libnds9.a(fifosystem.o)
                0x000000000200b060                fifoGetValue32
 .text.fifoGetDatamsg
                0x000000000200b0d0       0xf4 /opt/devkitpro/libnds/lib/libnds9.a(fifosystem.o)
                0x000000000200b0d0                fifoGetDatamsg
 .text.fifoInternalRecvInterrupt
                0x000000000200b1c4      0x380 /opt/devkitpro/libnds/lib/libnds9.a(fifosystem.o)
 .text.fifoSetDatamsgHandler
                0x000000000200b544       0x9c /opt/devkitpro/libnds/lib/libnds9.a(fifosystem.o)
                0x000000000200b544                fifoSetDatamsgHandler
 .text.fifoCheckValue32
                0x000000000200b5e0       0x24 /opt/devkitpro/libnds/lib/libnds9.a(fifosystem.o)
                0x000000000200b5e0                fifoCheckValue32
 .text.fifoInit
                0x000000000200b604       0xf8 /opt/devkitpro/libnds/lib/libnds9.a(fifosystem.o)
                0x000000000200b604                fifoInit
 .text.__libnds_mpu_setup
                0x000000000200b6fc      0x174 /opt/devkitpro/libnds/lib/libnds9.a(mpu_setup.o)
                0x000000000200b6fc                __libnds_mpu_setup
 .text.memUncached
                0x000000000200b870       0x20 /opt/devkitpro/libnds/lib/libnds9.a(mpu_setup.o)
                0x000000000200b870                memUncached
 .text.swiIntrWait
                0x000000000200b890       0x70 /opt/devkitpro/libnds/lib/libnds9.a(IntrWait.o)
                0x000000000200b890                swiIntrWait
 .text.setCpuClock
                0x000000000200b900       0x50 /opt/devkitpro/libnds/lib/libnds9.a(cpu_clock.o)
                0x000000000200b900                setCpuClock
 .text.swiSoftReset
                0x000000000200b950       0x2c /opt/devkitpro/libnds/lib/libnds9.a(swiSoftReset.o)
                0x000000000200b950                swiSoftReset
 .text.swiDelay
                0x000000000200b97c        0x4 /opt/devkitpro/libnds/lib/libnds9.a(biosCalls.o)
                0x000000000200b97c                swiDelay
 .text.checkIfText
                0x000000000200b980       0x5c /opt/devkitpro/libnds/lib/libnds9.a(background.o)
                0x000000000200b980                checkIfText
 .text.bgUpdate
                0x000000000200b9dc       0xf4 /opt/devkitpro/libnds/lib/libnds9.a(background.o)
                0x000000000200b9dc                bgUpdate
 .text.bgInit_call
                0x000000000200bad0       0xc4 /opt/devkitpro/libnds/lib/libnds9.a(background.o)
                0x000000000200bad0                bgInit_call
 .text.bgInitSub_call
                0x000000000200bb94       0xcc /opt/devkitpro/libnds/lib/libnds9.a(background.o)
                0x000000000200bb94                bgInitSub_call
 .text.vramDefault
                0x000000000200bc60       0xd0 /opt/devkitpro/libnds/lib/libnds9.a(video.o)
                0x000000000200bc60                vramDefault
 .text.systemValueHandler
                0x000000000200bd30       0x48 /opt/devkitpro/libnds/lib/libnds9.a(system.o)
                0x000000000200bd30                systemValueHandler
 .text.systemMsgHandler
                0x000000000200bd78       0x60 /opt/devkitpro/libnds/lib/libnds9.a(system.o)
                0x000000000200bd78                systemMsgHandler
 .text.powerOn  0x000000000200bdd8       0x2c /opt/devkitpro/libnds/lib/libnds9.a(system.o)
                0x000000000200bdd8                powerOn
 .text.sinLutLookup
                0x000000000200be04       0x38 /opt/devkitpro/libnds/lib/libnds9.a(trig.o)
                0x000000000200be04                sinLutLookup
 .text.sinLerp  0x000000000200be3c       0x40 /opt/devkitpro/libnds/lib/libnds9.a(trig.o)
                0x000000000200be3c                sinLerp
 .text.cosLerp  0x000000000200be7c       0x4c /opt/devkitpro/libnds/lib/libnds9.a(trig.o)
                0x000000000200be7c                cosLerp
 .text.DC_FlushRange
                0x000000000200bec8       0x24 /opt/devkitpro/libnds/lib/libnds9.a(dcache.o)
                0x000000000200bec8                DC_FlushRange
 .text.__muldi3
                0x000000000200beec       0x54 /opt/devkitpro/devkitARM/bin/../lib/gcc/arm-none-eabi/11.1.0/thumb/libgcc.a(_muldi3.o)
                0x000000000200beec                __aeabi_lmul
                0x000000000200beec                __muldi3
 .text.__udivmoddi4
                0x000000000200bf40      0x19c /opt/devkitpro/devkitARM/bin/../lib/gcc/arm-none-eabi/11.1.0/thumb/libgcc.a(_udivmoddi4.o)
                0x000000000200bf40                __udivmoddi4
 .text.calloc   0x000000000200c0dc       0x18 /opt/devkitpro/devkitARM/bin/../lib/gcc/arm-none-eabi/11.1.0/../../../../arm-none-eabi/lib/thumb/libg.a(lib_a-calloc.o)
                0x000000000200c0dc                calloc
 .text._calloc_r
                0x000000000200c0f4       0xb0 /opt/devkitpro/devkitARM/bin/../lib/gcc/arm-none-eabi/11.1.0/../../../../arm-none-eabi/lib/thumb/libg.a(lib_a-callocr.o)
                0x000000000200c0f4                _calloc_r
 .text.__errno  0x000000000200c1a4        0xc /opt/devkitpro/devkitARM/bin/../lib/gcc/arm-none-eabi/11.1.0/../../../../arm-none-eabi/lib/thumb/libg.a(lib_a-errno.o)
                0x000000000200c1a4                __errno
 .text._fopen_r
                0x000000000200c1b0       0xb8 /opt/devkitpro/devkitARM/bin/../lib/gcc/arm-none-eabi/11.1.0/../../../../arm-none-eabi/lib/thumb/libg.a(lib_a-fopen.o)
                0x000000000200c1b0                _fopen_r
 .text.fopen    0x000000000200c268       0x18 /opt/devkitpro/devkitARM/bin/../lib/gcc/arm-none-eabi/11.1.0/../../../../arm-none-eabi/lib/thumb/libg.a(lib_a-fopen.o)
                0x000000000200c268                fopen
 .text._fread_r
                0x000000000200c280      0x1f4 /opt/devkitpro/devkitARM/bin/../lib/gcc/arm-none-eabi/11.1.0/../../../../arm-none-eabi/lib/thumb/libg.a(lib_a-fread.o)
                0x000000000200c280                _fread_r
 .text.fread    0x000000000200c474       0x24 /opt/devkitpro/devkitARM/bin/../lib/gcc/arm-none-eabi/11.1.0/../../../../arm-none-eabi/lib/thumb/libg.a(lib_a-fread.o)
                0x000000000200c474                fread
 .text._malloc_trim_r
                0x000000000200c498       0xa0 /opt/devkitpro/devkitARM/bin/../lib/gcc/arm-none-eabi/11.1.0/../../../../arm-none-eabi/lib/thumb/libg.a(lib_a-freer.o)
                0x000000000200c498                _malloc_trim_r
 .text._free_r  0x000000000200c538      0x1d8 /opt/devkitpro/devkitARM/bin/../lib/gcc/arm-none-eabi/11.1.0/../../../../arm-none-eabi/lib/thumb/libg.a(lib_a-freer.o)
                0x000000000200c538                _free_r
 .text._fseek_r
                0x000000000200c710       0x18 /opt/devkitpro/devkitARM/bin/../lib/gcc/arm-none-eabi/11.1.0/../../../../arm-none-eabi/lib/thumb/libg.a(lib_a-fseek.o)
                0x000000000200c710                _fseek_r
 .text._fseeko_r
                0x000000000200c728      0x41c /opt/devkitpro/devkitARM/bin/../lib/gcc/arm-none-eabi/11.1.0/../../../../arm-none-eabi/lib/thumb/libg.a(lib_a-fseeko.o)
                0x000000000200c728                _fseeko_r
 .text.__libc_init_array
                0x000000000200cb44       0x50 /opt/devkitpro/devkitARM/bin/../lib/gcc/arm-none-eabi/11.1.0/../../../../arm-none-eabi/lib/thumb/libg.a(lib_a-init.o)
                0x000000000200cb44                __libc_init_array
 .text.iprintf  0x000000000200cb94       0x24 /opt/devkitpro/devkitARM/bin/../lib/gcc/arm-none-eabi/11.1.0/../../../../arm-none-eabi/lib/thumb/libg.a(lib_a-iprintf.o)
                0x000000000200cb94                iprintf
 .text.localtime_r
                0x000000000200cbb8      0x244 /opt/devkitpro/devkitARM/bin/../lib/gcc/arm-none-eabi/11.1.0/../../../../arm-none-eabi/lib/thumb/libg.a(lib_a-lcltime_r.o)
                0x000000000200cbb8                localtime_r
 .text.__locale_mb_cur_max
                0x000000000200cdfc       0x10 /opt/devkitpro/devkitARM/bin/../lib/gcc/arm-none-eabi/11.1.0/../../../../arm-none-eabi/lib/thumb/libg.a(lib_a-locale.o)
                0x000000000200cdfc                __locale_mb_cur_max
 .text.__smakebuf_r
                0x000000000200ce0c       0xec /opt/devkitpro/devkitARM/bin/../lib/gcc/arm-none-eabi/11.1.0/../../../../arm-none-eabi/lib/thumb/libg.a(lib_a-makebuf.o)
                0x000000000200ce0c                __smakebuf_r
 .text.__swhatbuf_r
                0x000000000200cef8       0x5c /opt/devkitpro/devkitARM/bin/../lib/gcc/arm-none-eabi/11.1.0/../../../../arm-none-eabi/lib/thumb/libg.a(lib_a-makebuf.o)
                0x000000000200cef8                __swhatbuf_r
 .text.malloc   0x000000000200cf54       0x14 /opt/devkitpro/devkitARM/bin/../lib/gcc/arm-none-eabi/11.1.0/../../../../arm-none-eabi/lib/thumb/libg.a(lib_a-malloc.o)
                0x000000000200cf54                malloc
 .text.free     0x000000000200cf68       0x14 /opt/devkitpro/devkitARM/bin/../lib/gcc/arm-none-eabi/11.1.0/../../../../arm-none-eabi/lib/thumb/libg.a(lib_a-malloc.o)
                0x000000000200cf68                free
 .text._malloc_r
                0x000000000200cf7c      0x58c /opt/devkitpro/devkitARM/bin/../lib/gcc/arm-none-eabi/11.1.0/../../../../arm-none-eabi/lib/thumb/libg.a(lib_a-mallocr.o)
                0x000000000200cf7c                _malloc_r
 .text._mbrtowc_r
                0x000000000200d508       0x60 /opt/devkitpro/devkitARM/bin/../lib/gcc/arm-none-eabi/11.1.0/../../../../arm-none-eabi/lib/thumb/libg.a(lib_a-mbrtowc.o)
                0x000000000200d508                _mbrtowc_r
 .text.mbrtowc  0x000000000200d568       0x7c /opt/devkitpro/devkitARM/bin/../lib/gcc/arm-none-eabi/11.1.0/../../../../arm-none-eabi/lib/thumb/libg.a(lib_a-mbrtowc.o)
                0x000000000200d568                mbrtowc
 .text.mbsrtowcs
                0x000000000200d5e4       0x28 /opt/devkitpro/devkitARM/bin/../lib/gcc/arm-none-eabi/11.1.0/../../../../arm-none-eabi/lib/thumb/libg.a(lib_a-mbsrtowcs.o)
                0x000000000200d5e4                mbsrtowcs
 .text.__utf8_mbtowc
                0x000000000200d60c      0x294 /opt/devkitpro/devkitARM/bin/../lib/gcc/arm-none-eabi/11.1.0/../../../../arm-none-eabi/lib/thumb/libg.a(lib_a-mbtowc_r.o)
                0x000000000200d60c                __utf8_mbtowc
 .text.memcmp   0x000000000200d8a0       0x4c /opt/devkitpro/devkitARM/bin/../lib/gcc/arm-none-eabi/11.1.0/../../../../arm-none-eabi/lib/thumb/libg.a(lib_a-memcmp.o)
                0x000000000200d8a0                memcmp
 .text.memcpy   0x000000000200d8ec       0xa8 /opt/devkitpro/devkitARM/bin/../lib/gcc/arm-none-eabi/11.1.0/../../../../arm-none-eabi/lib/thumb/libg.a(lib_a-memcpy-stub.o)
                0x000000000200d8ec                memcpy
 .text.memmove  0x000000000200d994       0xbc /opt/devkitpro/devkitARM/bin/../lib/gcc/arm-none-eabi/11.1.0/../../../../arm-none-eabi/lib/thumb/libg.a(lib_a-memmove.o)
                0x000000000200d994                memmove
 .text.memset   0x000000000200da50       0xb0 /opt/devkitpro/devkitARM/bin/../lib/gcc/arm-none-eabi/11.1.0/../../../../arm-none-eabi/lib/thumb/libg.a(lib_a-memset.o)
                0x000000000200da50                memset
 .text.validate_structure
                0x000000000200db00      0x1dc /opt/devkitpro/devkitARM/bin/../lib/gcc/arm-none-eabi/11.1.0/../../../../arm-none-eabi/lib/thumb/libg.a(lib_a-mktime.o)
 .text.mktime   0x000000000200dcdc      0x450 /opt/devkitpro/devkitARM/bin/../lib/gcc/arm-none-eabi/11.1.0/../../../../arm-none-eabi/lib/thumb/libg.a(lib_a-mktime.o)
                0x000000000200dcdc                mktime
 .text.__malloc_lock
                0x000000000200e12c       0x14 /opt/devkitpro/devkitARM/bin/../lib/gcc/arm-none-eabi/11.1.0/../../../../arm-none-eabi/lib/thumb/libg.a(lib_a-mlock.o)
                0x000000000200e12c                __malloc_lock
 .text.__malloc_unlock
                0x000000000200e140       0x14 /opt/devkitpro/devkitARM/bin/../lib/gcc/arm-none-eabi/11.1.0/../../../../arm-none-eabi/lib/thumb/libg.a(lib_a-mlock.o)
                0x000000000200e140                __malloc_unlock
 .text.lflush   0x000000000200e154       0x20 /opt/devkitpro/devkitARM/bin/../lib/gcc/arm-none-eabi/11.1.0/../../../../arm-none-eabi/lib/thumb/libg.a(lib_a-refill.o)
 .text.__srefill_r
                0x000000000200e174      0x118 /opt/devkitpro/devkitARM/bin/../lib/gcc/arm-none-eabi/11.1.0/../../../../arm-none-eabi/lib/thumb/libg.a(lib_a-refill.o)
                0x000000000200e174                __srefill_r
 .text.setvbuf  0x000000000200e28c      0x1ac /opt/devkitpro/devkitARM/bin/../lib/gcc/arm-none-eabi/11.1.0/../../../../arm-none-eabi/lib/thumb/libg.a(lib_a-setvbuf.o)
                0x000000000200e28c                setvbuf
 .text.siscanf  0x000000000200e438       0x4c /opt/devkitpro/devkitARM/bin/../lib/gcc/arm-none-eabi/11.1.0/../../../../arm-none-eabi/lib/thumb/libg.a(lib_a-siscanf.o)
                0x000000000200e438                siscanf
 .text.__sread  0x000000000200e484       0x34 /opt/devkitpro/devkitARM/bin/../lib/gcc/arm-none-eabi/11.1.0/../../../../arm-none-eabi/lib/thumb/libg.a(lib_a-stdio.o)
                0x000000000200e484                __sread
 .text.__seofread
                0x000000000200e4b8        0x4 /opt/devkitpro/devkitARM/bin/../lib/gcc/arm-none-eabi/11.1.0/../../../../arm-none-eabi/lib/thumb/libg.a(lib_a-stdio.o)
                0x000000000200e4b8                __seofread
 .text.__swrite
                0x000000000200e4bc       0x4c /opt/devkitpro/devkitARM/bin/../lib/gcc/arm-none-eabi/11.1.0/../../../../arm-none-eabi/lib/thumb/libg.a(lib_a-stdio.o)
                0x000000000200e4bc                __swrite
 .text.__sseek  0x000000000200e508       0x40 /opt/devkitpro/devkitARM/bin/../lib/gcc/arm-none-eabi/11.1.0/../../../../arm-none-eabi/lib/thumb/libg.a(lib_a-stdio.o)
                0x000000000200e508                __sseek
 .text.__sclose
                0x000000000200e548       0x10 /opt/devkitpro/devkitARM/bin/../lib/gcc/arm-none-eabi/11.1.0/../../../../arm-none-eabi/lib/thumb/libg.a(lib_a-stdio.o)
                0x000000000200e548                __sclose
 .text.stpcpy   0x000000000200e558       0x50 /opt/devkitpro/devkitARM/bin/../lib/gcc/arm-none-eabi/11.1.0/../../../../arm-none-eabi/lib/thumb/libg.a(lib_a-stpcpy.o)
                0x000000000200e558                stpcpy
 .text.strcasecmp
                0x000000000200e5a8       0x48 /opt/devkitpro/devkitARM/bin/../lib/gcc/arm-none-eabi/11.1.0/../../../../arm-none-eabi/lib/thumb/libg.a(lib_a-strcasecmp.o)
                0x000000000200e5a8                strcasecmp
 .text.strchr   0x000000000200e5f0       0xc8 /opt/devkitpro/devkitARM/bin/../lib/gcc/arm-none-eabi/11.1.0/../../../../arm-none-eabi/lib/thumb/libg.a(lib_a-strchr.o)
                0x000000000200e5f0                strchr
 .text.strcpy   0x000000000200e6b8       0x10 /opt/devkitpro/devkitARM/bin/../lib/gcc/arm-none-eabi/11.1.0/../../../../arm-none-eabi/lib/thumb/libg.a(lib_a-strcpy.o)
                0x000000000200e6b8                strcpy
 .text.strdup   0x000000000200e6c8       0x14 /opt/devkitpro/devkitARM/bin/../lib/gcc/arm-none-eabi/11.1.0/../../../../arm-none-eabi/lib/thumb/libg.a(lib_a-strdup.o)
                0x000000000200e6c8                strdup
 .text._strdup_r
                0x000000000200e6dc       0x2c /opt/devkitpro/devkitARM/bin/../lib/gcc/arm-none-eabi/11.1.0/../../../../arm-none-eabi/lib/thumb/libg.a(lib_a-strdup_r.o)
                0x000000000200e6dc                _strdup_r
 .text.strlen   0x000000000200e708       0x60 /opt/devkitpro/devkitARM/bin/../lib/gcc/arm-none-eabi/11.1.0/../../../../arm-none-eabi/lib/thumb/libg.a(lib_a-strlen-stub.o)
                0x000000000200e708                strlen
 .text.strncasecmp
                0x000000000200e768       0x54 /opt/devkitpro/devkitARM/bin/../lib/gcc/arm-none-eabi/11.1.0/../../../../arm-none-eabi/lib/thumb/libg.a(lib_a-strncasecmp.o)
                0x000000000200e768                strncasecmp
 .text.strncmp  0x000000000200e7bc       0x78 /opt/devkitpro/devkitARM/bin/../lib/gcc/arm-none-eabi/11.1.0/../../../../arm-none-eabi/lib/thumb/libg.a(lib_a-strncmp.o)
                0x000000000200e7bc                strncmp
 .text.strncpy  0x000000000200e834       0x74 /opt/devkitpro/devkitARM/bin/../lib/gcc/arm-none-eabi/11.1.0/../../../../arm-none-eabi/lib/thumb/libg.a(lib_a-strncpy.o)
                0x000000000200e834                strncpy
 .text.strnlen  0x000000000200e8a8       0x28 /opt/devkitpro/devkitARM/bin/../lib/gcc/arm-none-eabi/11.1.0/../../../../arm-none-eabi/lib/thumb/libg.a(lib_a-strnlen.o)
                0x000000000200e8a8                strnlen
 .text.strpbrk  0x000000000200e8d0       0x3c /opt/devkitpro/devkitARM/bin/../lib/gcc/arm-none-eabi/11.1.0/../../../../arm-none-eabi/lib/thumb/libg.a(lib_a-strpbrk.o)
                0x000000000200e8d0                strpbrk
 .text.strrchr  0x000000000200e90c       0x2c /opt/devkitpro/devkitARM/bin/../lib/gcc/arm-none-eabi/11.1.0/../../../../arm-none-eabi/lib/thumb/libg.a(lib_a-strrchr.o)
                0x000000000200e90c                strrchr
 .text._strtol_l.part.0
                0x000000000200e938      0x144 /opt/devkitpro/devkitARM/bin/../lib/gcc/arm-none-eabi/11.1.0/../../../../arm-none-eabi/lib/thumb/libg.a(lib_a-strtol.o)
 .text._strtol_r
                0x000000000200ea7c       0x20 /opt/devkitpro/devkitARM/bin/../lib/gcc/arm-none-eabi/11.1.0/../../../../arm-none-eabi/lib/thumb/libg.a(lib_a-strtol.o)
                0x000000000200ea7c                _strtol_r
 .text.get_arg  0x000000000200ea9c       0x32 /opt/devkitpro/devkitARM/bin/../lib/gcc/arm-none-eabi/11.1.0/../../../../arm-none-eabi/lib/thumb/libg.a(lib_a-svfiscanf.o)
 .text._sungetc_r
                0x000000000200eace       0x7e /opt/devkitpro/devkitARM/bin/../lib/gcc/arm-none-eabi/11.1.0/../../../../arm-none-eabi/lib/thumb/libg.a(lib_a-svfiscanf.o)
                0x000000000200eace                _sungetc_r
 .text.__ssrefill_r
                0x000000000200eb4c       0x42 /opt/devkitpro/devkitARM/bin/../lib/gcc/arm-none-eabi/11.1.0/../../../../arm-none-eabi/lib/thumb/libg.a(lib_a-svfiscanf.o)
                0x000000000200eb4c                __ssrefill_r
 .text._sfread_r
                0x000000000200eb8e       0x88 /opt/devkitpro/devkitARM/bin/../lib/gcc/arm-none-eabi/11.1.0/../../../../arm-none-eabi/lib/thumb/libg.a(lib_a-svfiscanf.o)
                0x000000000200eb8e                _sfread_r
 *fill*         0x000000000200ec16        0x2 ff
 .text.__ssvfiscanf_r
                0x000000000200ec18     0x1a04 /opt/devkitpro/devkitARM/bin/../lib/gcc/arm-none-eabi/11.1.0/../../../../arm-none-eabi/lib/thumb/libg.a(lib_a-svfiscanf.o)
                0x000000000200ec18                __ssvfiscanf_r
 .text.lseek    0x000000000201061c       0x24 /opt/devkitpro/devkitARM/bin/../lib/gcc/arm-none-eabi/11.1.0/../../../../arm-none-eabi/lib/thumb/libg.a(lib_a-syslseek.o)
                0x000000000201061c                lseek
 .text.open     0x0000000002010640       0x28 /opt/devkitpro/devkitARM/bin/../lib/gcc/arm-none-eabi/11.1.0/../../../../arm-none-eabi/lib/thumb/libg.a(lib_a-sysopen.o)
                0x0000000002010640                open
 .text.read     0x0000000002010668       0x1c /opt/devkitpro/devkitARM/bin/../lib/gcc/arm-none-eabi/11.1.0/../../../../arm-none-eabi/lib/thumb/libg.a(lib_a-sysread.o)
                0x0000000002010668                read
 .text.time     0x0000000002010684       0x34 /opt/devkitpro/devkitARM/bin/../lib/gcc/arm-none-eabi/11.1.0/../../../../arm-none-eabi/lib/thumb/libg.a(lib_a-time.o)
                0x0000000002010684                time
 .text.towlower
                0x00000000020106b8       0x10 /opt/devkitpro/devkitARM/bin/../lib/gcc/arm-none-eabi/11.1.0/../../../../arm-none-eabi/lib/thumb/libg.a(lib_a-towlower.o)
                0x00000000020106b8                towlower
 .text.towupper
                0x00000000020106c8       0x10 /opt/devkitpro/devkitARM/bin/../lib/gcc/arm-none-eabi/11.1.0/../../../../arm-none-eabi/lib/thumb/libg.a(lib_a-towupper.o)
                0x00000000020106c8                towupper
 .text.__tzcalc_limits
                0x00000000020106d8      0x1b4 /opt/devkitpro/devkitARM/bin/../lib/gcc/arm-none-eabi/11.1.0/../../../../arm-none-eabi/lib/thumb/libg.a(lib_a-tzcalc_limits.o)
                0x00000000020106d8                __tzcalc_limits
 .text.__tz_lock
                0x000000000201088c       0x14 /opt/devkitpro/devkitARM/bin/../lib/gcc/arm-none-eabi/11.1.0/../../../../arm-none-eabi/lib/thumb/libg.a(lib_a-tzlock.o)
                0x000000000201088c                __tz_lock
 .text.__tz_unlock
                0x00000000020108a0       0x14 /opt/devkitpro/devkitARM/bin/../lib/gcc/arm-none-eabi/11.1.0/../../../../arm-none-eabi/lib/thumb/libg.a(lib_a-tzlock.o)
                0x00000000020108a0                __tz_unlock
 .text._tzset_unlocked
                0x00000000020108b4       0x10 /opt/devkitpro/devkitARM/bin/../lib/gcc/arm-none-eabi/11.1.0/../../../../arm-none-eabi/lib/thumb/libg.a(lib_a-tzset.o)
                0x00000000020108b4                _tzset_unlocked
 .text._tzset_unlocked_r
                0x00000000020108c4      0x370 /opt/devkitpro/devkitARM/bin/../lib/gcc/arm-none-eabi/11.1.0/../../../../arm-none-eabi/lib/thumb/libg.a(lib_a-tzset_r.o)
                0x00000000020108c4                _tzset_unlocked_r
 .text.__submore
                0x0000000002010c34       0x88 /opt/devkitpro/devkitARM/bin/../lib/gcc/arm-none-eabi/11.1.0/../../../../arm-none-eabi/lib/thumb/libg.a(lib_a-ungetc.o)
                0x0000000002010c34                __submore
 .text.get_arg  0x0000000002010cbc      0x400 /opt/devkitpro/devkitARM/bin/../lib/gcc/arm-none-eabi/11.1.0/../../../../arm-none-eabi/lib/thumb/libg.a(lib_a-vfiprintf.o)
 .text.__sprint_r
                0x00000000020110bc       0x24 /opt/devkitpro/devkitARM/bin/../lib/gcc/arm-none-eabi/11.1.0/../../../../arm-none-eabi/lib/thumb/libg.a(lib_a-vfiprintf.o)
                0x00000000020110bc                __sprint_r
 .text._vfiprintf_r
                0x00000000020110e0     0x1710 /opt/devkitpro/devkitARM/bin/../lib/gcc/arm-none-eabi/11.1.0/../../../../arm-none-eabi/lib/thumb/libg.a(lib_a-vfiprintf.o)
                0x00000000020110e0                _vfiprintf_r
 .text.__sbprintf
                0x00000000020127f0       0x8c /opt/devkitpro/devkitARM/bin/../lib/gcc/arm-none-eabi/11.1.0/../../../../arm-none-eabi/lib/thumb/libg.a(lib_a-vfiprintf.o)
 .text._wcrtomb_r
                0x000000000201287c       0x5c /opt/devkitpro/devkitARM/bin/../lib/gcc/arm-none-eabi/11.1.0/../../../../arm-none-eabi/lib/thumb/libg.a(lib_a-wcrtomb.o)
                0x000000000201287c                _wcrtomb_r
 .text.wcrtomb  0x00000000020128d8       0x74 /opt/devkitpro/devkitARM/bin/../lib/gcc/arm-none-eabi/11.1.0/../../../../arm-none-eabi/lib/thumb/libg.a(lib_a-wcrtomb.o)
                0x00000000020128d8                wcrtomb
 .text._wcsrtombs_r
                0x000000000201294c       0x1c /opt/devkitpro/devkitARM/bin/../lib/gcc/arm-none-eabi/11.1.0/../../../../arm-none-eabi/lib/thumb/libg.a(lib_a-wcsrtombs.o)
                0x000000000201294c                _wcsrtombs_r
 .text.wctob    0x0000000002012968       0x48 /opt/devkitpro/devkitARM/bin/../lib/gcc/arm-none-eabi/11.1.0/../../../../arm-none-eabi/lib/thumb/libg.a(lib_a-wctob.o)
                0x0000000002012968                wctob
 .text.__utf8_wctomb
                0x00000000020129b0       0xb4 /opt/devkitpro/devkitARM/bin/../lib/gcc/arm-none-eabi/11.1.0/../../../../arm-none-eabi/lib/thumb/libg.a(lib_a-wctomb_r.o)
                0x00000000020129b0                __utf8_wctomb
 .text.__swsetup_r
                0x0000000002012a64       0xe4 /opt/devkitpro/devkitARM/bin/../lib/gcc/arm-none-eabi/11.1.0/../../../../arm-none-eabi/lib/thumb/libg.a(lib_a-wsetup.o)
                0x0000000002012a64                __swsetup_r
 .text.div      0x0000000002012b48       0x34 /opt/devkitpro/devkitARM/bin/../lib/gcc/arm-none-eabi/11.1.0/../../../../arm-none-eabi/lib/thumb/libg.a(lib_a-div.o)
                0x0000000002012b48                div
 .text.__sflush_r
                0x0000000002012b7c      0x1c0 /opt/devkitpro/devkitARM/bin/../lib/gcc/arm-none-eabi/11.1.0/../../../../arm-none-eabi/lib/thumb/libg.a(lib_a-fflush.o)
                0x0000000002012b7c                __sflush_r
 .text._fflush_r
                0x0000000002012d3c       0x70 /opt/devkitpro/devkitARM/bin/../lib/gcc/arm-none-eabi/11.1.0/../../../../arm-none-eabi/lib/thumb/libg.a(lib_a-fflush.o)
                0x0000000002012d3c                _fflush_r
 .text.fflush   0x0000000002012dac       0x2c /opt/devkitpro/devkitARM/bin/../lib/gcc/arm-none-eabi/11.1.0/../../../../arm-none-eabi/lib/thumb/libg.a(lib_a-fflush.o)
                0x0000000002012dac                fflush
 .text._cleanup_r
                0x0000000002012dd8       0x14 /opt/devkitpro/devkitARM/bin/../lib/gcc/arm-none-eabi/11.1.0/../../../../arm-none-eabi/lib/thumb/libg.a(lib_a-findfp.o)
                0x0000000002012dd8                _cleanup_r
 .text.__sinit  0x0000000002012dec      0x124 /opt/devkitpro/devkitARM/bin/../lib/gcc/arm-none-eabi/11.1.0/../../../../arm-none-eabi/lib/thumb/libg.a(lib_a-findfp.o)
                0x0000000002012dec                __sinit
 .text.__sfp    0x0000000002012f10       0xdc /opt/devkitpro/devkitARM/bin/../lib/gcc/arm-none-eabi/11.1.0/../../../../arm-none-eabi/lib/thumb/libg.a(lib_a-findfp.o)
                0x0000000002012f10                __sfp
 .text.__sfp_lock_acquire
                0x0000000002012fec       0x14 /opt/devkitpro/devkitARM/bin/../lib/gcc/arm-none-eabi/11.1.0/../../../../arm-none-eabi/lib/thumb/libg.a(lib_a-findfp.o)
                0x0000000002012fec                __sfp_lock_acquire
 .text.__sfp_lock_release
                0x0000000002013000       0x14 /opt/devkitpro/devkitARM/bin/../lib/gcc/arm-none-eabi/11.1.0/../../../../arm-none-eabi/lib/thumb/libg.a(lib_a-findfp.o)
                0x0000000002013000                __sfp_lock_release
 .text.__sflags
                0x0000000002013014       0xa4 /opt/devkitpro/devkitARM/bin/../lib/gcc/arm-none-eabi/11.1.0/../../../../arm-none-eabi/lib/thumb/libg.a(lib_a-flags.o)
                0x0000000002013014                __sflags
 .text.__sfvwrite_r
                0x00000000020130b8      0x34c /opt/devkitpro/devkitARM/bin/../lib/gcc/arm-none-eabi/11.1.0/../../../../arm-none-eabi/lib/thumb/libg.a(lib_a-fvwrite.o)
                0x00000000020130b8                __sfvwrite_r
 .text._fwalk   0x0000000002013404       0x48 /opt/devkitpro/devkitARM/bin/../lib/gcc/arm-none-eabi/11.1.0/../../../../arm-none-eabi/lib/thumb/libg.a(lib_a-fwalk.o)
                0x0000000002013404                _fwalk
 .text._fwalk_reent
                0x000000000201344c       0x50 /opt/devkitpro/devkitARM/bin/../lib/gcc/arm-none-eabi/11.1.0/../../../../arm-none-eabi/lib/thumb/libg.a(lib_a-fwalk.o)
                0x000000000201344c                _fwalk_reent
 .text._findenv_r
                0x000000000201349c       0x94 /opt/devkitpro/devkitARM/bin/../lib/gcc/arm-none-eabi/11.1.0/../../../../arm-none-eabi/lib/thumb/libg.a(lib_a-getenv_r.o)
                0x000000000201349c                _findenv_r
 .text._getenv_r
                0x0000000002013530       0x10 /opt/devkitpro/devkitARM/bin/../lib/gcc/arm-none-eabi/11.1.0/../../../../arm-none-eabi/lib/thumb/libg.a(lib_a-getenv_r.o)
                0x0000000002013530                _getenv_r
 .text.__gettzinfo
                0x0000000002013540        0x8 /opt/devkitpro/devkitARM/bin/../lib/gcc/arm-none-eabi/11.1.0/../../../../arm-none-eabi/lib/thumb/libg.a(lib_a-gettzinfo.o)
                0x0000000002013540                __gettzinfo
 .text.gmtime_r
                0x0000000002013548      0x1c8 /opt/devkitpro/devkitARM/bin/../lib/gcc/arm-none-eabi/11.1.0/../../../../arm-none-eabi/lib/thumb/libg.a(lib_a-gmtime_r.o)
                0x0000000002013548                gmtime_r
 .text.iswspace
                0x0000000002013710       0x10 /opt/devkitpro/devkitARM/bin/../lib/gcc/arm-none-eabi/11.1.0/../../../../arm-none-eabi/lib/thumb/libg.a(lib_a-iswspace.o)
                0x0000000002013710                iswspace
 .text._localeconv_r
                0x0000000002013720        0x8 /opt/devkitpro/devkitARM/bin/../lib/gcc/arm-none-eabi/11.1.0/../../../../arm-none-eabi/lib/thumb/libg.a(lib_a-localeconv.o)
                0x0000000002013720                _localeconv_r
 .text._mbsnrtowcs_r
                0x0000000002013728       0xbc /opt/devkitpro/devkitARM/bin/../lib/gcc/arm-none-eabi/11.1.0/../../../../arm-none-eabi/lib/thumb/libg.a(lib_a-mbsnrtowcs.o)
                0x0000000002013728                _mbsnrtowcs_r
 .text.memchr   0x00000000020137e4       0x78 /opt/devkitpro/devkitARM/bin/../lib/gcc/arm-none-eabi/11.1.0/../../../../arm-none-eabi/lib/thumb/libg.a(lib_a-memchr-stub.o)
                0x00000000020137e4                memchr
 .text.realloc  0x000000000201385c       0x18 /opt/devkitpro/devkitARM/bin/../lib/gcc/arm-none-eabi/11.1.0/../../../../arm-none-eabi/lib/thumb/libg.a(lib_a-realloc.o)
                0x000000000201385c                realloc
 .text._realloc_r
                0x0000000002013874      0x380 /opt/devkitpro/devkitARM/bin/../lib/gcc/arm-none-eabi/11.1.0/../../../../arm-none-eabi/lib/thumb/libg.a(lib_a-reallocr.o)
                0x0000000002013874                _realloc_r
 .text.__sccl   0x0000000002013bf4       0x90 /opt/devkitpro/devkitARM/bin/../lib/gcc/arm-none-eabi/11.1.0/../../../../arm-none-eabi/lib/thumb/libg.a(lib_a-sccl.o)
                0x0000000002013bf4                __sccl
 .text._strtoll_l.constprop.0
                0x0000000002013c84      0x1a4 /opt/devkitpro/devkitARM/bin/../lib/gcc/arm-none-eabi/11.1.0/../../../../arm-none-eabi/lib/thumb/libg.a(lib_a-strtoll.o)
 .text._strtoll_r
                0x0000000002013e28        0xc /opt/devkitpro/devkitARM/bin/../lib/gcc/arm-none-eabi/11.1.0/../../../../arm-none-eabi/lib/thumb/libg.a(lib_a-strtoll.o)
                0x0000000002013e28                _strtoll_r
 .text._strtoull_l.constprop.0
                0x0000000002013e34      0x1c0 /opt/devkitpro/devkitARM/bin/../lib/gcc/arm-none-eabi/11.1.0/../../../../arm-none-eabi/lib/thumb/libg.a(lib_a-strtoull.o)
 .text._strtoull_r
                0x0000000002013ff4        0xc /opt/devkitpro/devkitARM/bin/../lib/gcc/arm-none-eabi/11.1.0/../../../../arm-none-eabi/lib/thumb/libg.a(lib_a-strtoull.o)
                0x0000000002013ff4                _strtoull_r
 .text._strtoul_l.constprop.0
                0x0000000002014000      0x148 /opt/devkitpro/devkitARM/bin/../lib/gcc/arm-none-eabi/11.1.0/../../../../arm-none-eabi/lib/thumb/libg.a(lib_a-strtoul.o)
 .text._strtoul_r
                0x0000000002014148        0xc /opt/devkitpro/devkitARM/bin/../lib/gcc/arm-none-eabi/11.1.0/../../../../arm-none-eabi/lib/thumb/libg.a(lib_a-strtoul.o)
                0x0000000002014148                _strtoul_r
 .text.strtoul  0x0000000002014154       0x1c /opt/devkitpro/devkitARM/bin/../lib/gcc/arm-none-eabi/11.1.0/../../../../arm-none-eabi/lib/thumb/libg.a(lib_a-strtoul.o)
                0x0000000002014154                strtoul
 .text.towctrans
                0x0000000002014170       0x28 /opt/devkitpro/devkitARM/bin/../lib/gcc/arm-none-eabi/11.1.0/../../../../arm-none-eabi/lib/thumb/libg.a(lib_a-towctrans.o)
                0x0000000002014170                towctrans
 .text._wcsnrtombs_l
                0x0000000002014198      0x110 /opt/devkitpro/devkitARM/bin/../lib/gcc/arm-none-eabi/11.1.0/../../../../arm-none-eabi/lib/thumb/libg.a(lib_a-wcsnrtombs.o)
                0x0000000002014198                _wcsnrtombs_l
 .text._wcsnrtombs_r
                0x00000000020142a8       0x30 /opt/devkitpro/devkitARM/bin/../lib/gcc/arm-none-eabi/11.1.0/../../../../arm-none-eabi/lib/thumb/libg.a(lib_a-wcsnrtombs.o)
                0x00000000020142a8                _wcsnrtombs_r
 .text.__env_lock
                0x00000000020142d8       0x14 /opt/devkitpro/devkitARM/bin/../lib/gcc/arm-none-eabi/11.1.0/../../../../arm-none-eabi/lib/thumb/libg.a(lib_a-envlock.o)
                0x00000000020142d8                __env_lock
 .text.__env_unlock
                0x00000000020142ec       0x14 /opt/devkitpro/devkitARM/bin/../lib/gcc/arm-none-eabi/11.1.0/../../../../arm-none-eabi/lib/thumb/libg.a(lib_a-envlock.o)
                0x00000000020142ec                __env_unlock
 .text._fclose_r
                0x0000000002014300       0xe8 /opt/devkitpro/devkitARM/bin/../lib/gcc/arm-none-eabi/11.1.0/../../../../arm-none-eabi/lib/thumb/libg.a(lib_a-fclose.o)
                0x0000000002014300                _fclose_r
 .text.iswspace_l
                0x00000000020143e8       0x2c /opt/devkitpro/devkitARM/bin/../lib/gcc/arm-none-eabi/11.1.0/../../../../arm-none-eabi/lib/thumb/libg.a(lib_a-iswspace_l.o)
                0x00000000020143e8                iswspace_l
 .text.__jp2uc  0x0000000002014414      0x154 /opt/devkitpro/devkitARM/bin/../lib/gcc/arm-none-eabi/11.1.0/../../../../arm-none-eabi/lib/thumb/libg.a(lib_a-jp2uc.o)
 .text._jp2uc_l
                0x0000000002014568       0x6c /opt/devkitpro/devkitARM/bin/../lib/gcc/arm-none-eabi/11.1.0/../../../../arm-none-eabi/lib/thumb/libg.a(lib_a-jp2uc.o)
                0x0000000002014568                _jp2uc_l
 .text._uc2jp_l
                0x00000000020145d4       0x4c /opt/devkitpro/devkitARM/bin/../lib/gcc/arm-none-eabi/11.1.0/../../../../arm-none-eabi/lib/thumb/libg.a(lib_a-jp2uc.o)
                0x00000000020145d4                _uc2jp_l
 .text.towctrans_l
                0x0000000002014620      0x1b4 /opt/devkitpro/devkitARM/bin/../lib/gcc/arm-none-eabi/11.1.0/../../../../arm-none-eabi/lib/thumb/libg.a(lib_a-towctrans_l.o)
                0x0000000002014620                towctrans_l
 .text.category
                0x00000000020147d4       0x54 /opt/devkitpro/devkitARM/bin/../lib/gcc/arm-none-eabi/11.1.0/../../../../arm-none-eabi/lib/thumb/libg.a(lib_a-categories.o)
                0x00000000020147d4                category
 .text.null_write
                0x0000000002014828        0x4 /opt/devkitpro/devkitARM/bin/../lib/gcc/arm-none-eabi/11.1.0/../../../../arm-none-eabi/lib/thumb/libsysbase.a(iosupport.o)
 .text.setDefaultDevice
                0x000000000201482c       0x10 /opt/devkitpro/devkitARM/bin/../lib/gcc/arm-none-eabi/11.1.0/../../../../arm-none-eabi/lib/thumb/libsysbase.a(iosupport.o)
                0x000000000201482c                setDefaultDevice
 .text.FindDevice
                0x000000000201483c       0x98 /opt/devkitpro/devkitARM/bin/../lib/gcc/arm-none-eabi/11.1.0/../../../../arm-none-eabi/lib/thumb/libsysbase.a(iosupport.o)
                0x000000000201483c                FindDevice
 .text.AddDevice
                0x00000000020148d4       0x78 /opt/devkitpro/devkitARM/bin/../lib/gcc/arm-none-eabi/11.1.0/../../../../arm-none-eabi/lib/thumb/libsysbase.a(iosupport.o)
                0x00000000020148d4                AddDevice
 .text.GetDeviceOpTab
                0x000000000201494c       0x20 /opt/devkitpro/devkitARM/bin/../lib/gcc/arm-none-eabi/11.1.0/../../../../arm-none-eabi/lib/thumb/libsysbase.a(iosupport.o)
                0x000000000201494c                GetDeviceOpTab
 .text._fstat_r
                0x000000000201496c       0x4c /opt/devkitpro/devkitARM/bin/../lib/gcc/arm-none-eabi/11.1.0/../../../../arm-none-eabi/lib/thumb/libsysbase.a(fstat.o)
                0x000000000201496c                _fstat_r
 .text._gettimeofday_r
                0x00000000020149b8       0x28 /opt/devkitpro/devkitARM/bin/../lib/gcc/arm-none-eabi/11.1.0/../../../../arm-none-eabi/lib/thumb/libsysbase.a(gettod.o)
                0x00000000020149b8                _gettimeofday_r
 .text._isatty_r
                0x00000000020149e0        0x4 /opt/devkitpro/devkitARM/bin/../lib/gcc/arm-none-eabi/11.1.0/../../../../arm-none-eabi/lib/thumb/libsysbase.a(isatty.o)
                0x00000000020149e0                _isatty_r
 .text._lseek_r
                0x00000000020149e4       0x5c /opt/devkitpro/devkitARM/bin/../lib/gcc/arm-none-eabi/11.1.0/../../../../arm-none-eabi/lib/thumb/libsysbase.a(lseek.o)
                0x00000000020149e4                _lseek_r
 .text._open_r  0x0000000002014a40       0x9c /opt/devkitpro/devkitARM/bin/../lib/gcc/arm-none-eabi/11.1.0/../../../../arm-none-eabi/lib/thumb/libsysbase.a(open.o)
                0x0000000002014a40                _open_r
 .text._read_r  0x0000000002014adc       0x50 /opt/devkitpro/devkitARM/bin/../lib/gcc/arm-none-eabi/11.1.0/../../../../arm-none-eabi/lib/thumb/libsysbase.a(read.o)
                0x0000000002014adc                _read_r
 .text._sbrk_r  0x0000000002014b2c       0x54 /opt/devkitpro/devkitARM/bin/../lib/gcc/arm-none-eabi/11.1.0/../../../../arm-none-eabi/lib/thumb/libsysbase.a(sbrk.o)
                0x0000000002014b2c                _sbrk_r
 .text._write_r
                0x0000000002014b80       0x50 /opt/devkitpro/devkitARM/bin/../lib/gcc/arm-none-eabi/11.1.0/../../../../arm-none-eabi/lib/thumb/libsysbase.a(write.o)
                0x0000000002014b80                _write_r
 .text._concatenate_path
                0x0000000002014bd0      0x128 /opt/devkitpro/devkitARM/bin/../lib/gcc/arm-none-eabi/11.1.0/../../../../arm-none-eabi/lib/thumb/libsysbase.a(chdir.o)
                0x0000000002014bd0                _concatenate_path
 .text.chdir    0x0000000002014cf8       0xf0 /opt/devkitpro/devkitARM/bin/../lib/gcc/arm-none-eabi/11.1.0/../../../../arm-none-eabi/lib/thumb/libsysbase.a(chdir.o)
                0x0000000002014cf8                chdir
 .text.getcwd   0x0000000002014de8       0x60 /opt/devkitpro/devkitARM/bin/../lib/gcc/arm-none-eabi/11.1.0/../../../../arm-none-eabi/lib/thumb/libsysbase.a(chdir.o)
                0x0000000002014de8                getcwd
 .text.build_argv
                0x0000000002014e48       0x4c /opt/devkitpro/devkitARM/bin/../lib/gcc/arm-none-eabi/11.1.0/../../../../arm-none-eabi/lib/thumb/libsysbase.a(build_argv.o)
                0x0000000002014e48                build_argv
 .text.__flockfile
                0x0000000002014e94       0x10 /opt/devkitpro/devkitARM/bin/../lib/gcc/arm-none-eabi/11.1.0/../../../../arm-none-eabi/lib/thumb/libsysbase.a(flock.o)
                0x0000000002014e94                __flockfile
 .text.__funlockfile
                0x0000000002014ea4       0x10 /opt/devkitpro/devkitARM/bin/../lib/gcc/arm-none-eabi/11.1.0/../../../../arm-none-eabi/lib/thumb/libsysbase.a(flock.o)
                0x0000000002014ea4                __funlockfile
 .text.__libc_lock_acquire
                0x0000000002014eb4       0x1c /opt/devkitpro/devkitARM/bin/../lib/gcc/arm-none-eabi/11.1.0/../../../../arm-none-eabi/lib/thumb/libsysbase.a(syscall_support.o)
                0x0000000002014eb4                __libc_lock_acquire
 .text.__libc_lock_release
                0x0000000002014ed0       0x1c /opt/devkitpro/devkitARM/bin/../lib/gcc/arm-none-eabi/11.1.0/../../../../arm-none-eabi/lib/thumb/libsysbase.a(syscall_support.o)
                0x0000000002014ed0                __libc_lock_release
 .text.__libc_lock_init_recursive
                0x0000000002014eec       0x1c /opt/devkitpro/devkitARM/bin/../lib/gcc/arm-none-eabi/11.1.0/../../../../arm-none-eabi/lib/thumb/libsysbase.a(syscall_support.o)
                0x0000000002014eec                __libc_lock_init_recursive
 .text.__libc_lock_acquire_recursive
                0x0000000002014f08       0x1c /opt/devkitpro/devkitARM/bin/../lib/gcc/arm-none-eabi/11.1.0/../../../../arm-none-eabi/lib/thumb/libsysbase.a(syscall_support.o)
                0x0000000002014f08                __libc_lock_acquire_recursive
 .text.__libc_lock_release_recursive
                0x0000000002014f24       0x1c /opt/devkitpro/devkitARM/bin/../lib/gcc/arm-none-eabi/11.1.0/../../../../arm-none-eabi/lib/thumb/libsysbase.a(syscall_support.o)
                0x0000000002014f24                __libc_lock_release_recursive
 .text.__libc_lock_close_recursive
                0x0000000002014f40       0x1c /opt/devkitpro/devkitARM/bin/../lib/gcc/arm-none-eabi/11.1.0/../../../../arm-none-eabi/lib/thumb/libsysbase.a(syscall_support.o)
                0x0000000002014f40                __libc_lock_close_recursive
 .text.__release_handle
                0x0000000002014f5c       0x68 /opt/devkitpro/devkitARM/bin/../lib/gcc/arm-none-eabi/11.1.0/../../../../arm-none-eabi/lib/thumb/libsysbase.a(handle_manager.o)
                0x0000000002014f5c                __release_handle
 .text.__alloc_handle
                0x0000000002014fc4       0x80 /opt/devkitpro/devkitARM/bin/../lib/gcc/arm-none-eabi/11.1.0/../../../../arm-none-eabi/lib/thumb/libsysbase.a(handle_manager.o)
                0x0000000002014fc4                __alloc_handle
 .text.__get_handle
                0x0000000002015044       0x34 /opt/devkitpro/devkitARM/bin/../lib/gcc/arm-none-eabi/11.1.0/../../../../arm-none-eabi/lib/thumb/libsysbase.a(handle_manager.o)
                0x0000000002015044                __get_handle
 .text._close_r
                0x0000000002015078       0xb8 /opt/devkitpro/devkitARM/bin/../lib/gcc/arm-none-eabi/11.1.0/../../../../arm-none-eabi/lib/thumb/libsysbase.a(handle_manager.o)
                0x0000000002015078                _close_r
 .text.__getreent
                0x0000000002015130       0x28 /opt/devkitpro/devkitARM/bin/../lib/gcc/arm-none-eabi/11.1.0/../../../../arm-none-eabi/lib/thumb/libsysbase.a(getreent.o)
                0x0000000002015130                __getreent
 .text.__getreent.__stub
                0x0000000002015158       0x90 linker stubs
 *(EXCLUDE_FILE(*.twl*) .gnu.warning)
 *(EXCLUDE_FILE(*.twl*) .gnu.linkonce.t*)
 *(.glue_7)
 .glue_7        0x00000000020151f8        0x0 linker stubs
 *(.glue_7t)
 .glue_7t       0x00000000020151f8        0x0 linker stubs
                0x00000000020151f8                . = ALIGN (0x4)

.vfp11_veneer   0x00000000020151f8        0x0
 .vfp11_veneer  0x00000000020151f8        0x0 linker stubs

.v4_bx          0x00000000020151f8        0x0
 .v4_bx         0x00000000020151f8        0x0 linker stubs

.iplt           0x00000000020151f8        0x0
 .iplt          0x00000000020151f8        0x0 /opt/devkitpro/devkitARM/bin/../lib/gcc/arm-none-eabi/11.1.0/../../../../arm-none-eabi/lib/thumb/ds_arm9_crt0.o

.fini           0x00000000020151f8        0xc
 *(.fini)
 .fini          0x00000000020151f8        0x4 /opt/devkitpro/devkitARM/bin/../lib/gcc/arm-none-eabi/11.1.0/thumb/crti.o
                0x00000000020151f8                _fini
 .fini          0x00000000020151fc        0x8 /opt/devkitpro/devkitARM/bin/../lib/gcc/arm-none-eabi/11.1.0/thumb/crtn.o
                0x0000000002015204                __text_end = .

.rodata         0x0000000002015220     0x914c
 *(EXCLUDE_FILE(*.twl*) .rodata)
 *all.rodata*(*)
 *(EXCLUDE_FILE(*.twl*) .roda)
 *(EXCLUDE_FILE(*.twl*) .rodata.*)
 .rodata.str1.4
                0x0000000002015220      0x193 directory.o
 *fill*         0x00000000020153b3        0x1 ff
 .rodata.nitroFSInit.str1.4
                0x00000000020153b4        0x8 /opt/devkitpro/libnds/lib/libfilesystem.a(nitrofs.o)
 .rodata.str1.4
                0x00000000020153bc        0xe /opt/devkitpro/libnds/lib/libfilesystem.a(nitrofs.o)
 *fill*         0x00000000020153ca        0x2 ff
 .rodata.fatMount.part.0.str1.4
                0x00000000020153cc        0x2 /opt/devkitpro/libnds/lib/libfat.a(libfat.o)
 *fill*         0x00000000020153ce        0x2 ff
 .rodata.fatInit.str1.4
                0x00000000020153d0        0x3 /opt/devkitpro/libnds/lib/libfat.a(libfat.o)
 *fill*         0x00000000020153d3        0x1 ff
 .rodata.str1.4
                0x00000000020153d4        0x4 /opt/devkitpro/libnds/lib/libfat.a(libfat.o)
 .rodata.dotab_fat
                0x00000000020153d8       0x70 /opt/devkitpro/libnds/lib/libfat.a(libfat.o)
 .rodata.str1.4
                0x0000000002015448        0x3 /opt/devkitpro/libnds/lib/libfat.a(disc.o)
                                          0x8 (size before relaxing)
 *fill*         0x000000000201544b        0x1 ff
 .rodata._FAT_disc_interfaces
                0x000000000201544c       0x18 /opt/devkitpro/libnds/lib/libfat.a(disc.o)
                0x000000000201544c                _FAT_disc_interfaces
 .rodata._FAT_directory_entryFromPath.str1.4
                0x0000000002015464        0x7 /opt/devkitpro/libnds/lib/libfat.a(directory.o)
 .rodata.ILLEGAL_ALIAS_CHARACTERS
                0x0000000002015464       0x12 /opt/devkitpro/libnds/lib/libfat.a(directory.o)
 *fill*         0x0000000002015476        0x2 ff
 .rodata.ILLEGAL_LFN_CHARACTERS
                0x0000000002015478        0xa /opt/devkitpro/libnds/lib/libfat.a(directory.o)
 *fill*         0x0000000002015482        0x2 ff
 .rodata.LFN_offset_table
                0x0000000002015484       0x34 /opt/devkitpro/libnds/lib/libfat.a(directory.o)
 .rodata.FAT_SIG
                0x00000000020154b8        0x3 /opt/devkitpro/libnds/lib/libfat.a(partition.o)
 *fill*         0x00000000020154bb        0x1 ff
 .rodata.FS_TWL_SIG
                0x00000000020154bc        0x8 /opt/devkitpro/libnds/lib/libfat.a(partition.o)
 .rodata.con_write.str1.4
                0x00000000020154c4       0x30 /opt/devkitpro/libnds/lib/libnds9.a(console.o)
 .rodata.con_write
                0x00000000020154f4       0xd4 /opt/devkitpro/libnds/lib/libnds9.a(console.o)
 .rodata.str1.4
                0x00000000020155c8       0x14 /opt/devkitpro/libnds/lib/libnds9.a(console.o)
 .rodata.dotab_stdout
                0x00000000020155dc       0x70 /opt/devkitpro/libnds/lib/libnds9.a(console.o)
 *fill*         0x000000000201564c       0x14 ff
 .rodata.default_font_bin
                0x0000000002015660     0x2000 /opt/devkitpro/libnds/lib/libnds9.a(default_font.bin.o)
                0x0000000002015660                default_font_bin
                0x0000000002017660                default_font_bin_end
 .rodata.SIN_LUT
                0x0000000002017660      0x102 /opt/devkitpro/libnds/lib/libnds9.a(trig.o)
                0x0000000002017660                SIN_LUT
 *fill*         0x0000000002017762        0x2 ff
 .rodata._ctype_
                0x0000000002017764      0x101 /opt/devkitpro/devkitARM/bin/../lib/gcc/arm-none-eabi/11.1.0/../../../../arm-none-eabi/lib/thumb/libg.a(lib_a-ctype_.o)
                0x0000000002017764                _ctype_
 *fill*         0x0000000002017865        0x3 ff
 .rodata.str1.4
                0x0000000002017868       0x44 /opt/devkitpro/devkitARM/bin/../lib/gcc/arm-none-eabi/11.1.0/../../../../arm-none-eabi/lib/thumb/libg.a(lib_a-locale.o)
                                         0x4c (size before relaxing)
 .rodata._mbrtowc_r.str1.4
                0x00000000020178ac        0x1 /opt/devkitpro/devkitARM/bin/../lib/gcc/arm-none-eabi/11.1.0/../../../../arm-none-eabi/lib/thumb/libg.a(lib_a-mbrtowc.o)
 .rodata.DAYS_IN_MONTH
                0x00000000020178ac       0x30 /opt/devkitpro/devkitARM/bin/../lib/gcc/arm-none-eabi/11.1.0/../../../../arm-none-eabi/lib/thumb/libg.a(lib_a-mktime.o)
 .rodata._DAYS_BEFORE_MONTH
                0x00000000020178dc       0x30 /opt/devkitpro/devkitARM/bin/../lib/gcc/arm-none-eabi/11.1.0/../../../../arm-none-eabi/lib/thumb/libg.a(lib_a-mktime.o)
 .rodata.__month_lengths
                0x000000000201790c       0x60 /opt/devkitpro/devkitARM/bin/../lib/gcc/arm-none-eabi/11.1.0/../../../../arm-none-eabi/lib/thumb/libg.a(lib_a-month_lengths.o)
                0x000000000201790c                __month_lengths
 .rodata.basefix.0
                0x000000000201796c       0x22 /opt/devkitpro/devkitARM/bin/../lib/gcc/arm-none-eabi/11.1.0/../../../../arm-none-eabi/lib/thumb/libg.a(lib_a-svfiscanf.o)
 *fill*         0x000000000201798e        0x2 ff
 .rodata._tzset_unlocked_r.str1.4
                0x0000000002017990       0x53 /opt/devkitpro/devkitARM/bin/../lib/gcc/arm-none-eabi/11.1.0/../../../../arm-none-eabi/lib/thumb/libg.a(lib_a-tzset_r.o)
 .rodata.str1.4
                0x00000000020179e3        0x4 /opt/devkitpro/devkitARM/bin/../lib/gcc/arm-none-eabi/11.1.0/../../../../arm-none-eabi/lib/thumb/libg.a(lib_a-tzvars.o)
 .rodata._vfiprintf_r.str1.1
                0x00000000020179e3       0x29 /opt/devkitpro/devkitARM/bin/../lib/gcc/arm-none-eabi/11.1.0/../../../../arm-none-eabi/lib/thumb/libg.a(lib_a-vfiprintf.o)
 .rodata.blanks.1
                0x0000000002017a0c       0x10 /opt/devkitpro/devkitARM/bin/../lib/gcc/arm-none-eabi/11.1.0/../../../../arm-none-eabi/lib/thumb/libg.a(lib_a-vfiprintf.o)
 .rodata.zeroes.0
                0x0000000002017a1c       0x10 /opt/devkitpro/devkitARM/bin/../lib/gcc/arm-none-eabi/11.1.0/../../../../arm-none-eabi/lib/thumb/libg.a(lib_a-vfiprintf.o)
 .rodata._global_impure_ptr
                0x0000000002017a2c        0x4 /opt/devkitpro/devkitARM/bin/../lib/gcc/arm-none-eabi/11.1.0/../../../../arm-none-eabi/lib/thumb/libg.a(lib_a-impure.o)
                0x0000000002017a2c                _global_impure_ptr
 .rodata.__action_table
                0x0000000002017a30       0x6c /opt/devkitpro/devkitARM/bin/../lib/gcc/arm-none-eabi/11.1.0/../../../../arm-none-eabi/lib/thumb/libg.a(lib_a-svfiprintf.o)
                0x0000000002017a30                __action_table
 .rodata.__chclass
                0x0000000002017a9c      0x100 /opt/devkitpro/devkitARM/bin/../lib/gcc/arm-none-eabi/11.1.0/../../../../arm-none-eabi/lib/thumb/libg.a(lib_a-svfiprintf.o)
                0x0000000002017a9c                __chclass
 .rodata.__state_table
                0x0000000002017b9c       0x6c /opt/devkitpro/devkitARM/bin/../lib/gcc/arm-none-eabi/11.1.0/../../../../arm-none-eabi/lib/thumb/libg.a(lib_a-svfiprintf.o)
                0x0000000002017b9c                __state_table
 .rodata.__jp2uc
                0x0000000002017c08       0x20 /opt/devkitpro/devkitARM/bin/../lib/gcc/arm-none-eabi/11.1.0/../../../../arm-none-eabi/lib/thumb/libg.a(lib_a-jp2uc.o)
 .rodata._jp2uc_l.str1.4
                0x0000000002017c28       0x12 /opt/devkitpro/devkitARM/bin/../lib/gcc/arm-none-eabi/11.1.0/../../../../arm-none-eabi/lib/thumb/libg.a(lib_a-jp2uc.o)
 *fill*         0x0000000002017c3a        0x2 ff
 .rodata.a1     0x0000000002017c3c       0xbc /opt/devkitpro/devkitARM/bin/../lib/gcc/arm-none-eabi/11.1.0/../../../../arm-none-eabi/lib/thumb/libg.a(lib_a-jp2uc.o)
 .rodata.a2     0x0000000002017cf8       0xbc /opt/devkitpro/devkitARM/bin/../lib/gcc/arm-none-eabi/11.1.0/../../../../arm-none-eabi/lib/thumb/libg.a(lib_a-jp2uc.o)
 .rodata.a3     0x0000000002017db4       0x5b /opt/devkitpro/devkitARM/bin/../lib/gcc/arm-none-eabi/11.1.0/../../../../arm-none-eabi/lib/thumb/libg.a(lib_a-jp2uc.o)
 *fill*         0x0000000002017e0f        0x1 ff
 .rodata.a6     0x0000000002017e10       0x70 /opt/devkitpro/devkitARM/bin/../lib/gcc/arm-none-eabi/11.1.0/../../../../arm-none-eabi/lib/thumb/libg.a(lib_a-jp2uc.o)
 .rodata.a7     0x0000000002017e80       0xa2 /opt/devkitpro/devkitARM/bin/../lib/gcc/arm-none-eabi/11.1.0/../../../../arm-none-eabi/lib/thumb/libg.a(lib_a-jp2uc.o)
 *fill*         0x0000000002017f22        0x2 ff
 .rodata.a8     0x0000000002017f24       0x40 /opt/devkitpro/devkitARM/bin/../lib/gcc/arm-none-eabi/11.1.0/../../../../arm-none-eabi/lib/thumb/libg.a(lib_a-jp2uc.o)
 .rodata.b02cf  0x0000000002017f64     0x172a /opt/devkitpro/devkitARM/bin/../lib/gcc/arm-none-eabi/11.1.0/../../../../arm-none-eabi/lib/thumb/libg.a(lib_a-jp2uc.o)
 *fill*         0x000000000201968e        0x2 ff
 .rodata.d02f4  0x0000000002019690     0x1a7c /opt/devkitpro/devkitARM/bin/../lib/gcc/arm-none-eabi/11.1.0/../../../../arm-none-eabi/lib/thumb/libg.a(lib_a-jp2uc.o)
 .rodata.categories
                0x000000000201b10c     0x31e6 /opt/devkitpro/devkitARM/bin/../lib/gcc/arm-none-eabi/11.1.0/../../../../arm-none-eabi/lib/thumb/libg.a(lib_a-categories.o)
 *fill*         0x000000000201e2f2        0x2 ff
 .rodata.AddDevice.str1.4
                0x000000000201e2f4        0x8 /opt/devkitpro/devkitARM/bin/../lib/gcc/arm-none-eabi/11.1.0/../../../../arm-none-eabi/lib/thumb/libsysbase.a(iosupport.o)
 .rodata.dotab_stdnull
                0x000000000201e2fc       0x70 /opt/devkitpro/devkitARM/bin/../lib/gcc/arm-none-eabi/11.1.0/../../../../arm-none-eabi/lib/thumb/libsysbase.a(iosupport.o)
                0x000000000201e2fc                dotab_stdnull
 *(EXCLUDE_FILE(*.twl*) .gnu.linkonce.r*)
                0x000000000201e36c                . = ALIGN (0x4)

.ARM.extab
 *(.ARM.extab* .gnu.linkonce.armextab.*)
                0x000000000201e36c                __exidx_start = .

ARM.exidx
 *(.ARM.exidx* .gnu.linkonce.armexidx.*)
                0x000000000201e36c                __exidx_end = .
                0x000000000201e36c                . = ALIGN (0x4)
                0x000000000201e36c                PROVIDE (__preinit_array_start = .)

.preinit_array
 *(.preinit_array)
                0x000000000201e36c                PROVIDE (__preinit_array_end = .)
                0x000000000201e36c                PROVIDE (__init_array_start = .)

.init_array     0x000000000201e36c        0x4
 *(SORT_BY_NAME(.init_array.*))
 *(.init_array)
 .init_array    0x000000000201e36c        0x4 /opt/devkitpro/devkitARM/bin/../lib/gcc/arm-none-eabi/11.1.0/thumb/crtbegin.o
                0x000000000201e370                PROVIDE (__init_array_end = .)
                [!provide]                        PROVIDE (__fini_array_start = .)

.fini_array     0x000000000201e370        0x4
 *(.fini_array)
 .fini_array    0x000000000201e370        0x4 /opt/devkitpro/devkitARM/bin/../lib/gcc/arm-none-eabi/11.1.0/thumb/crtbegin.o
 *(SORT_BY_NAME(.fini_array.*))
                [!provide]                        PROVIDE (__fini_array_end = .)

.ctors          0x000000000201e374        0x0
 *crtbegin.o(.ctors)
 *(EXCLUDE_FILE(*crtend.o) .ctors)
 *(SORT_BY_NAME(.ctors.*))
 *(.ctors)
                0x000000000201e374                . = ALIGN (0x4)

.dtors          0x000000000201e374        0x0
 *crtbegin.o(.dtors)
 *(EXCLUDE_FILE(*crtend.o) .dtors)
 *(SORT_BY_NAME(.dtors.*))
 *(.dtors)
                0x000000000201e374                . = ALIGN (0x4)

.eh_frame       0x000000000201e374        0x4
 *(.eh_frame)
 .eh_frame      0x000000000201e374        0x0 /opt/devkitpro/devkitARM/bin/../lib/gcc/arm-none-eabi/11.1.0/thumb/crtbegin.o
 .eh_frame      0x000000000201e374        0x4 /opt/devkitpro/devkitARM/bin/../lib/gcc/arm-none-eabi/11.1.0/thumb/crtend.o
                0x000000000201e378                . = ALIGN (0x4)

.gcc_except_table
                0x000000000201e378        0x0
 *(.gcc_except_table)
                0x000000000201e378                . = ALIGN (0x4)

.jcr
 *(.jcr)

.got
 *(.got.plt)
 *(.got)
 *(.rel.got)

.ewram          0x000000000201e378        0x0
                0x000000000201e378                __ewram_start = ABSOLUTE (.)
 *(.ewram)
 *ewram.*(.text)
                0x000000000201e378                . = ALIGN (0x4)

.data           0x000000000201e378     0x27f4
                0x000000000201e378                __data_start = ABSOLUTE (.)
 *(EXCLUDE_FILE(*.twl*) .data)
 .data          0x000000000201e378        0x4 directory.o
                0x000000000201e378                amogus
 .data          0x000000000201e37c       0x28 /opt/devkitpro/libnds/lib/libnds9.a(mpu_setup.o)
 *(EXCLUDE_FILE(*.twl*) .data.*)
 .data.ndsFileFD
                0x000000000201e3a4        0x4 /opt/devkitpro/libnds/lib/libfilesystem.a(nitrofs.o)
 .data.nitroFSdevoptab
                0x000000000201e3a8       0x70 /opt/devkitpro/libnds/lib/libfilesystem.a(nitrofs.o)
                0x000000000201e3a8                nitroFSdevoptab
 .data.syspaths
                0x000000000201e418        0x8 /opt/devkitpro/libnds/lib/libfilesystem.a(nitrofs.o)
                0x000000000201e418                syspaths
 .data.currentConsole
                0x000000000201e420        0x4 /opt/devkitpro/libnds/lib/libnds9.a(console.o)
                0x000000000201e420                currentConsole
 .data.defaultConsole
                0x000000000201e424       0x5c /opt/devkitpro/libnds/lib/libnds9.a(console.o)
                0x000000000201e424                defaultConsole
 .data.firstConsoleInit.0
                0x000000000201e480        0x1 /opt/devkitpro/libnds/lib/libnds9.a(console.o)
 *fill*         0x000000000201e481        0x3 ff
 .data.fifo_buffer_free
                0x000000000201e484        0x4 /opt/devkitpro/libnds/lib/libnds9.a(fifosystem.o)
                0x000000000201e484                fifo_buffer_free
 .data.fifo_freewords
                0x000000000201e488        0x4 /opt/devkitpro/libnds/lib/libnds9.a(fifosystem.o)
                0x000000000201e488                fifo_freewords
 .data.fifo_receive_queue
                0x000000000201e48c        0x4 /opt/devkitpro/libnds/lib/libnds9.a(fifosystem.o)
                0x000000000201e48c                fifo_receive_queue
 .data.fifo_send_queue
                0x000000000201e490        0x4 /opt/devkitpro/libnds/lib/libnds9.a(fifosystem.o)
                0x000000000201e490                fifo_send_queue
 .data.bgControl
                0x000000000201e494       0x20 /opt/devkitpro/libnds/lib/libnds9.a(background.o)
                0x000000000201e494                bgControl
 .data.bgScrollTable
                0x000000000201e4b4       0x20 /opt/devkitpro/libnds/lib/libnds9.a(background.o)
                0x000000000201e4b4                bgScrollTable
 .data.bgTransform
                0x000000000201e4d4       0x20 /opt/devkitpro/libnds/lib/libnds9.a(background.o)
                0x000000000201e4d4                bgTransform
 .data.__global_locale
                0x000000000201e4f4      0x16c /opt/devkitpro/devkitARM/bin/../lib/gcc/arm-none-eabi/11.1.0/../../../../arm-none-eabi/lib/thumb/libg.a(lib_a-locale.o)
                0x000000000201e4f4                __global_locale
 .data.__malloc_av_
                0x000000000201e660      0x408 /opt/devkitpro/devkitARM/bin/../lib/gcc/arm-none-eabi/11.1.0/../../../../arm-none-eabi/lib/thumb/libg.a(lib_a-mallocr.o)
                0x000000000201e660                __malloc_av_
 .data.__malloc_sbrk_base
                0x000000000201ea68        0x4 /opt/devkitpro/devkitARM/bin/../lib/gcc/arm-none-eabi/11.1.0/../../../../arm-none-eabi/lib/thumb/libg.a(lib_a-mallocr.o)
                0x000000000201ea68                __malloc_sbrk_base
 .data.__malloc_trim_threshold
                0x000000000201ea6c        0x4 /opt/devkitpro/devkitARM/bin/../lib/gcc/arm-none-eabi/11.1.0/../../../../arm-none-eabi/lib/thumb/libg.a(lib_a-mallocr.o)
                0x000000000201ea6c                __malloc_trim_threshold
 .data.__malloc_recursive_mutex
                0x000000000201ea70        0xc /opt/devkitpro/devkitARM/bin/../lib/gcc/arm-none-eabi/11.1.0/../../../../arm-none-eabi/lib/thumb/libg.a(lib_a-mlock.o)
 .data.__tz_mutex
                0x000000000201ea7c        0x4 /opt/devkitpro/devkitARM/bin/../lib/gcc/arm-none-eabi/11.1.0/../../../../arm-none-eabi/lib/thumb/libg.a(lib_a-tzlock.o)
 .data._tzname  0x000000000201ea80        0x8 /opt/devkitpro/devkitARM/bin/../lib/gcc/arm-none-eabi/11.1.0/../../../../arm-none-eabi/lib/thumb/libg.a(lib_a-tzvars.o)
                0x000000000201ea80                _tzname
 .data.__sfp_recursive_mutex
                0x000000000201ea88        0xc /opt/devkitpro/devkitARM/bin/../lib/gcc/arm-none-eabi/11.1.0/../../../../arm-none-eabi/lib/thumb/libg.a(lib_a-findfp.o)
 .data.__sinit_recursive_mutex
                0x000000000201ea94        0xc /opt/devkitpro/devkitARM/bin/../lib/gcc/arm-none-eabi/11.1.0/../../../../arm-none-eabi/lib/thumb/libg.a(lib_a-findfp.o)
 .data.tzinfo   0x000000000201eaa0       0x58 /opt/devkitpro/devkitARM/bin/../lib/gcc/arm-none-eabi/11.1.0/../../../../arm-none-eabi/lib/thumb/libg.a(lib_a-gettzinfo.o)
 .data._impure_ptr
                0x000000000201eaf8        0x4 /opt/devkitpro/devkitARM/bin/../lib/gcc/arm-none-eabi/11.1.0/../../../../arm-none-eabi/lib/thumb/libg.a(lib_a-impure.o)
                0x000000000201eaf8                _impure_ptr
 *fill*         0x000000000201eafc        0x4 ff
 .data.impure_data
                0x000000000201eb00      0x460 /opt/devkitpro/devkitARM/bin/../lib/gcc/arm-none-eabi/11.1.0/../../../../arm-none-eabi/lib/thumb/libg.a(lib_a-impure.o)
 .data.environ  0x000000000201ef60        0x4 /opt/devkitpro/devkitARM/bin/../lib/gcc/arm-none-eabi/11.1.0/../../../../arm-none-eabi/lib/thumb/libg.a(lib_a-environ.o)
                0x000000000201ef60                environ
 .data.__env_recursive_mutex
                0x000000000201ef64        0xc /opt/devkitpro/devkitARM/bin/../lib/gcc/arm-none-eabi/11.1.0/../../../../arm-none-eabi/lib/thumb/libg.a(lib_a-envlock.o)
 .data.caseconv_table
                0x000000000201ef70      0x744 /opt/devkitpro/devkitARM/bin/../lib/gcc/arm-none-eabi/11.1.0/../../../../arm-none-eabi/lib/thumb/libg.a(lib_a-towctrans_l.o)
 .data.defaultDevice
                0x000000000201f6b4        0x4 /opt/devkitpro/devkitARM/bin/../lib/gcc/arm-none-eabi/11.1.0/../../../../arm-none-eabi/lib/thumb/libsysbase.a(iosupport.o)
 .data.devoptab_list
                0x000000000201f6b8       0x8c /opt/devkitpro/devkitARM/bin/../lib/gcc/arm-none-eabi/11.1.0/../../../../arm-none-eabi/lib/thumb/libsysbase.a(iosupport.o)
                0x000000000201f6b8                devoptab_list
 .data._current_working_directory
                0x000000000201f744      0x400 /opt/devkitpro/devkitARM/bin/../lib/gcc/arm-none-eabi/11.1.0/../../../../arm-none-eabi/lib/thumb/libsysbase.a(chdir.o)
 .data.__hndl_lock
                0x000000000201fb44        0x4 /opt/devkitpro/devkitARM/bin/../lib/gcc/arm-none-eabi/11.1.0/../../../../arm-none-eabi/lib/thumb/libsysbase.a(handle_manager.o)
 .data.__stderr_handle
                0x000000000201fb48        0xc /opt/devkitpro/devkitARM/bin/../lib/gcc/arm-none-eabi/11.1.0/../../../../arm-none-eabi/lib/thumb/libsysbase.a(handle_manager.o)
 .data.__stdin_handle
                0x000000000201fb54        0xc /opt/devkitpro/devkitARM/bin/../lib/gcc/arm-none-eabi/11.1.0/../../../../arm-none-eabi/lib/thumb/libsysbase.a(handle_manager.o)
 .data.__stdout_handle
                0x000000000201fb60        0xc /opt/devkitpro/devkitARM/bin/../lib/gcc/arm-none-eabi/11.1.0/../../../../arm-none-eabi/lib/thumb/libsysbase.a(handle_manager.o)
 .data.handles  0x000000000201fb6c     0x1000 /opt/devkitpro/devkitARM/bin/../lib/gcc/arm-none-eabi/11.1.0/../../../../arm-none-eabi/lib/thumb/libsysbase.a(handle_manager.o)
 *(EXCLUDE_FILE(*.twl*) .gnu.linkonce.d*)
                0x0000000002020b6c                . = ALIGN (0x4)
                0x0000000002020b6c                __data_end = ABSOLUTE (.)
                0x0000000002020b6c                __bss_vma = .

.igot.plt       0x0000000002020b6c        0x0
 .igot.plt      0x0000000002020b6c        0x0 /opt/devkitpro/devkitARM/bin/../lib/gcc/arm-none-eabi/11.1.0/../../../../arm-none-eabi/lib/thumb/ds_arm9_crt0.o

.dtcm           0x0000000002ff0000        0x0 load address 0x0000000002020b6c
                0x0000000002020b6c                __dtcm_lma = LOADADDR (.dtcm)
                0x0000000002ff0000                __dtcm_start = ABSOLUTE (.)
 *(.dtcm)
 *(.dtcm.*)
                0x0000000002ff0000                . = ALIGN (0x4)
                0x0000000002ff0000                __dtcm_end = ABSOLUTE (.)

.itcm           0x0000000001000100      0x194 load address 0x0000000002020b6c
                0x0000000002020b6c                __itcm_lma = LOADADDR (.itcm)
                0x0000000001000100                __itcm_start = ABSOLUTE (.)
 *(.itcm)
 .itcm          0x0000000001000100       0xc8 /opt/devkitpro/libnds/lib/libnds9.a(interrupts.o)
                0x0000000001000100                irqTable
 .itcm          0x00000000010001c8       0xcc /opt/devkitpro/libnds/lib/libnds9.a(interruptDispatcher.o)
                0x00000000010001c8                IntrMain
 *.itcm*(.text .stub .text.*)
                0x0000000001000294                . = ALIGN (0x4)
                0x0000000001000294                __itcm_end = ABSOLUTE (.)

.vectors        0x0000000001000000        0x0 load address 0x0000000002020d00
                0x0000000002020d00                __vectors_lma = LOADADDR (.vectors)
                0x0000000001000000                __vectors_start = ABSOLUTE (.)
 *(.vectors .vectors.*)
                0x0000000001000000                . = ALIGN (0x4)
                0x0000000001000000                __vectors_end = ABSOLUTE (.)

.sbss           0x0000000002ff0000        0x0
                0x0000000002ff0000                __sbss_start = ABSOLUTE (.)
                0x0000000002ff0000                __sbss_start__ = ABSOLUTE (.)
 *(.sbss)
                0x0000000002ff0000                . = ALIGN (0x4)
                0x0000000002ff0000                __sbss_end = ABSOLUTE (.)

.bss            0x0000000002020b6c     0x12dc
                0x0000000002020b6c                __bss_start = ABSOLUTE (.)
                0x0000000002020b6c                __bss_start__ = ABSOLUTE (.)
 *(EXCLUDE_FILE(*.twl*) .dynbss)
 *(EXCLUDE_FILE(*.twl*) .gnu.linkonce.b*)
 *(EXCLUDE_FILE(*.twl*) .bss*)
 .bss.completed.1
                0x0000000002020b6c        0x1 /opt/devkitpro/devkitARM/bin/../lib/gcc/arm-none-eabi/11.1.0/thumb/crtbegin.o
 *fill*         0x0000000002020b6d        0x3 
 .bss.object.0  0x0000000002020b70       0x18 /opt/devkitpro/devkitARM/bin/../lib/gcc/arm-none-eabi/11.1.0/thumb/crtbegin.o
 .bss           0x0000000002020b88        0x4 directory.o
                0x0000000002020b88                frame
 .bss.cardRead  0x0000000002020b8c        0x1 /opt/devkitpro/libnds/lib/libfilesystem.a(nitrofs.o)
 *fill*         0x0000000002020b8d        0x1 
 .bss.chdirpathid
                0x0000000002020b8e        0x2 /opt/devkitpro/libnds/lib/libfilesystem.a(nitrofs.o)
 .bss.fatOffset
                0x0000000002020b90        0x4 /opt/devkitpro/libnds/lib/libfilesystem.a(nitrofs.o)
 .bss.fntOffset
                0x0000000002020b94        0x4 /opt/devkitpro/libnds/lib/libfilesystem.a(nitrofs.o)
 .bss.ndsFileLastpos
                0x0000000002020b98        0x4 /opt/devkitpro/libnds/lib/libfilesystem.a(nitrofs.o)
 .bss.temp.0    0x0000000002020b9c      0x200 /opt/devkitpro/libnds/lib/libfilesystem.a(nitrofs.o)
 .bss.accessCounter
                0x0000000002020d9c        0x4 /opt/devkitpro/libnds/lib/libfat.a(cache.o)
 .bss.currentCopy
                0x0000000002020da0       0x5c /opt/devkitpro/libnds/lib/libnds9.a(console.o)
                0x0000000002020da0                currentCopy
 .bss.__dsimode
                0x0000000002020dfc        0x1 /opt/devkitpro/libnds/lib/libnds9.a(initSystem.o)
                0x0000000002020dfc                __dsimode
 *fill*         0x0000000002020dfd        0x3 
 .bss.punixTime
                0x0000000002020e00        0x4 /opt/devkitpro/libnds/lib/libnds9.a(timeSupport.o)
                0x0000000002020e00                punixTime
 .bss.localTimer
                0x0000000002020e04        0x4 /opt/devkitpro/libnds/lib/libnds9.a(timers.o)
 .bss.fifo_address_data
                0x0000000002020e08       0x40 /opt/devkitpro/libnds/lib/libnds9.a(fifosystem.o)
                0x0000000002020e08                fifo_address_data
 .bss.fifo_address_func
                0x0000000002020e48       0x40 /opt/devkitpro/libnds/lib/libnds9.a(fifosystem.o)
                0x0000000002020e48                fifo_address_func
 .bss.fifo_address_queue
                0x0000000002020e88       0x40 /opt/devkitpro/libnds/lib/libnds9.a(fifosystem.o)
                0x0000000002020e88                fifo_address_queue
 .bss.fifo_buffer
                0x0000000002020ec8      0x800 /opt/devkitpro/libnds/lib/libnds9.a(fifosystem.o)
                0x0000000002020ec8                fifo_buffer
 .bss.fifo_data_queue
                0x00000000020216c8       0x40 /opt/devkitpro/libnds/lib/libnds9.a(fifosystem.o)
                0x00000000020216c8                fifo_data_queue
 .bss.fifo_datamsg_data
                0x0000000002021708       0x40 /opt/devkitpro/libnds/lib/libnds9.a(fifosystem.o)
                0x0000000002021708                fifo_datamsg_data
 .bss.fifo_datamsg_func
                0x0000000002021748       0x40 /opt/devkitpro/libnds/lib/libnds9.a(fifosystem.o)
                0x0000000002021748                fifo_datamsg_func
 .bss.fifo_value32_data
                0x0000000002021788       0x40 /opt/devkitpro/libnds/lib/libnds9.a(fifosystem.o)
                0x0000000002021788                fifo_value32_data
 .bss.fifo_value32_func
                0x00000000020217c8       0x40 /opt/devkitpro/libnds/lib/libnds9.a(fifosystem.o)
                0x00000000020217c8                fifo_value32_func
 .bss.fifo_value32_queue
                0x0000000002021808       0x40 /opt/devkitpro/libnds/lib/libnds9.a(fifosystem.o)
                0x0000000002021808                fifo_value32_queue
 .bss.processing
                0x0000000002021848        0x4 /opt/devkitpro/libnds/lib/libnds9.a(fifosystem.o)
                0x0000000002021848                processing
 .bss.bgIsTextLut
                0x000000000202184c        0x8 /opt/devkitpro/libnds/lib/libnds9.a(background.o)
                0x000000000202184c                bgIsTextLut
 .bss.bgState   0x0000000002021854      0x140 /opt/devkitpro/libnds/lib/libnds9.a(background.o)
                0x0000000002021854                bgState