Archive member included to satisfy reference by file (symbol)

/opt/devkitpro/libnds/lib/libfilesystem.a(nitrofs.o)
                              directory.o (nitroFSInit)
/opt/devkitpro/libnds/lib/libfat.a(libfat.o)
                              /opt/devkitpro/libnds/lib/libfilesystem.a(nitrofs.o) (fatInitDefault)
/opt/devkitpro/libnds/lib/libfat.a(disc.o)
                              /opt/devkitpro/libnds/lib/libfat.a(libfat.o) (_FAT_disc_interfaces)
/opt/devkitpro/libnds/lib/libfat.a(fatfile.o)
                              /opt/devkitpro/libnds/lib/libfat.a(libfat.o) (_FAT_open_r)
/opt/devkitpro/libnds/lib/libfat.a(cache.o)
                              /opt/devkitpro/libnds/lib/libfat.a(fatfile.o) (_FAT_cache_readSectors)
/opt/devkitpro/libnds/lib/libfat.a(fatdir.o)
                              /opt/devkitpro/libnds/lib/libfat.a(libfat.o) (_FAT_stat_r)
/opt/devkitpro/libnds/lib/libfat.a(directory.o)
                              /opt/devkitpro/libnds/lib/libfat.a(fatfile.o) (_FAT_directory_entryGetCluster)
/opt/devkitpro/libnds/lib/libfat.a(partition.o)
                              /opt/devkitpro/libnds/lib/libfat.a(libfat.o) (_FAT_partition_destructor)
/opt/devkitpro/libnds/lib/libfat.a(lock.o)
                              /opt/devkitpro/libnds/lib/libfat.a(partition.o) (_FAT_lock_init)
/opt/devkitpro/libnds/lib/libfat.a(filetime.o)
                              /opt/devkitpro/libnds/lib/libfat.a(fatfile.o) (_FAT_filetime_getTimeFromRTC)
/opt/devkitpro/libnds/lib/libfat.a(file_allocation_table.o)
                              /opt/devkitpro/libnds/lib/libfat.a(fatfile.o) (_FAT_fat_nextCluster)
/opt/devkitpro/libnds/lib/libnds9.a(console.o)
                              directory.o (consoleDemoInit)
/opt/devkitpro/libnds/lib/libnds9.a(sound.o)
                              directory.o (soundEnable)
/opt/devkitpro/libnds/lib/libnds9.a(dldi.o)
                              /opt/devkitpro/libnds/lib/libfat.a(disc.o) (dldiGetInternal)
/opt/devkitpro/libnds/lib/libnds9.a(initSystem.o)
                              /opt/devkitpro/devkitARM/bin/../lib/gcc/arm-none-eabi/11.1.0/../../../../arm-none-eabi/lib/thumb/ds_arm9_crt0.o (initSystem)
/opt/devkitpro/libnds/lib/libnds9.a(timeSupport.o)
                              /opt/devkitpro/libnds/lib/libnds9.a(initSystem.o) (__libnds_gtod)
/opt/devkitpro/libnds/lib/libnds9.a(securearea.o)
                              /opt/devkitpro/devkitARM/bin/../lib/gcc/arm-none-eabi/11.1.0/../../../../arm-none-eabi/lib/thumb/ds_arm9_crt0.o (__secure_area__)
/opt/devkitpro/libnds/lib/libnds9.a(timers.o)
                              directory.o (cpuStartTiming)
/opt/devkitpro/libnds/lib/libnds9.a(interrupts.o)
                              directory.o (irqSet)
/opt/devkitpro/libnds/lib/libnds9.a(libnds_exit.arm.o)
                              /opt/devkitpro/devkitARM/bin/../lib/gcc/arm-none-eabi/11.1.0/../../../../arm-none-eabi/lib/thumb/ds_arm9_crt0.o (__libnds_exit)
/opt/devkitpro/libnds/lib/libnds9.a(card.o)
                              /opt/devkitpro/libnds/lib/libfilesystem.a(nitrofs.o) (cardParamCommand)
/opt/devkitpro/libnds/lib/libnds9.a(fifosystem.o)
                              /opt/devkitpro/libnds/lib/libnds9.a(initSystem.o) (fifoSetValue32Handler)
/opt/devkitpro/libnds/lib/libnds9.a(dldi_stub.o)
                              /opt/devkitpro/libnds/lib/libnds9.a(dldi.o) (_io_dldi_stub)
/opt/devkitpro/libnds/lib/libnds9.a(mpu_setup.o)
                              /opt/devkitpro/devkitARM/bin/../lib/gcc/arm-none-eabi/11.1.0/../../../../arm-none-eabi/lib/thumb/ds_arm9_crt0.o (__libnds_mpu_setup)
/opt/devkitpro/libnds/lib/libnds9.a(IntrWait.o)
                              /opt/devkitpro/libnds/lib/libnds9.a(fifosystem.o) (swiIntrWait)
/opt/devkitpro/libnds/lib/libnds9.a(cpu_clock.o)
                              /opt/devkitpro/libnds/lib/libnds9.a(initSystem.o) (setCpuClock)
/opt/devkitpro/libnds/lib/libnds9.a(interruptDispatcher.o)
                              /opt/devkitpro/libnds/lib/libnds9.a(interrupts.o) (IntrMain)
/opt/devkitpro/libnds/lib/libnds9.a(debugprint.o)
                              /opt/devkitpro/libnds/lib/libnds9.a(console.o) (nocashWrite)
/opt/devkitpro/libnds/lib/libnds9.a(swiSoftReset.o)
                              /opt/devkitpro/libnds/lib/libnds9.a(fifosystem.o) (swiSoftReset)
/opt/devkitpro/libnds/lib/libnds9.a(biosCalls.o)
                              /opt/devkitpro/libnds/lib/libnds9.a(card.o) (swiDelay)
/opt/devkitpro/libnds/lib/libnds9.a(default_font.bin.o)
                              /opt/devkitpro/libnds/lib/libnds9.a(console.o) (default_font_bin)
/opt/devkitpro/libnds/lib/libnds9.a(background.o)
                              /opt/devkitpro/libnds/lib/libnds9.a(console.o) (bgState)
/opt/devkitpro/libnds/lib/libnds9.a(video.o)
                              /opt/devkitpro/libnds/lib/libnds9.a(initSystem.o) (vramDefault)
/opt/devkitpro/libnds/lib/libnds9.a(system.o)
[...]
Memory Configuration

Name             Origin             Length             Attributes
ewram            0x0000000002000000 0x0000000000380000
dtcm             0x0000000002ff0000 0x0000000000004000
vectors          0x0000000001000000 0x0000000000000100
itcm             0x0000000001000100 0x0000000000007f00
*default*        0x0000000000000000 0xffffffffffffffff

Linker script and memory map

                0x0000000002380000                __ewram_end = (ORIGIN (ewram) + LENGTH (ewram))
                0x0000000002380000                __eheap_end = (ORIGIN (ewram) + LENGTH (ewram))
                0x0000000002ff4000                __dtcm_top = (ORIGIN (dtcm) + LENGTH (dtcm))
                0x0000000002ff3ff8                __irq_flags = (__dtcm_top - 0x8)
                0x0000000002ff3ffc                __irq_vector = (__dtcm_top - 0x4)
                0x0000000002ff3f00                __sp_svc = (__dtcm_top - 0x100)
                0x0000000002ff3e00                __sp_irq = (__sp_svc - 0x100)
                0x0000000002ff3d00                __sp_usr = (__sp_irq - 0x100)

.secure         0x0000000002000000      0x800
 *(.secure)
 .secure        0x0000000002000000      0x800 /opt/devkitpro/libnds/lib/libnds9.a(securearea.o)
                0x0000000002000000                __secure_area__

.crt0           0x0000000002000800      0x300
                0x0000000002000800                __text_start = .
 *(.crt0)
 .crt0          0x0000000002000800      0x300 /opt/devkitpro/devkitARM/bin/../lib/gcc/arm-none-eabi/11.1.0/../../../../arm-none-eabi/lib/thumb/ds_arm9_crt0.o
                0x0000000002000800                _start
                0x0000000002000b00                . = ALIGN (0x4)

.plt
 *(.plt)

.init           0x0000000002000b00        0xc
 *(SORT_NONE(.init))
 .init          0x0000000002000b00        0x4 /opt/devkitpro/devkitARM/bin/../lib/gcc/arm-none-eabi/11.1.0/thumb/crti.o
                0x0000000002000b00                _init
 .init          0x0000000002000b04        0x8 /opt/devkitpro/devkitARM/bin/../lib/gcc/arm-none-eabi/11.1.0/thumb/crtn.o

.text           0x0000000002000b40    0x14710
 *(EXCLUDE_FILE(*.twl* *.vectors* *.itcm*) .text)
 .text          0x0000000002000b40       0x10 directory.o
                0x0000000002000b40                Vblank
 *fill*         0x0000000002000b50       0x30 ff
 .text          0x0000000002000b80     0x4000 /opt/devkitpro/libnds/lib/libnds9.a(dldi_stub.o)
                0x0000000002000b80                _io_dldi_stub
 .text          0x0000000002004b80      0x11c /opt/devkitpro/devkitARM/bin/../lib/gcc/arm-none-eabi/11.1.0/thumb/libgcc.a(_udivsi3.o)
                0x0000000002004b80                __udivsi3
                0x0000000002004b80                __aeabi_uidiv
                0x0000000002004c7c                __aeabi_uidivmod
 .text          0x0000000002004c9c      0x150 /opt/devkitpro/devkitARM/bin/../lib/gcc/arm-none-eabi/11.1.0/thumb/libgcc.a(_divsi3.o)
                0x0000000002004c9c                __aeabi_idiv
                0x0000000002004c9c                __divsi3
                0x0000000002004dcc                __aeabi_idivmod
 .text          0x0000000002004dec        0x4 /opt/devkitpro/devkitARM/bin/../lib/gcc/arm-none-eabi/11.1.0/thumb/libgcc.a(_dvmd_tls.o)
                0x0000000002004dec                __aeabi_ldiv0
                0x0000000002004dec                __aeabi_idiv0
 .text          0x0000000002004df0       0xd4 /opt/devkitpro/devkitARM/bin/../lib/gcc/arm-none-eabi/11.1.0/thumb/libgcc.a(_aeabi_ldivmod.o)
                0x0000000002004df0                __aeabi_ldivmod
 .text          0x0000000002004ec4       0x28 /opt/devkitpro/devkitARM/bin/../lib/gcc/arm-none-eabi/11.1.0/thumb/libgcc.a(_clzdi2.o)
                0x0000000002004ec4                __clzdi2
 .text          0x0000000002004eec       0x48 /opt/devkitpro/devkitARM/bin/../lib/gcc/arm-none-eabi/11.1.0/thumb/libgcc.a(_clzsi2.o)
                0x0000000002004eec                __clzsi2
 .text          0x0000000002004f34      0x224 /opt/devkitpro/devkitARM/bin/../lib/gcc/arm-none-eabi/11.1.0/../../../../arm-none-eabi/lib/thumb/libg.a(lib_a-strcmp.o)
                0x0000000002004f34                strcmp
 .text          0x0000000002005158       0x14 /opt/devkitpro/devkitARM/bin/../lib/gcc/arm-none-eabi/11.1.0/thumb/libgcc.a(_thumb1_case_uqi.o)
                0x0000000002005158                __gnu_thumb1_case_uqi
 .text          0x000000000200516c       0x14 /opt/devkitpro/devkitARM/bin/../lib/gcc/arm-none-eabi/11.1.0/thumb/libgcc.a(_thumb1_case_uhi.o)
                0x000000000200516c                __gnu_thumb1_case_uhi
 .text          0x0000000002005180       0x3c /opt/devkitpro/devkitARM/bin/../lib/gcc/arm-none-eabi/11.1.0/thumb/libgcc.a(_aeabi_uldivmod.o)
                0x0000000002005180                __aeabi_uldivmod
 *(EXCLUDE_FILE(*.twl* *.vectors* *.itcm*) .stub)
 *(EXCLUDE_FILE(*.twl* *.vectors* *.itcm*) .text.*)
 .text.__do_global_dtors_aux
                0x00000000020051bc       0x2c /opt/devkitpro/devkitARM/bin/../lib/gcc/arm-none-eabi/11.1.0/thumb/crtbegin.o
 .text.frame_dummy
                0x00000000020051e8       0x24 /opt/devkitpro/devkitARM/bin/../lib/gcc/arm-none-eabi/11.1.0/thumb/crtbegin.o
 .text.startup  0x000000000200520c      0x168 directory.o
                0x000000000200520c                main
 .text.nitroFSDirClose
                0x0000000002005374        0x4 /opt/devkitpro/libnds/lib/libfilesystem.a(nitrofs.o)
 .text.nitroFSSeek
                0x0000000002005378       0x78 /opt/devkitpro/libnds/lib/libfilesystem.a(nitrofs.o)
 .text.nitroFSFstat
                0x00000000020053f0       0x10 /opt/devkitpro/libnds/lib/libfilesystem.a(nitrofs.o)
 .text.nitroSubReadBlock
                0x0000000002005400       0x54 /opt/devkitpro/libnds/lib/libfilesystem.a(nitrofs.o)
 .text.nitroSubReadCard
                0x0000000002005454       0xb0 /opt/devkitpro/libnds/lib/libfilesystem.a(nitrofs.o)
 .text.nitroFSClose
                0x0000000002005504        0x4 /opt/devkitpro/libnds/lib/libfilesystem.a(nitrofs.o)
 .text.nitroDirReset
                0x0000000002005508       0x9c /opt/devkitpro/libnds/lib/libfilesystem.a(nitrofs.o)
 .text.nitroFSRead
                0x00000000020055a4       0xbc /opt/devkitpro/libnds/lib/libfilesystem.a(nitrofs.o)
 .text.nitroFSDirNext
                0x0000000002005660      0x30c /opt/devkitpro/libnds/lib/libfilesystem.a(nitrofs.o)
 .text.nitroFSDirOpen
                0x000000000200596c       0xe0 /opt/devkitpro/libnds/lib/libfilesystem.a(nitrofs.o)
 .text.nitroFSChdir
                0x0000000002005a4c       0x30 /opt/devkitpro/libnds/lib/libfilesystem.a(nitrofs.o)
 .text.nitroFSOpen
                0x0000000002005a7c       0xc4 /opt/devkitpro/libnds/lib/libfilesystem.a(nitrofs.o)
 .text.nitroFSstat
                0x0000000002005b40       0x68 /opt/devkitpro/libnds/lib/libfilesystem.a(nitrofs.o)
 .text.nitroFSInit
                0x0000000002005ba8      0x12c /opt/devkitpro/libnds/lib/libfilesystem.a(nitrofs.o)
                0x0000000002005ba8                nitroFSInit
 .text.fatMount.part.0
                0x0000000002005cd4       0xa0 /opt/devkitpro/libnds/lib/libfat.a(libfat.o)
 .text.fatMount
                0x0000000002005d74       0x3c /opt/devkitpro/libnds/lib/libfat.a(libfat.o)
                0x0000000002005d74                fatMount
 .text.fatInit  0x0000000002005db0      0x130 /opt/devkitpro/libnds/lib/libfat.a(libfat.o)
                0x0000000002005db0                fatInit
 .text.fatInitDefault
                0x0000000002005ee0        0xc /opt/devkitpro/libnds/lib/libfat.a(libfat.o)
                0x0000000002005ee0                fatInitDefault
 .text._FAT_check_position_for_next_cluster.part.0
                0x0000000002005eec       0x68 /opt/devkitpro/libnds/lib/libfat.a(fatfile.o)
 .text._FAT_syncToDisc.part.0
                0x0000000002005f54       0xd4 /opt/devkitpro/libnds/lib/libfat.a(fatfile.o)
 .text._FAT_file_extend_r
                0x0000000002006028      0x208 /opt/devkitpro/libnds/lib/libfat.a(fatfile.o)
 .text._FAT_open_r
                0x0000000002006230      0x2d4 /opt/devkitpro/libnds/lib/libfat.a(fatfile.o)
                0x0000000002006230                _FAT_open_r
 .text._FAT_close_r
                0x0000000002006504       0x74 /opt/devkitpro/libnds/lib/libfat.a(fatfile.o)
                0x0000000002006504                _FAT_close_r
 .text._FAT_read_r
                0x0000000002006578      0x398 /opt/devkitpro/libnds/lib/libfat.a(fatfile.o)
                0x0000000002006578                _FAT_read_r
 .text._FAT_write_r
                0x0000000002006910      0x53c /opt/devkitpro/libnds/lib/libfat.a(fatfile.o)
                0x0000000002006910                _FAT_write_r
 .text._FAT_seek_r
                0x0000000002006e4c      0x194 /opt/devkitpro/libnds/lib/libfat.a(fatfile.o)
                0x0000000002006e4c                _FAT_seek_r
 .text._FAT_fstat_r
                0x0000000002006fe0       0x8c /opt/devkitpro/libnds/lib/libfat.a(fatfile.o)
                0x0000000002006fe0                _FAT_fstat_r
 .text._FAT_ftruncate_r
                0x000000000200706c      0x16c /opt/devkitpro/libnds/lib/libfat.a(fatfile.o)
                0x000000000200706c                _FAT_ftruncate_r
 .text._FAT_fsync_r
                0x00000000020071d8       0x44 /opt/devkitpro/libnds/lib/libfat.a(fatfile.o)
                0x00000000020071d8                _FAT_fsync_r
 .text._FAT_cache_getPage
                0x000000000200721c       0xf0 /opt/devkitpro/libnds/lib/libfat.a(cache.o)
 .text._FAT_cache_constructor
                0x000000000200730c       0x90 /opt/devkitpro/libnds/lib/libfat.a(cache.o)
                0x000000000200730c                _FAT_cache_constructor
 .text._FAT_cache_readSectors
                0x000000000200739c       0x60 /opt/devkitpro/libnds/lib/libfat.a(cache.o)
                0x000000000200739c                _FAT_cache_readSectors
 .text._FAT_cache_readPartialSector
                0x00000000020073fc       0x3c /opt/devkitpro/libnds/lib/libfat.a(cache.o)
                0x00000000020073fc                _FAT_cache_readPartialSector
 .text._FAT_cache_readLittleEndianValue
                0x0000000002007438       0x70 /opt/devkitpro/libnds/lib/libfat.a(cache.o)
                0x0000000002007438                _FAT_cache_readLittleEndianValue
 .text._FAT_cache_writePartialSector
                0x00000000020074a8       0x4c /opt/devkitpro/libnds/lib/libfat.a(cache.o)
                0x00000000020074a8                _FAT_cache_writePartialSector
 .text._FAT_cache_writeLittleEndianValue
                0x00000000020074f4       0x8c /opt/devkitpro/libnds/lib/libfat.a(cache.o)
                0x00000000020074f4                _FAT_cache_writeLittleEndianValue
 .text._FAT_cache_eraseWritePartialSector
                0x0000000002007580       0x60 /opt/devkitpro/libnds/lib/libfat.a(cache.o)
                0x0000000002007580                _FAT_cache_eraseWritePartialSector
 .text._FAT_cache_writeSectors
                0x00000000020075e0       0x80 /opt/devkitpro/libnds/lib/libfat.a(cache.o)
                0x00000000020075e0                _FAT_cache_writeSectors
 .text._FAT_cache_flush
                0x0000000002007660       0x40 /opt/devkitpro/libnds/lib/libfat.a(cache.o)
                0x0000000002007660                _FAT_cache_flush
 .text._FAT_stat_r
                0x00000000020076a0       0x90 /opt/devkitpro/libnds/lib/libfat.a(fatdir.o)
                0x00000000020076a0                _FAT_stat_r
 .text._FAT_link_r
                0x0000000002007730        0xc /opt/devkitpro/libnds/lib/libfat.a(fatdir.o)
                0x0000000002007730                _FAT_link_r
 .text._FAT_unlink_r
                0x000000000200773c      0x184 /opt/devkitpro/libnds/lib/libfat.a(fatdir.o)
                0x000000000200773c                _FAT_unlink_r
 .text._FAT_chdir_r
                0x00000000020078c0       0x70 /opt/devkitpro/libnds/lib/libfat.a(fatdir.o)
                0x00000000020078c0                _FAT_chdir_r
 .text._FAT_rename_r
                0x0000000002007930      0x1c4 /opt/devkitpro/libnds/lib/libfat.a(fatdir.o)
                0x0000000002007930                _FAT_rename_r
 .text._FAT_mkdir_r
                0x0000000002007af4      0x244 /opt/devkitpro/libnds/lib/libfat.a(fatdir.o)
                0x0000000002007af4                _FAT_mkdir_r
 .text._FAT_statvfs_r
                0x0000000002007d38       0x78 /opt/devkitpro/libnds/lib/libfat.a(fatdir.o)
                0x0000000002007d38                _FAT_statvfs_r
 .text._FAT_diropen_r
                0x0000000002007db0       0xb0 /opt/devkitpro/libnds/lib/libfat.a(fatdir.o)
                0x0000000002007db0                _FAT_diropen_r
 .text._FAT_dirreset_r
                0x0000000002007e60       0x4c /opt/devkitpro/libnds/lib/libfat.a(fatdir.o)
                0x0000000002007e60                _FAT_dirreset_r
 .text._FAT_dirnext_r
                0x0000000002007eac       0x7c /opt/devkitpro/libnds/lib/libfat.a(fatdir.o)
                0x0000000002007eac                _FAT_dirnext_r
 .text._FAT_dirclose_r
                0x0000000002007f28       0x20 /opt/devkitpro/libnds/lib/libfat.a(fatdir.o)
                0x0000000002007f28                _FAT_dirclose_r
 .text._FAT_directory_entryGetAlias
                0x0000000002007f48       0xc8 /opt/devkitpro/libnds/lib/libfat.a(directory.o)
 .text._FAT_directory_incrementDirEntryPosition
                0x0000000002008010       0x80 /opt/devkitpro/libnds/lib/libfat.a(directory.o)
 .text._FAT_directory_mbsncasecmp
                0x0000000002008090       0xa8 /opt/devkitpro/libnds/lib/libfat.a(directory.o)
 .text._FAT_directory_ucs2tombs.constprop.0
                0x0000000002008138       0x90 /opt/devkitpro/libnds/lib/libfat.a(directory.o)
 .text._FAT_directory_entryGetCluster
                0x00000000020081c8       0x20 /opt/devkitpro/libnds/lib/libfat.a(directory.o)
                0x00000000020081c8                _FAT_directory_entryGetCluster
 .text._FAT_directory_getNextEntry
                0x00000000020081e8      0x23c /opt/devkitpro/libnds/lib/libfat.a(directory.o)
                0x00000000020081e8                _FAT_directory_getNextEntry
 .text._FAT_directory_entryExists
                0x0000000002008424       0x80 /opt/devkitpro/libnds/lib/libfat.a(directory.o)
 .text._FAT_directory_getFirstEntry
                0x00000000020084a4       0x20 /opt/devkitpro/libnds/lib/libfat.a(directory.o)
                0x00000000020084a4                _FAT_directory_getFirstEntry
 .text._FAT_directory_getRootEntry
                0x00000000020084c4       0x60 /opt/devkitpro/libnds/lib/libfat.a(directory.o)
                0x00000000020084c4                _FAT_directory_getRootEntry
 .text._FAT_directory_entryFromPosition
                0x0000000002008524      0x150 /opt/devkitpro/libnds/lib/libfat.a(directory.o)
                0x0000000002008524                _FAT_directory_entryFromPosition
 .text._FAT_directory_entryFromPath
                0x0000000002008674      0x248 /opt/devkitpro/libnds/lib/libfat.a(directory.o)
                0x0000000002008674                _FAT_directory_entryFromPath
 .text._FAT_directory_removeEntry
                0x00000000020088bc       0xd8 /opt/devkitpro/libnds/lib/libfat.a(directory.o)
                0x00000000020088bc                _FAT_directory_removeEntry
 .text._FAT_directory_addEntry
                0x0000000002008994      0x808 /opt/devkitpro/libnds/lib/libfat.a(directory.o)
                0x0000000002008994                _FAT_directory_addEntry
 .text._FAT_directory_chdir
                0x000000000200919c       0x3c /opt/devkitpro/libnds/lib/libfat.a(directory.o)
                0x000000000200919c                _FAT_directory_chdir
 .text._FAT_directory_entryStat
                0x00000000020091d8       0xe4 /opt/devkitpro/libnds/lib/libfat.a(directory.o)
                0x00000000020091d8                _FAT_directory_entryStat
 .text.isValidMBR
                0x00000000020092bc       0x5c /opt/devkitpro/libnds/lib/libfat.a(partition.o)
 .text._FAT_updateFS_INFO
                0x0000000002009318       0x54 /opt/devkitpro/libnds/lib/libfat.a(partition.o)
 .text.FindFirstValidPartition_buf.part.0
                0x000000000200936c      0x11c /opt/devkitpro/libnds/lib/libfat.a(partition.o)
 .text._FAT_partition_getPartitionFromPath
                0x0000000002009488       0x10 /opt/devkitpro/libnds/lib/libfat.a(partition.o)
                0x0000000002009488                _FAT_partition_getPartitionFromPath
 .text._FAT_partition_createFSinfo
                0x0000000002009498       0x50 /opt/devkitpro/libnds/lib/libfat.a(partition.o)
                0x0000000002009498                _FAT_partition_createFSinfo
 .text._FAT_partition_readFSinfo.part.0
                0x00000000020094e8       0x74 /opt/devkitpro/libnds/lib/libfat.a(partition.o)
 .text._FAT_partition_constructor_buf
                0x000000000200955c      0x2e8 /opt/devkitpro/libnds/lib/libfat.a(partition.o)
                0x000000000200955c                _FAT_partition_constructor_buf
 .text._FAT_partition_constructor
                0x0000000002009844       0x40 /opt/devkitpro/libnds/lib/libfat.a(partition.o)
                0x0000000002009844                _FAT_partition_constructor
 .text._FAT_partition_readFSinfo
                0x0000000002009884       0x10 /opt/devkitpro/libnds/lib/libfat.a(partition.o)
                0x0000000002009884                _FAT_partition_readFSinfo
 .text._FAT_lock_init
                0x0000000002009894        0x4 /opt/devkitpro/libnds/lib/libfat.a(lock.o)
                0x0000000002009894                _FAT_lock_init
 .text._FAT_lock
                0x0000000002009898        0x4 /opt/devkitpro/libnds/lib/libfat.a(lock.o)
                0x0000000002009898                _FAT_lock
 .text._FAT_unlock
                0x000000000200989c        0x4 /opt/devkitpro/libnds/lib/libfat.a(lock.o)
                0x000000000200989c                _FAT_unlock
 .text._FAT_filetime_getTimeFromRTC
                0x00000000020098a0       0x44 /opt/devkitpro/libnds/lib/libfat.a(filetime.o)
                0x00000000020098a0                _FAT_filetime_getTimeFromRTC
 .text._FAT_filetime_getDateFromRTC
                0x00000000020098e4       0x44 /opt/devkitpro/libnds/lib/libfat.a(filetime.o)
                0x00000000020098e4                _FAT_filetime_getDateFromRTC
 .text._FAT_filetime_to_time_t
                0x0000000002009928       0x38 /opt/devkitpro/libnds/lib/libfat.a(filetime.o)
                0x0000000002009928                _FAT_filetime_to_time_t
 .text._FAT_fat_writeFatEntry.part.0.isra.0
                0x0000000002009960      0x12c /opt/devkitpro/libnds/lib/libfat.a(file_allocation_table.o)
 .text._FAT_fat_nextCluster
                0x0000000002009a8c      0x108 /opt/devkitpro/libnds/lib/libfat.a(file_allocation_table.o)
                0x0000000002009a8c                _FAT_fat_nextCluster
 .text._FAT_fat_linkFreeCluster
                0x0000000002009b94       0xac /opt/devkitpro/libnds/lib/libfat.a(file_allocation_table.o)
                0x0000000002009b94                _FAT_fat_linkFreeCluster
 .text._FAT_fat_linkFreeClusterCleared
                0x0000000002009c40       0x68 /opt/devkitpro/libnds/lib/libfat.a(file_allocation_table.o)
                0x0000000002009c40                _FAT_fat_linkFreeClusterCleared
 .text._FAT_fat_clearLinks
                0x0000000002009ca8       0x7c /opt/devkitpro/libnds/lib/libfat.a(file_allocation_table.o)
                0x0000000002009ca8                _FAT_fat_clearLinks
 .text._FAT_fat_trimChain
                0x0000000002009d24       0x80 /opt/devkitpro/libnds/lib/libfat.a(file_allocation_table.o)
                0x0000000002009d24                _FAT_fat_trimChain
 .text._FAT_fat_lastCluster
                0x0000000002009da4       0x34 /opt/devkitpro/libnds/lib/libfat.a(file_allocation_table.o)
                0x0000000002009da4                _FAT_fat_lastCluster
 .text._FAT_fat_freeClusterCount
                0x0000000002009dd8       0x2c /opt/devkitpro/libnds/lib/libfat.a(file_allocation_table.o)
                0x0000000002009dd8                _FAT_fat_freeClusterCount
 .text.newRow   0x0000000002009e04       0xb0 /opt/devkitpro/libnds/lib/libnds9.a(console.o)
 .text.consolePrintChar
                0x0000000002009eb4       0xec /opt/devkitpro/libnds/lib/libnds9.a(console.o)
                0x0000000002009eb4                consolePrintChar
 .text.con_write
                0x0000000002009fa0      0x374 /opt/devkitpro/libnds/lib/libnds9.a(console.o)
                0x0000000002009fa0                con_write
 .text.consoleLoadFont
                0x000000000200a314      0x2a8 /opt/devkitpro/libnds/lib/libnds9.a(console.o)
                0x000000000200a314                consoleLoadFont
 .text.consoleInit
                0x000000000200a5bc      0x194 /opt/devkitpro/libnds/lib/libnds9.a(console.o)
                0x000000000200a5bc                consoleInit
 .text.consoleDemoInit
                0x000000000200a750       0x40 /opt/devkitpro/libnds/lib/libnds9.a(console.o)
                0x000000000200a750                consoleDemoInit
 .text.soundEnable
                0x000000000200a790       0x10 /opt/devkitpro/libnds/lib/libnds9.a(sound.o)
                0x000000000200a790                soundEnable
 .text.soundPlaySample
                0x000000000200a7a0       0x68 /opt/devkitpro/libnds/lib/libnds9.a(sound.o)
                0x000000000200a7a0                soundPlaySample
 .text.dldiGetInternal
                0x000000000200a808       0x34 /opt/devkitpro/libnds/lib/libnds9.a(dldi.o)
                0x000000000200a808                dldiGetInternal
 .text.get_io_dsisd
                0x000000000200a83c       0x24 /opt/devkitpro/libnds/lib/libnds9.a(dldi.o)
                0x000000000200a83c                get_io_dsisd
 .text.initSystem
                0x000000000200a860      0x198 /opt/devkitpro/libnds/lib/libnds9.a(initSystem.o)
                0x000000000200a860                initSystem
 .text.__libnds_gtod
                0x000000000200a9f8       0x28 /opt/devkitpro/libnds/lib/libnds9.a(timeSupport.o)
                0x000000000200a9f8                __libnds_gtod
 .text.cpuStartTiming
                0x000000000200aa20       0x3c /opt/devkitpro/libnds/lib/libnds9.a(timers.o)
                0x000000000200aa20                cpuStartTiming
 .text.cpuGetTiming
                0x000000000200aa5c       0x38 /opt/devkitpro/libnds/lib/libnds9.a(timers.o)
                0x000000000200aa5c                cpuGetTiming
 .text.irqDummy
                0x000000000200aa94        0x4 /opt/devkitpro/libnds/lib/libnds9.a(interrupts.o)
                0x000000000200aa94                irqDummy
 .text.irqSet   0x000000000200aa98       0x6c /opt/devkitpro/libnds/lib/libnds9.a(interrupts.o)
                0x000000000200aa98                irqSet
 .text.irqInit  0x000000000200ab04       0x50 /opt/devkitpro/libnds/lib/libnds9.a(interrupts.o)
                0x000000000200ab04                irqInit
 .text.irqEnable
                0x000000000200ab54       0x64 /opt/devkitpro/libnds/lib/libnds9.a(interrupts.o)
                0x000000000200ab54                irqEnable
 .text.systemErrorExit
                0x000000000200abb8        0x4 /opt/devkitpro/libnds/lib/libnds9.a(libnds_exit.arm.o)
                0x000000000200abb8                systemErrorExit
 .text.__libnds_exit
                0x000000000200abbc       0x5c /opt/devkitpro/libnds/lib/libnds9.a(libnds_exit.arm.o)
                0x000000000200abbc                __libnds_exit
 .text.cardPolledTransfer
                0x000000000200ac18       0x54 /opt/devkitpro/libnds/lib/libnds9.a(card.o)
                0x000000000200ac18                cardPolledTransfer
 .text.cardParamCommand
                0x000000000200ac6c       0x34 /opt/devkitpro/libnds/lib/libnds9.a(card.o)
                0x000000000200ac6c                cardParamCommand
 .text.fifo_queueBlock
                0x000000000200aca0       0x44 /opt/devkitpro/libnds/lib/libnds9.a(fifosystem.o)
 .text.fifo_waitBlock
                0x000000000200ace4       0x80 /opt/devkitpro/libnds/lib/libnds9.a(fifosystem.o)
 .text.fifoInternalSend.part.0
                0x000000000200ad64       0xd4 /opt/devkitpro/libnds/lib/libnds9.a(fifosystem.o)
 .text.fifoInternalSendInterrupt
                0x000000000200ae38       0xa8 /opt/devkitpro/libnds/lib/libnds9.a(fifosystem.o)
 .text.fifoSetValue32Handler
                0x000000000200aee0       0xd8 /opt/devkitpro/libnds/lib/libnds9.a(fifosystem.o)
                0x000000000200aee0                fifoSetValue32Handler
 .text.fifoSendValue32
                0x000000000200afb8       0x4c /opt/devkitpro/libnds/lib/libnds9.a(fifosystem.o)
                0x000000000200afb8                fifoSendValue32
 .text.fifoSendDatamsg
                0x000000000200b004       0x90 /opt/devkitpro/libnds/lib/libnds9.a(fifosystem.o)
                0x000000000200b004                fifoSendDatamsg
 .text.fifoGetValue32
                0x000000000200b094       0x70 /opt/devkitpro/libnds/lib/libnds9.a(fifosystem.o)
                0x000000000200b094                fifoGetValue32
 .text.fifoGetDatamsg
                0x000000000200b104       0xf4 /opt/devkitpro/libnds/lib/libnds9.a(fifosystem.o)
                0x000000000200b104                fifoGetDatamsg
 .text.fifoInternalRecvInterrupt
                0x000000000200b1f8      0x380 /opt/devkitpro/libnds/lib/libnds9.a(fifosystem.o)
 .text.fifoSetDatamsgHandler
                0x000000000200b578       0x9c /opt/devkitpro/libnds/lib/libnds9.a(fifosystem.o)
                0x000000000200b578                fifoSetDatamsgHandler
 .text.fifoCheckValue32
                0x000000000200b614       0x24 /opt/devkitpro/libnds/lib/libnds9.a(fifosystem.o)
                0x000000000200b614                fifoCheckValue32
 .text.fifoInit
                0x000000000200b638       0xf8 /opt/devkitpro/libnds/lib/libnds9.a(fifosystem.o)
                0x000000000200b638                fifoInit
 .text.__libnds_mpu_setup
                0x000000000200b730      0x174 /opt/devkitpro/libnds/lib/libnds9.a(mpu_setup.o)
                0x000000000200b730                __libnds_mpu_setup
 .text.memUncached
                0x000000000200b8a4       0x20 /opt/devkitpro/libnds/lib/libnds9.a(mpu_setup.o)
                0x000000000200b8a4                memUncached
 .text.swiIntrWait
                0x000000000200b8c4       0x70 /opt/devkitpro/libnds/lib/libnds9.a(IntrWait.o)
                0x000000000200b8c4                swiIntrWait
 .text.setCpuClock
                0x000000000200b934       0x50 /opt/devkitpro/libnds/lib/libnds9.a(cpu_clock.o)
                0x000000000200b934                setCpuClock
 .text.swiSoftReset
                0x000000000200b984       0x2c /opt/devkitpro/libnds/lib/libnds9.a(swiSoftReset.o)
                0x000000000200b984                swiSoftReset
 .text.swiDelay
                0x000000000200b9b0        0x4 /opt/devkitpro/libnds/lib/libnds9.a(biosCalls.o)
                0x000000000200b9b0                swiDelay
 .text.checkIfText
                0x000000000200b9b4       0x5c /opt/devkitpro/libnds/lib/libnds9.a(background.o)
                0x000000000200b9b4                checkIfText
 .text.bgUpdate
                0x000000000200ba10       0xf4 /opt/devkitpro/libnds/lib/libnds9.a(background.o)
                0x000000000200ba10                bgUpdate
 .text.bgInit_call
                0x000000000200bb04       0xc4 /opt/devkitpro/libnds/lib/libnds9.a(background.o)
                0x000000000200bb04                bgInit_call
 .text.bgInitSub_call
                0x000000000200bbc8       0xcc /opt/devkitpro/libnds/lib/libnds9.a(background.o)
                0x000000000200bbc8                bgInitSub_call
 .text.vramDefault
                0x000000000200bc94       0xd0 /opt/devkitpro/libnds/lib/libnds9.a(video.o)
                0x000000000200bc94                vramDefault
 .text.systemValueHandler
                0x000000000200bd64       0x48 /opt/devkitpro/libnds/lib/libnds9.a(system.o)
                0x000000000200bd64                systemValueHandler
 .text.systemMsgHandler
                0x000000000200bdac       0x60 /opt/devkitpro/libnds/lib/libnds9.a(system.o)
                0x000000000200bdac                systemMsgHandler
 .text.powerOn  0x000000000200be0c       0x2c /opt/devkitpro/libnds/lib/libnds9.a(system.o)
                0x000000000200be0c                powerOn
 .text.sinLutLookup
                0x000000000200be38       0x38 /opt/devkitpro/libnds/lib/libnds9.a(trig.o)
                0x000000000200be38                sinLutLookup
 .text.sinLerp  0x000000000200be70       0x40 /opt/devkitpro/libnds/lib/libnds9.a(trig.o)
                0x000000000200be70                sinLerp
 .text.cosLerp  0x000000000200beb0       0x4c /opt/devkitpro/libnds/lib/libnds9.a(trig.o)
                0x000000000200beb0                cosLerp
 .text.DC_FlushRange
                0x000000000200befc       0x24 /opt/devkitpro/libnds/lib/libnds9.a(dcache.o)
                0x000000000200befc                DC_FlushRange
 .text.__muldi3
                0x000000000200bf20       0x54 /opt/devkitpro/devkitARM/bin/../lib/gcc/arm-none-eabi/11.1.0/thumb/libgcc.a(_muldi3.o)
                0x000000000200bf20                __aeabi_lmul
                0x000000000200bf20                __muldi3
 .text.__udivmoddi4
                0x000000000200bf74      0x19c /opt/devkitpro/devkitARM/bin/../lib/gcc/arm-none-eabi/11.1.0/thumb/libgcc.a(_udivmoddi4.o)
                0x000000000200bf74                __udivmoddi4
 .text.calloc   0x000000000200c110       0x18 /opt/devkitpro/devkitARM/bin/../lib/gcc/arm-none-eabi/11.1.0/../../../../arm-none-eabi/lib/thumb/libg.a(lib_a-calloc.o)
                0x000000000200c110                calloc
 .text._calloc_r
                0x000000000200c128       0xb0 /opt/devkitpro/devkitARM/bin/../lib/gcc/arm-none-eabi/11.1.0/../../../../arm-none-eabi/lib/thumb/libg.a(lib_a-callocr.o)
                0x000000000200c128                _calloc_r
 .text.__errno  0x000000000200c1d8        0xc /opt/devkitpro/devkitARM/bin/../lib/gcc/arm-none-eabi/11.1.0/../../../../arm-none-eabi/lib/thumb/libg.a(lib_a-errno.o)
                0x000000000200c1d8                __errno
 .text._fopen_r
                0x000000000200c1e4       0xb8 /opt/devkitpro/devkitARM/bin/../lib/gcc/arm-none-eabi/11.1.0/../../../../arm-none-eabi/lib/thumb/libg.a(lib_a-fopen.o)
                0x000000000200c1e4                _fopen_r
 .text.fopen    0x000000000200c29c       0x18 /opt/devkitpro/devkitARM/bin/../lib/gcc/arm-none-eabi/11.1.0/../../../../arm-none-eabi/lib/thumb/libg.a(lib_a-fopen.o)
                0x000000000200c29c                fopen
 .text._fread_r
                0x000000000200c2b4      0x1f4 /opt/devkitpro/devkitARM/bin/../lib/gcc/arm-none-eabi/11.1.0/../../../../arm-none-eabi/lib/thumb/libg.a(lib_a-fread.o)
                0x000000000200c2b4                _fread_r
 .text.fread    0x000000000200c4a8       0x24 /opt/devkitpro/devkitARM/bin/../lib/gcc/arm-none-eabi/11.1.0/../../../../arm-none-eabi/lib/thumb/libg.a(lib_a-fread.o)
                0x000000000200c4a8                fread
 .text._malloc_trim_r
                0x000000000200c4cc       0xa0 /opt/devkitpro/devkitARM/bin/../lib/gcc/arm-none-eabi/11.1.0/../../../../arm-none-eabi/lib/thumb/libg.a(lib_a-freer.o)
                0x000000000200c4cc                _malloc_trim_r
 .text._free_r  0x000000000200c56c      0x1d8 /opt/devkitpro/devkitARM/bin/../lib/gcc/arm-none-eabi/11.1.0/../../../../arm-none-eabi/lib/thumb/libg.a(lib_a-freer.o)
                0x000000000200c56c                _free_r
 .text._fseek_r
                0x000000000200c744       0x18 /opt/devkitpro/devkitARM/bin/../lib/gcc/arm-none-eabi/11.1.0/../../../../arm-none-eabi/lib/thumb/libg.a(lib_a-fseek.o)
                0x000000000200c744                _fseek_r
 .text._fseeko_r
                0x000000000200c75c      0x41c /opt/devkitpro/devkitARM/bin/../lib/gcc/arm-none-eabi/11.1.0/../../../../arm-none-eabi/lib/thumb/libg.a(lib_a-fseeko.o)
                0x000000000200c75c                _fseeko_r
 .text.__libc_init_array
                0x000000000200cb78       0x50 /opt/devkitpro/devkitARM/bin/../lib/gcc/arm-none-eabi/11.1.0/../../../../arm-none-eabi/lib/thumb/libg.a(lib_a-init.o)
                0x000000000200cb78                __libc_init_array
 .text.iprintf  0x000000000200cbc8       0x24 /opt/devkitpro/devkitARM/bin/../lib/gcc/arm-none-eabi/11.1.0/../../../../arm-none-eabi/lib/thumb/libg.a(lib_a-iprintf.o)
                0x000000000200cbc8                iprintf
 .text.localtime_r
                0x000000000200cbec      0x244 /opt/devkitpro/devkitARM/bin/../lib/gcc/arm-none-eabi/11.1.0/../../../../arm-none-eabi/lib/thumb/libg.a(lib_a-lcltime_r.o)
                0x000000000200cbec                localtime_r
 .text.__locale_mb_cur_max
                0x000000000200ce30       0x10 /opt/devkitpro/devkitARM/bin/../lib/gcc/arm-none-eabi/11.1.0/../../../../arm-none-eabi/lib/thumb/libg.a(lib_a-locale.o)
                0x000000000200ce30                __locale_mb_cur_max
 .text.__smakebuf_r
                0x000000000200ce40       0xec /opt/devkitpro/devkitARM/bin/../lib/gcc/arm-none-eabi/11.1.0/../../../../arm-none-eabi/lib/thumb/libg.a(lib_a-makebuf.o)
                0x000000000200ce40                __smakebuf_r
 .text.__swhatbuf_r
                0x000000000200cf2c       0x5c /opt/devkitpro/devkitARM/bin/../lib/gcc/arm-none-eabi/11.1.0/../../../../arm-none-eabi/lib/thumb/libg.a(lib_a-makebuf.o)
                0x000000000200cf2c                __swhatbuf_r
 .text.malloc   0x000000000200cf88       0x14 /opt/devkitpro/devkitARM/bin/../lib/gcc/arm-none-eabi/11.1.0/../../../../arm-none-eabi/lib/thumb/libg.a(lib_a-malloc.o)
                0x000000000200cf88                malloc
 .text.free     0x000000000200cf9c       0x14 /opt/devkitpro/devkitARM/bin/../lib/gcc/arm-none-eabi/11.1.0/../../../../arm-none-eabi/lib/thumb/libg.a(lib_a-malloc.o)
                0x000000000200cf9c                free
 .text._malloc_r
                0x000000000200cfb0      0x58c /opt/devkitpro/devkitARM/bin/../lib/gcc/arm-none-eabi/11.1.0/../../../../arm-none-eabi/lib/thumb/libg.a(lib_a-mallocr.o)
                0x000000000200cfb0                _malloc_r
 .text._mbrtowc_r
                0x000000000200d53c       0x60 /opt/devkitpro/devkitARM/bin/../lib/gcc/arm-none-eabi/11.1.0/../../../../arm-none-eabi/lib/thumb/libg.a(lib_a-mbrtowc.o)
                0x000000000200d53c                _mbrtowc_r
 .text.mbrtowc  0x000000000200d59c       0x7c /opt/devkitpro/devkitARM/bin/../lib/gcc/arm-none-eabi/11.1.0/../../../../arm-none-eabi/lib/thumb/libg.a(lib_a-mbrtowc.o)
                0x000000000200d59c                mbrtowc
 .text.mbsrtowcs
                0x000000000200d618       0x28 /opt/devkitpro/devkitARM/bin/../lib/gcc/arm-none-eabi/11.1.0/../../../../arm-none-eabi/lib/thumb/libg.a(lib_a-mbsrtowcs.o)
                0x000000000200d618                mbsrtowcs
 .text.__utf8_mbtowc
                0x000000000200d640      0x294 /opt/devkitpro/devkitARM/bin/../lib/gcc/arm-none-eabi/11.1.0/../../../../arm-none-eabi/lib/thumb/libg.a(lib_a-mbtowc_r.o)
                0x000000000200d640                __utf8_mbtowc
 .text.memcmp   0x000000000200d8d4       0x4c /opt/devkitpro/devkitARM/bin/../lib/gcc/arm-none-eabi/11.1.0/../../../../arm-none-eabi/lib/thumb/libg.a(lib_a-memcmp.o)
                0x000000000200d8d4                memcmp
 .text.memcpy   0x000000000200d920       0xa8 /opt/devkitpro/devkitARM/bin/../lib/gcc/arm-none-eabi/11.1.0/../../../../arm-none-eabi/lib/thumb/libg.a(lib_a-memcpy-stub.o)
                0x000000000200d920                memcpy
 .text.memmove  0x000000000200d9c8       0xbc /opt/devkitpro/devkitARM/bin/../lib/gcc/arm-none-eabi/11.1.0/../../../../arm-none-eabi/lib/thumb/libg.a(lib_a-memmove.o)
                0x000000000200d9c8                memmove
 .text.memset   0x000000000200da84       0xb0 /opt/devkitpro/devkitARM/bin/../lib/gcc/arm-none-eabi/11.1.0/../../../../arm-none-eabi/lib/thumb/libg.a(lib_a-memset.o)
                0x000000000200da84                memset
 .text.validate_structure
                0x000000000200db34      0x1dc /opt/devkitpro/devkitARM/bin/../lib/gcc/arm-none-eabi/11.1.0/../../../../arm-none-eabi/lib/thumb/libg.a(lib_a-mktime.o)
 .text.mktime   0x000000000200dd10      0x450 /opt/devkitpro/devkitARM/bin/../lib/gcc/arm-none-eabi/11.1.0/../../../../arm-none-eabi/lib/thumb/libg.a(lib_a-mktime.o)
                0x000000000200dd10                mktime
 .text.__malloc_lock
                0x000000000200e160       0x14 /opt/devkitpro/devkitARM/bin/../lib/gcc/arm-none-eabi/11.1.0/../../../../arm-none-eabi/lib/thumb/libg.a(lib_a-mlock.o)
                0x000000000200e160                __malloc_lock
 .text.__malloc_unlock
                0x000000000200e174       0x14 /opt/devkitpro/devkitARM/bin/../lib/gcc/arm-none-eabi/11.1.0/../../../../arm-none-eabi/lib/thumb/libg.a(lib_a-mlock.o)
                0x000000000200e174                __malloc_unlock
 .text.lflush   0x000000000200e188       0x20 /opt/devkitpro/devkitARM/bin/../lib/gcc/arm-none-eabi/11.1.0/../../../../arm-none-eabi/lib/thumb/libg.a(lib_a-refill.o)
 .text.__srefill_r
                0x000000000200e1a8      0x118 /opt/devkitpro/devkitARM/bin/../lib/gcc/arm-none-eabi/11.1.0/../../../../arm-none-eabi/lib/thumb/libg.a(lib_a-refill.o)
                0x000000000200e1a8                __srefill_r
 .text.rewind   0x000000000200e2c0       0x20 /opt/devkitpro/devkitARM/bin/../lib/gcc/arm-none-eabi/11.1.0/../../../../arm-none-eabi/lib/thumb/libg.a(lib_a-rewind.o)
                0x000000000200e2c0                rewind
 .text.setvbuf  0x000000000200e2e0      0x1ac /opt/devkitpro/devkitARM/bin/../lib/gcc/arm-none-eabi/11.1.0/../../../../arm-none-eabi/lib/thumb/libg.a(lib_a-setvbuf.o)
                0x000000000200e2e0                setvbuf
 .text.siscanf  0x000000000200e48c       0x4c /opt/devkitpro/devkitARM/bin/../lib/gcc/arm-none-eabi/11.1.0/../../../../arm-none-eabi/lib/thumb/libg.a(lib_a-siscanf.o)
                0x000000000200e48c                siscanf
 .text.__sread  0x000000000200e4d8       0x34 /opt/devkitpro/devkitARM/bin/../lib/gcc/arm-none-eabi/11.1.0/../../../../arm-none-eabi/lib/thumb/libg.a(lib_a-stdio.o)
                0x000000000200e4d8                __sread
 .text.__seofread
                0x000000000200e50c        0x4 /opt/devkitpro/devkitARM/bin/../lib/gcc/arm-none-eabi/11.1.0/../../../../arm-none-eabi/lib/thumb/libg.a(lib_a-stdio.o)
                0x000000000200e50c                __seofread
 .text.__swrite
                0x000000000200e510       0x4c /opt/devkitpro/devkitARM/bin/../lib/gcc/arm-none-eabi/11.1.0/../../../../arm-none-eabi/lib/thumb/libg.a(lib_a-stdio.o)
                0x000000000200e510                __swrite
 .text.__sseek  0x000000000200e55c       0x40 /opt/devkitpro/devkitARM/bin/../lib/gcc/arm-none-eabi/11.1.0/../../../../arm-none-eabi/lib/thumb/libg.a(lib_a-stdio.o)
                0x000000000200e55c                __sseek
 .text.__sclose
                0x000000000200e59c       0x10 /opt/devkitpro/devkitARM/bin/../lib/gcc/arm-none-eabi/11.1.0/../../../../arm-none-eabi/lib/thumb/libg.a(lib_a-stdio.o)
                0x000000000200e59c                __sclose
 .text.stpcpy   0x000000000200e5ac       0x50 /opt/devkitpro/devkitARM/bin/../lib/gcc/arm-none-eabi/11.1.0/../../../../arm-none-eabi/lib/thumb/libg.a(lib_a-stpcpy.o)
                0x000000000200e5ac                stpcpy
 .text.strcasecmp
                0x000000000200e5fc       0x48 /opt/devkitpro/devkitARM/bin/../lib/gcc/arm-none-eabi/11.1.0/../../../../arm-none-eabi/lib/thumb/libg.a(lib_a-strcasecmp.o)
                0x000000000200e5fc                strcasecmp
 .text.strchr   0x000000000200e644       0xc8 /opt/devkitpro/devkitARM/bin/../lib/gcc/arm-none-eabi/11.1.0/../../../../arm-none-eabi/lib/thumb/libg.a(lib_a-strchr.o)
                0x000000000200e644                strchr
 .text.strcpy   0x000000000200e70c       0x10 /opt/devkitpro/devkitARM/bin/../lib/gcc/arm-none-eabi/11.1.0/../../../../arm-none-eabi/lib/thumb/libg.a(lib_a-strcpy.o)
                0x000000000200e70c                strcpy
 .text.strdup   0x000000000200e71c       0x14 /opt/devkitpro/devkitARM/bin/../lib/gcc/arm-none-eabi/11.1.0/../../../../arm-none-eabi/lib/thumb/libg.a(lib_a-strdup.o)
                0x000000000200e71c                strdup
 .text._strdup_r
                0x000000000200e730       0x2c /opt/devkitpro/devkitARM/bin/../lib/gcc/arm-none-eabi/11.1.0/../../../../arm-none-eabi/lib/thumb/libg.a(lib_a-strdup_r.o)
                0x000000000200e730                _strdup_r
 .text.strlen   0x000000000200e75c       0x60 /opt/devkitpro/devkitARM/bin/../lib/gcc/arm-none-eabi/11.1.0/../../../../arm-none-eabi/lib/thumb/libg.a(lib_a-strlen-stub.o)
                0x000000000200e75c                strlen
 .text.strncasecmp
                0x000000000200e7bc       0x54 /opt/devkitpro/devkitARM/bin/../lib/gcc/arm-none-eabi/11.1.0/../../../../arm-none-eabi/lib/thumb/libg.a(lib_a-strncasecmp.o)
                0x000000000200e7bc                strncasecmp
 .text.strncmp  0x000000000200e810       0x78 /opt/devkitpro/devkitARM/bin/../lib/gcc/arm-none-eabi/11.1.0/../../../../arm-none-eabi/lib/thumb/libg.a(lib_a-strncmp.o)
                0x000000000200e810                strncmp
 .text.strncpy  0x000000000200e888       0x74 /opt/devkitpro/devkitARM/bin/../lib/gcc/arm-none-eabi/11.1.0/../../../../arm-none-eabi/lib/thumb/libg.a(lib_a-strncpy.o)
                0x000000000200e888                strncpy
 .text.strnlen  0x000000000200e8fc       0x28 /opt/devkitpro/devkitARM/bin/../lib/gcc/arm-none-eabi/11.1.0/../../../../arm-none-eabi/lib/thumb/libg.a(lib_a-strnlen.o)
                0x000000000200e8fc                strnlen
 .text.strpbrk  0x000000000200e924       0x3c /opt/devkitpro/devkitARM/bin/../lib/gcc/arm-none-eabi/11.1.0/../../../../arm-none-eabi/lib/thumb/libg.a(lib_a-strpbrk.o)
                0x000000000200e924                strpbrk
 .text.strrchr  0x000000000200e960       0x2c /opt/devkitpro/devkitARM/bin/../lib/gcc/arm-none-eabi/11.1.0/../../../../arm-none-eabi/lib/thumb/libg.a(lib_a-strrchr.o)
                0x000000000200e960                strrchr
 .text._strtol_l.part.0
                0x000000000200e98c      0x144 /opt/devkitpro/devkitARM/bin/../lib/gcc/arm-none-eabi/11.1.0/../../../../arm-none-eabi/lib/thumb/libg.a(lib_a-strtol.o)
 .text._strtol_r
                0x000000000200ead0       0x20 /opt/devkitpro/devkitARM/bin/../lib/gcc/arm-none-eabi/11.1.0/../../../../arm-none-eabi/lib/thumb/libg.a(lib_a-strtol.o)
                0x000000000200ead0                _strtol_r
 .text.get_arg  0x000000000200eaf0       0x32 /opt/devkitpro/devkitARM/bin/../lib/gcc/arm-none-eabi/11.1.0/../../../../arm-none-eabi/lib/thumb/libg.a(lib_a-svfiscanf.o)
 .text._sungetc_r
                0x000000000200eb22       0x7e /opt/devkitpro/devkitARM/bin/../lib/gcc/arm-none-eabi/11.1.0/../../../../arm-none-eabi/lib/thumb/libg.a(lib_a-svfiscanf.o)
                0x000000000200eb22                _sungetc_r
 .text.__ssrefill_r
                0x000000000200eba0       0x42 /opt/devkitpro/devkitARM/bin/../lib/gcc/arm-none-eabi/11.1.0/../../../../arm-none-eabi/lib/thumb/libg.a(lib_a-svfiscanf.o)
                0x000000000200eba0                __ssrefill_r
 .text._sfread_r
                0x000000000200ebe2       0x88 /opt/devkitpro/devkitARM/bin/../lib/gcc/arm-none-eabi/11.1.0/../../../../arm-none-eabi/lib/thumb/libg.a(lib_a-svfiscanf.o)
                0x000000000200ebe2                _sfread_r
 *fill*         0x000000000200ec6a        0x2 ff
 .text.__ssvfiscanf_r
                0x000000000200ec6c     0x1a04 /opt/devkitpro/devkitARM/bin/../lib/gcc/arm-none-eabi/11.1.0/../../../../arm-none-eabi/lib/thumb/libg.a(lib_a-svfiscanf.o)
                0x000000000200ec6c                __ssvfiscanf_r
 .text.lseek    0x0000000002010670       0x24 /opt/devkitpro/devkitARM/bin/../lib/gcc/arm-none-eabi/11.1.0/../../../../arm-none-eabi/lib/thumb/libg.a(lib_a-syslseek.o)
                0x0000000002010670                lseek
 .text.open     0x0000000002010694       0x28 /opt/devkitpro/devkitARM/bin/../lib/gcc/arm-none-eabi/11.1.0/../../../../arm-none-eabi/lib/thumb/libg.a(lib_a-sysopen.o)
                0x0000000002010694                open
 .text.read     0x00000000020106bc       0x1c /opt/devkitpro/devkitARM/bin/../lib/gcc/arm-none-eabi/11.1.0/../../../../arm-none-eabi/lib/thumb/libg.a(lib_a-sysread.o)
                0x00000000020106bc                read
 .text.time     0x00000000020106d8       0x34 /opt/devkitpro/devkitARM/bin/../lib/gcc/arm-none-eabi/11.1.0/../../../../arm-none-eabi/lib/thumb/libg.a(lib_a-time.o)
                0x00000000020106d8                time
 .text.towlower
                0x000000000201070c       0x10 /opt/devkitpro/devkitARM/bin/../lib/gcc/arm-none-eabi/11.1.0/../../../../arm-none-eabi/lib/thumb/libg.a(lib_a-towlower.o)
                0x000000000201070c                towlower
 .text.towupper
                0x000000000201071c       0x10 /opt/devkitpro/devkitARM/bin/../lib/gcc/arm-none-eabi/11.1.0/../../../../arm-none-eabi/lib/thumb/libg.a(lib_a-towupper.o)
                0x000000000201071c                towupper
 .text.__tzcalc_limits
                0x000000000201072c      0x1b4 /opt/devkitpro/devkitARM/bin/../lib/gcc/arm-none-eabi/11.1.0/../../../../arm-none-eabi/lib/thumb/libg.a(lib_a-tzcalc_limits.o)
                0x000000000201072c                __tzcalc_limits
 .text.__tz_lock
                0x00000000020108e0       0x14 /opt/devkitpro/devkitARM/bin/../lib/gcc/arm-none-eabi/11.1.0/../../../../arm-none-eabi/lib/thumb/libg.a(lib_a-tzlock.o)
                0x00000000020108e0                __tz_lock
 .text.__tz_unlock
                0x00000000020108f4       0x14 /opt/devkitpro/devkitARM/bin/../lib/gcc/arm-none-eabi/11.1.0/../../../../arm-none-eabi/lib/thumb/libg.a(lib_a-tzlock.o)
                0x00000000020108f4                __tz_unlock
 .text._tzset_unlocked
                0x0000000002010908       0x10 /opt/devkitpro/devkitARM/bin/../lib/gcc/arm-none-eabi/11.1.0/../../../../arm-none-eabi/lib/thumb/libg.a(lib_a-tzset.o)
                0x0000000002010908                _tzset_unlocked
 .text._tzset_unlocked_r
                0x0000000002010918      0x370 /opt/devkitpro/devkitARM/bin/../lib/gcc/arm-none-eabi/11.1.0/../../../../arm-none-eabi/lib/thumb/libg.a(lib_a-tzset_r.o)
                0x0000000002010918                _tzset_unlocked_r
 .text.__submore
                0x0000000002010c88       0x88 /opt/devkitpro/devkitARM/bin/../lib/gcc/arm-none-eabi/11.1.0/../../../../arm-none-eabi/lib/thumb/libg.a(lib_a-ungetc.o)
                0x0000000002010c88                __submore
 .text.get_arg  0x0000000002010d10      0x400 /opt/devkitpro/devkitARM/bin/../lib/gcc/arm-none-eabi/11.1.0/../../../../arm-none-eabi/lib/thumb/libg.a(lib_a-vfiprintf.o)
 .text.__sprint_r
                0x0000000002011110       0x24 /opt/devkitpro/devkitARM/bin/../lib/gcc/arm-none-eabi/11.1.0/../../../../arm-none-eabi/lib/thumb/libg.a(lib_a-vfiprintf.o)
                0x0000000002011110                __sprint_r
 .text._vfiprintf_r
                0x0000000002011134     0x1710 /opt/devkitpro/devkitARM/bin/../lib/gcc/arm-none-eabi/11.1.0/../../../../arm-none-eabi/lib/thumb/libg.a(lib_a-vfiprintf.o)
                0x0000000002011134                _vfiprintf_r
 .text.__sbprintf
                0x0000000002012844       0x8c /opt/devkitpro/devkitARM/bin/../lib/gcc/arm-none-eabi/11.1.0/../../../../arm-none-eabi/lib/thumb/libg.a(lib_a-vfiprintf.o)
 .text._wcrtomb_r
                0x00000000020128d0       0x5c /opt/devkitpro/devkitARM/bin/../lib/gcc/arm-none-eabi/11.1.0/../../../../arm-none-eabi/lib/thumb/libg.a(lib_a-wcrtomb.o)
                0x00000000020128d0                _wcrtomb_r
 .text.wcrtomb  0x000000000201292c       0x74 /opt/devkitpro/devkitARM/bin/../lib/gcc/arm-none-eabi/11.1.0/../../../../arm-none-eabi/lib/thumb/libg.a(lib_a-wcrtomb.o)
                0x000000000201292c                wcrtomb
 .text._wcsrtombs_r
                0x00000000020129a0       0x1c /opt/devkitpro/devkitARM/bin/../lib/gcc/arm-none-eabi/11.1.0/../../../../arm-none-eabi/lib/thumb/libg.a(lib_a-wcsrtombs.o)
                0x00000000020129a0                _wcsrtombs_r
 .text.wctob    0x00000000020129bc       0x48 /opt/devkitpro/devkitARM/bin/../lib/gcc/arm-none-eabi/11.1.0/../../../../arm-none-eabi/lib/thumb/libg.a(lib_a-wctob.o)
                0x00000000020129bc                wctob
 .text.__utf8_wctomb
                0x0000000002012a04       0xb4 /opt/devkitpro/devkitARM/bin/../lib/gcc/arm-none-eabi/11.1.0/../../../../arm-none-eabi/lib/thumb/libg.a(lib_a-wctomb_r.o)
                0x0000000002012a04                __utf8_wctomb
 .text.__swsetup_r
                0x0000000002012ab8       0xe4 /opt/devkitpro/devkitARM/bin/../lib/gcc/arm-none-eabi/11.1.0/../../../../arm-none-eabi/lib/thumb/libg.a(lib_a-wsetup.o)
                0x0000000002012ab8                __swsetup_r
 .text.div      0x0000000002012b9c       0x34 /opt/devkitpro/devkitARM/bin/../lib/gcc/arm-none-eabi/11.1.0/../../../../arm-none-eabi/lib/thumb/libg.a(lib_a-div.o)
                0x0000000002012b9c                div
 .text.__sflush_r
                0x0000000002012bd0      0x1c0 /opt/devkitpro/devkitARM/bin/../lib/gcc/arm-none-eabi/11.1.0/../../../../arm-none-eabi/lib/thumb/libg.a(lib_a-fflush.o)
                0x0000000002012bd0                __sflush_r
 .text._fflush_r
                0x0000000002012d90       0x70 /opt/devkitpro/devkitARM/bin/../lib/gcc/arm-none-eabi/11.1.0/../../../../arm-none-eabi/lib/thumb/libg.a(lib_a-fflush.o)
                0x0000000002012d90                _fflush_r
 .text.fflush   0x0000000002012e00       0x2c /opt/devkitpro/devkitARM/bin/../lib/gcc/arm-none-eabi/11.1.0/../../../../arm-none-eabi/lib/thumb/libg.a(lib_a-fflush.o)
                0x0000000002012e00                fflush
 .text._cleanup_r
                0x0000000002012e2c       0x14 /opt/devkitpro/devkitARM/bin/../lib/gcc/arm-none-eabi/11.1.0/../../../../arm-none-eabi/lib/thumb/libg.a(lib_a-findfp.o)
                0x0000000002012e2c                _cleanup_r
 .text.__sinit  0x0000000002012e40      0x124 /opt/devkitpro/devkitARM/bin/../lib/gcc/arm-none-eabi/11.1.0/../../../../arm-none-eabi/lib/thumb/libg.a(lib_a-findfp.o)
                0x0000000002012e40                __sinit
 .text.__sfp    0x0000000002012f64       0xdc /opt/devkitpro/devkitARM/bin/../lib/gcc/arm-none-eabi/11.1.0/../../../../arm-none-eabi/lib/thumb/libg.a(lib_a-findfp.o)
                0x0000000002012f64                __sfp
 .text.__sfp_lock_acquire
                0x0000000002013040       0x14 /opt/devkitpro/devkitARM/bin/../lib/gcc/arm-none-eabi/11.1.0/../../../../arm-none-eabi/lib/thumb/libg.a(lib_a-findfp.o)
                0x0000000002013040                __sfp_lock_acquire
 .text.__sfp_lock_release
                0x0000000002013054       0x14 /opt/devkitpro/devkitARM/bin/../lib/gcc/arm-none-eabi/11.1.0/../../../../arm-none-eabi/lib/thumb/libg.a(lib_a-findfp.o)
                0x0000000002013054                __sfp_lock_release
 .text.__sflags
                0x0000000002013068       0xa4 /opt/devkitpro/devkitARM/bin/../lib/gcc/arm-none-eabi/11.1.0/../../../../arm-none-eabi/lib/thumb/libg.a(lib_a-flags.o)
                0x0000000002013068                __sflags
 .text.__sfvwrite_r
                0x000000000201310c      0x34c /opt/devkitpro/devkitARM/bin/../lib/gcc/arm-none-eabi/11.1.0/../../../../arm-none-eabi/lib/thumb/libg.a(lib_a-fvwrite.o)
                0x000000000201310c                __sfvwrite_r
 .text._fwalk   0x0000000002013458       0x48 /opt/devkitpro/devkitARM/bin/../lib/gcc/arm-none-eabi/11.1.0/../../../../arm-none-eabi/lib/thumb/libg.a(lib_a-fwalk.o)
                0x0000000002013458                _fwalk
 .text._fwalk_reent
                0x00000000020134a0       0x50 /opt/devkitpro/devkitARM/bin/../lib/gcc/arm-none-eabi/11.1.0/../../../../arm-none-eabi/lib/thumb/libg.a(lib_a-fwalk.o)
                0x00000000020134a0                _fwalk_reent
 .text._findenv_r
                0x00000000020134f0       0x94 /opt/devkitpro/devkitARM/bin/../lib/gcc/arm-none-eabi/11.1.0/../../../../arm-none-eabi/lib/thumb/libg.a(lib_a-getenv_r.o)
                0x00000000020134f0                _findenv_r
 .text._getenv_r
                0x0000000002013584       0x10 /opt/devkitpro/devkitARM/bin/../lib/gcc/arm-none-eabi/11.1.0/../../../../arm-none-eabi/lib/thumb/libg.a(lib_a-getenv_r.o)
                0x0000000002013584                _getenv_r
 .text.__gettzinfo
                0x0000000002013594        0x8 /opt/devkitpro/devkitARM/bin/../lib/gcc/arm-none-eabi/11.1.0/../../../../arm-none-eabi/lib/thumb/libg.a(lib_a-gettzinfo.o)
                0x0000000002013594                __gettzinfo
 .text.gmtime_r
                0x000000000201359c      0x1c8 /opt/devkitpro/devkitARM/bin/../lib/gcc/arm-none-eabi/11.1.0/../../../../arm-none-eabi/lib/thumb/libg.a(lib_a-gmtime_r.o)
                0x000000000201359c                gmtime_r
 .text.iswspace
                0x0000000002013764       0x10 /opt/devkitpro/devkitARM/bin/../lib/gcc/arm-none-eabi/11.1.0/../../../../arm-none-eabi/lib/thumb/libg.a(lib_a-iswspace.o)
                0x0000000002013764                iswspace
 .text._localeconv_r
                0x0000000002013774        0x8 /opt/devkitpro/devkitARM/bin/../lib/gcc/arm-none-eabi/11.1.0/../../../../arm-none-eabi/lib/thumb/libg.a(lib_a-localeconv.o)
                0x0000000002013774                _localeconv_r
 .text._mbsnrtowcs_r
                0x000000000201377c       0xbc /opt/devkitpro/devkitARM/bin/../lib/gcc/arm-none-eabi/11.1.0/../../../../arm-none-eabi/lib/thumb/libg.a(lib_a-mbsnrtowcs.o)
                0x000000000201377c                _mbsnrtowcs_r
 .text.memchr   0x0000000002013838       0x78 /opt/devkitpro/devkitARM/bin/../lib/gcc/arm-none-eabi/11.1.0/../../../../arm-none-eabi/lib/thumb/libg.a(lib_a-memchr-stub.o)
                0x0000000002013838                memchr
 .text.realloc  0x00000000020138b0       0x18 /opt/devkitpro/devkitARM/bin/../lib/gcc/arm-none-eabi/11.1.0/../../../../arm-none-eabi/lib/thumb/libg.a(lib_a-realloc.o)
                0x00000000020138b0                realloc
 .text._realloc_r
                0x00000000020138c8      0x380 /opt/devkitpro/devkitARM/bin/../lib/gcc/arm-none-eabi/11.1.0/../../../../arm-none-eabi/lib/thumb/libg.a(lib_a-reallocr.o)
                0x00000000020138c8                _realloc_r
 .text.__sccl   0x0000000002013c48       0x90 /opt/devkitpro/devkitARM/bin/../lib/gcc/arm-none-eabi/11.1.0/../../../../arm-none-eabi/lib/thumb/libg.a(lib_a-sccl.o)
                0x0000000002013c48                __sccl
 .text._strtoll_l.constprop.0
                0x0000000002013cd8      0x1a4 /opt/devkitpro/devkitARM/bin/../lib/gcc/arm-none-eabi/11.1.0/../../../../arm-none-eabi/lib/thumb/libg.a(lib_a-strtoll.o)
 .text._strtoll_r
                0x0000000002013e7c        0xc /opt/devkitpro/devkitARM/bin/../lib/gcc/arm-none-eabi/11.1.0/../../../../arm-none-eabi/lib/thumb/libg.a(lib_a-strtoll.o)
                0x0000000002013e7c                _strtoll_r
 .text._strtoull_l.constprop.0
                0x0000000002013e88      0x1c0 /opt/devkitpro/devkitARM/bin/../lib/gcc/arm-none-eabi/11.1.0/../../../../arm-none-eabi/lib/thumb/libg.a(lib_a-strtoull.o)
 .text._strtoull_r
                0x0000000002014048        0xc /opt/devkitpro/devkitARM/bin/../lib/gcc/arm-none-eabi/11.1.0/../../../../arm-none-eabi/lib/thumb/libg.a(lib_a-strtoull.o)
                0x0000000002014048                _strtoull_r
 .text._strtoul_l.constprop.0
                0x0000000002014054      0x148 /opt/devkitpro/devkitARM/bin/../lib/gcc/arm-none-eabi/11.1.0/../../../../arm-none-eabi/lib/thumb/libg.a(lib_a-strtoul.o)
 .text._strtoul_r
                0x000000000201419c        0xc /opt/devkitpro/devkitARM/bin/../lib/gcc/arm-none-eabi/11.1.0/../../../../arm-none-eabi/lib/thumb/libg.a(lib_a-strtoul.o)
                0x000000000201419c                _strtoul_r
 .text.strtoul  0x00000000020141a8       0x1c /opt/devkitpro/devkitARM/bin/../lib/gcc/arm-none-eabi/11.1.0/../../../../arm-none-eabi/lib/thumb/libg.a(lib_a-strtoul.o)
                0x00000000020141a8                strtoul
 .text.towctrans
                0x00000000020141c4       0x28 /opt/devkitpro/devkitARM/bin/../lib/gcc/arm-none-eabi/11.1.0/../../../../arm-none-eabi/lib/thumb/libg.a(lib_a-towctrans.o)
                0x00000000020141c4                towctrans
 .text._wcsnrtombs_l
                0x00000000020141ec      0x110 /opt/devkitpro/devkitARM/bin/../lib/gcc/arm-none-eabi/11.1.0/../../../../arm-none-eabi/lib/thumb/libg.a(lib_a-wcsnrtombs.o)
                0x00000000020141ec                _wcsnrtombs_l
 .text._wcsnrtombs_r
                0x00000000020142fc       0x30 /opt/devkitpro/devkitARM/bin/../lib/gcc/arm-none-eabi/11.1.0/../../../../arm-none-eabi/lib/thumb/libg.a(lib_a-wcsnrtombs.o)
                0x00000000020142fc                _wcsnrtombs_r
 .text.__env_lock
                0x000000000201432c       0x14 /opt/devkitpro/devkitARM/bin/../lib/gcc/arm-none-eabi/11.1.0/../../../../arm-none-eabi/lib/thumb/libg.a(lib_a-envlock.o)
                0x000000000201432c                __env_lock
 .text.__env_unlock
                0x0000000002014340       0x14 /opt/devkitpro/devkitARM/bin/../lib/gcc/arm-none-eabi/11.1.0/../../../../arm-none-eabi/lib/thumb/libg.a(lib_a-envlock.o)
                0x0000000002014340                __env_unlock
 .text._fclose_r
                0x0000000002014354       0xe8 /opt/devkitpro/devkitARM/bin/../lib/gcc/arm-none-eabi/11.1.0/../../../../arm-none-eabi/lib/thumb/libg.a(lib_a-fclose.o)
                0x0000000002014354                _fclose_r
 .text.iswspace_l
                0x000000000201443c       0x2c /opt/devkitpro/devkitARM/bin/../lib/gcc/arm-none-eabi/11.1.0/../../../../arm-none-eabi/lib/thumb/libg.a(lib_a-iswspace_l.o)
                0x000000000201443c                iswspace_l
 .text.__jp2uc  0x0000000002014468      0x154 /opt/devkitpro/devkitARM/bin/../lib/gcc/arm-none-eabi/11.1.0/../../../../arm-none-eabi/lib/thumb/libg.a(lib_a-jp2uc.o)
 .text._jp2uc_l
                0x00000000020145bc       0x6c /opt/devkitpro/devkitARM/bin/../lib/gcc/arm-none-eabi/11.1.0/../../../../arm-none-eabi/lib/thumb/libg.a(lib_a-jp2uc.o)
                0x00000000020145bc                _jp2uc_l
 .text._uc2jp_l
                0x0000000002014628       0x4c /opt/devkitpro/devkitARM/bin/../lib/gcc/arm-none-eabi/11.1.0/../../../../arm-none-eabi/lib/thumb/libg.a(lib_a-jp2uc.o)
                0x0000000002014628                _uc2jp_l
 .text.towctrans_l
                0x0000000002014674      0x1b4 /opt/devkitpro/devkitARM/bin/../lib/gcc/arm-none-eabi/11.1.0/../../../../arm-none-eabi/lib/thumb/libg.a(lib_a-towctrans_l.o)
                0x0000000002014674                towctrans_l
 .text.category
                0x0000000002014828       0x54 /opt/devkitpro/devkitARM/bin/../lib/gcc/arm-none-eabi/11.1.0/../../../../arm-none-eabi/lib/thumb/libg.a(lib_a-categories.o)
                0x0000000002014828                category
 .text.null_write
                0x000000000201487c        0x4 /opt/devkitpro/devkitARM/bin/../lib/gcc/arm-none-eabi/11.1.0/../../../../arm-none-eabi/lib/thumb/libsysbase.a(iosupport.o)
 .text.setDefaultDevice
                0x0000000002014880       0x10 /opt/devkitpro/devkitARM/bin/../lib/gcc/arm-none-eabi/11.1.0/../../../../arm-none-eabi/lib/thumb/libsysbase.a(iosupport.o)
                0x0000000002014880                setDefaultDevice
 .text.FindDevice
                0x0000000002014890       0x98 /opt/devkitpro/devkitARM/bin/../lib/gcc/arm-none-eabi/11.1.0/../../../../arm-none-eabi/lib/thumb/libsysbase.a(iosupport.o)
                0x0000000002014890                FindDevice
 .text.AddDevice
                0x0000000002014928       0x78 /opt/devkitpro/devkitARM/bin/../lib/gcc/arm-none-eabi/11.1.0/../../../../arm-none-eabi/lib/thumb/libsysbase.a(iosupport.o)
                0x0000000002014928                AddDevice
 .text.GetDeviceOpTab
                0x00000000020149a0       0x20 /opt/devkitpro/devkitARM/bin/../lib/gcc/arm-none-eabi/11.1.0/../../../../arm-none-eabi/lib/thumb/libsysbase.a(iosupport.o)
                0x00000000020149a0                GetDeviceOpTab
 .text._fstat_r
                0x00000000020149c0       0x4c /opt/devkitpro/devkitARM/bin/../lib/gcc/arm-none-eabi/11.1.0/../../../../arm-none-eabi/lib/thumb/libsysbase.a(fstat.o)
                0x00000000020149c0                _fstat_r
 .text._gettimeofday_r
                0x0000000002014a0c       0x28 /opt/devkitpro/devkitARM/bin/../lib/gcc/arm-none-eabi/11.1.0/../../../../arm-none-eabi/lib/thumb/libsysbase.a(gettod.o)
                0x0000000002014a0c                _gettimeofday_r
 .text._isatty_r
                0x0000000002014a34        0x4 /opt/devkitpro/devkitARM/bin/../lib/gcc/arm-none-eabi/11.1.0/../../../../arm-none-eabi/lib/thumb/libsysbase.a(isatty.o)
                0x0000000002014a34                _isatty_r
 .text._lseek_r
                0x0000000002014a38       0x5c /opt/devkitpro/devkitARM/bin/../lib/gcc/arm-none-eabi/11.1.0/../../../../arm-none-eabi/lib/thumb/libsysbase.a(lseek.o)
                0x0000000002014a38                _lseek_r
 .text._open_r  0x0000000002014a94       0x9c /opt/devkitpro/devkitARM/bin/../lib/gcc/arm-none-eabi/11.1.0/../../../../arm-none-eabi/lib/thumb/libsysbase.a(open.o)
                0x0000000002014a94                _open_r
 .text._read_r  0x0000000002014b30       0x50 /opt/devkitpro/devkitARM/bin/../lib/gcc/arm-none-eabi/11.1.0/../../../../arm-none-eabi/lib/thumb/libsysbase.a(read.o)
                0x0000000002014b30                _read_r
 .text._sbrk_r  0x0000000002014b80       0x54 /opt/devkitpro/devkitARM/bin/../lib/gcc/arm-none-eabi/11.1.0/../../../../arm-none-eabi/lib/thumb/libsysbase.a(sbrk.o)
                0x0000000002014b80                _sbrk_r
 .text._write_r
                0x0000000002014bd4       0x50 /opt/devkitpro/devkitARM/bin/../lib/gcc/arm-none-eabi/11.1.0/../../../../arm-none-eabi/lib/thumb/libsysbase.a(write.o)
                0x0000000002014bd4                _write_r
 .text._concatenate_path
                0x0000000002014c24      0x128 /opt/devkitpro/devkitARM/bin/../lib/gcc/arm-none-eabi/11.1.0/../../../../arm-none-eabi/lib/thumb/libsysbase.a(chdir.o)
                0x0000000002014c24                _concatenate_path
 .text.chdir    0x0000000002014d4c       0xf0 /opt/devkitpro/devkitARM/bin/../lib/gcc/arm-none-eabi/11.1.0/../../../../arm-none-eabi/lib/thumb/libsysbase.a(chdir.o)
                0x0000000002014d4c                chdir
 .text.getcwd   0x0000000002014e3c       0x60 /opt/devkitpro/devkitARM/bin/../lib/gcc/arm-none-eabi/11.1.0/../../../../arm-none-eabi/lib/thumb/libsysbase.a(chdir.o)
                0x0000000002014e3c                getcwd
 .text.build_argv
                0x0000000002014e9c       0x4c /opt/devkitpro/devkitARM/bin/../lib/gcc/arm-none-eabi/11.1.0/../../../../arm-none-eabi/lib/thumb/libsysbase.a(build_argv.o)
                0x0000000002014e9c                build_argv
 .text.__flockfile
                0x0000000002014ee8       0x10 /opt/devkitpro/devkitARM/bin/../lib/gcc/arm-none-eabi/11.1.0/../../../../arm-none-eabi/lib/thumb/libsysbase.a(flock.o)
                0x0000000002014ee8                __flockfile
 .text.__funlockfile
                0x0000000002014ef8       0x10 /opt/devkitpro/devkitARM/bin/../lib/gcc/arm-none-eabi/11.1.0/../../../../arm-none-eabi/lib/thumb/libsysbase.a(flock.o)
                0x0000000002014ef8                __funlockfile
 .text.__libc_lock_acquire
                0x0000000002014f08       0x1c /opt/devkitpro/devkitARM/bin/../lib/gcc/arm-none-eabi/11.1.0/../../../../arm-none-eabi/lib/thumb/libsysbase.a(syscall_support.o)
                0x0000000002014f08                __libc_lock_acquire
 .text.__libc_lock_release
                0x0000000002014f24       0x1c /opt/devkitpro/devkitARM/bin/../lib/gcc/arm-none-eabi/11.1.0/../../../../arm-none-eabi/lib/thumb/libsysbase.a(syscall_support.o)
                0x0000000002014f24                __libc_lock_release
 .text.__libc_lock_init_recursive
                0x0000000002014f40       0x1c /opt/devkitpro/devkitARM/bin/../lib/gcc/arm-none-eabi/11.1.0/../../../../arm-none-eabi/lib/thumb/libsysbase.a(syscall_support.o)
                0x0000000002014f40                __libc_lock_init_recursive
 .text.__libc_lock_acquire_recursive
                0x0000000002014f5c       0x1c /opt/devkitpro/devkitARM/bin/../lib/gcc/arm-none-eabi/11.1.0/../../../../arm-none-eabi/lib/thumb/libsysbase.a(syscall_support.o)
                0x0000000002014f5c                __libc_lock_acquire_recursive
 .text.__libc_lock_release_recursive
                0x0000000002014f78       0x1c /opt/devkitpro/devkitARM/bin/../lib/gcc/arm-none-eabi/11.1.0/../../../../arm-none-eabi/lib/thumb/libsysbase.a(syscall_support.o)
                0x0000000002014f78                __libc_lock_release_recursive
 .text.__libc_lock_close_recursive
                0x0000000002014f94       0x1c /opt/devkitpro/devkitARM/bin/../lib/gcc/arm-none-eabi/11.1.0/../../../../arm-none-eabi/lib/thumb/libsysbase.a(syscall_support.o)
                0x0000000002014f94                __libc_lock_close_recursive
 .text.__release_handle
                0x0000000002014fb0       0x68 /opt/devkitpro/devkitARM/bin/../lib/gcc/arm-none-eabi/11.1.0/../../../../arm-none-eabi/lib/thumb/libsysbase.a(handle_manager.o)
                0x0000000002014fb0                __release_handle
 .text.__alloc_handle
                0x0000000002015018       0x80 /opt/devkitpro/devkitARM/bin/../lib/gcc/arm-none-eabi/11.1.0/../../../../arm-none-eabi/lib/thumb/libsysbase.a(handle_manager.o)
                0x0000000002015018                __alloc_handle
 .text.__get_handle
                0x0000000002015098       0x34 /opt/devkitpro/devkitARM/bin/../lib/gcc/arm-none-eabi/11.1.0/../../../../arm-none-eabi/lib/thumb/libsysbase.a(handle_manager.o)
                0x0000000002015098                __get_handle
 .text._close_r
                0x00000000020150cc       0xb8 /opt/devkitpro/devkitARM/bin/../lib/gcc/arm-none-eabi/11.1.0/../../../../arm-none-eabi/lib/thumb/libsysbase.a(handle_manager.o)
                0x00000000020150cc                _close_r
 .text.__getreent
                0x0000000002015184       0x28 /opt/devkitpro/devkitARM/bin/../lib/gcc/arm-none-eabi/11.1.0/../../../../arm-none-eabi/lib/thumb/libsysbase.a(getreent.o)
                0x0000000002015184                __getreent
 *fill*         0x00000000020151ac        0x4 ff
 .text.__getreent.__stub
                0x00000000020151b0       0x90 linker stubs
 *(EXCLUDE_FILE(*.twl*) .gnu.warning)
 *(EXCLUDE_FILE(*.twl*) .gnu.linkonce.t*)
 *(.glue_7)
 .glue_7        0x0000000002015250        0x0 linker stubs
 *(.glue_7t)
 .glue_7t       0x0000000002015250        0x0 linker stubs
                0x0000000002015250                . = ALIGN (0x4)

.vfp11_veneer   0x0000000002015250        0x0
 .vfp11_veneer  0x0000000002015250        0x0 linker stubs

.v4_bx          0x0000000002015250        0x0
 .v4_bx         0x0000000002015250        0x0 linker stubs

.iplt           0x0000000002015250        0x0
 .iplt          0x0000000002015250        0x0 /opt/devkitpro/devkitARM/bin/../lib/gcc/arm-none-eabi/11.1.0/../../../../arm-none-eabi/lib/thumb/ds_arm9_crt0.o

.fini           0x0000000002015250        0xc
 *(.fini)
 .fini          0x0000000002015250        0x4 /opt/devkitpro/devkitARM/bin/../lib/gcc/arm-none-eabi/11.1.0/thumb/crti.o
                0x0000000002015250                _fini
 .fini          0x0000000002015254        0x8 /opt/devkitpro/devkitARM/bin/../lib/gcc/arm-none-eabi/11.1.0/thumb/crtn.o
                0x000000000201525c                __text_end = .

.rodata         0x0000000002015260     0x914c
 *(EXCLUDE_FILE(*.twl*) .rodata)
 *all.rodata*(*)
 *(EXCLUDE_FILE(*.twl*) .roda)
 *(EXCLUDE_FILE(*.twl*) .rodata.*)
 .rodata.str1.4
                0x0000000002015260      0x193 directory.o
 *fill*         0x00000000020153f3        0x1 ff
 .rodata.nitroFSInit.str1.4
                0x00000000020153f4        0x8 /opt/devkitpro/libnds/lib/libfilesystem.a(nitrofs.o)
 .rodata.str1.4
                0x00000000020153fc        0xe /opt/devkitpro/libnds/lib/libfilesystem.a(nitrofs.o)
 *fill*         0x000000000201540a        0x2 ff
 .rodata.fatMount.part.0.str1.4
                0x000000000201540c        0x2 /opt/devkitpro/libnds/lib/libfat.a(libfat.o)
 *fill*         0x000000000201540e        0x2 ff
 .rodata.fatInit.str1.4
                0x0000000002015410        0x3 /opt/devkitpro/libnds/lib/libfat.a(libfat.o)
 *fill*         0x0000000002015413        0x1 ff
 .rodata.str1.4
                0x0000000002015414        0x4 /opt/devkitpro/libnds/lib/libfat.a(libfat.o)
 .rodata.dotab_fat
                0x0000000002015418       0x70 /opt/devkitpro/libnds/lib/libfat.a(libfat.o)
 .rodata.str1.4
                0x0000000002015488        0x3 /opt/devkitpro/libnds/lib/libfat.a(disc.o)
                                          0x8 (size before relaxing)
 *fill*         0x000000000201548b        0x1 ff
 .rodata._FAT_disc_interfaces
                0x000000000201548c       0x18 /opt/devkitpro/libnds/lib/libfat.a(disc.o)
                0x000000000201548c                _FAT_disc_interfaces
 .rodata._FAT_directory_entryFromPath.str1.4
                0x00000000020154a4        0x7 /opt/devkitpro/libnds/lib/libfat.a(directory.o)
 .rodata.ILLEGAL_ALIAS_CHARACTERS
                0x00000000020154a4       0x12 /opt/devkitpro/libnds/lib/libfat.a(directory.o)
 *fill*         0x00000000020154b6        0x2 ff
 .rodata.ILLEGAL_LFN_CHARACTERS
                0x00000000020154b8        0xa /opt/devkitpro/libnds/lib/libfat.a(directory.o)
 *fill*         0x00000000020154c2        0x2 ff
 .rodata.LFN_offset_table
                0x00000000020154c4       0x34 /opt/devkitpro/libnds/lib/libfat.a(directory.o)
 .rodata.FAT_SIG
                0x00000000020154f8        0x3 /opt/devkitpro/libnds/lib/libfat.a(partition.o)
 *fill*         0x00000000020154fb        0x1 ff
 .rodata.FS_TWL_SIG
                0x00000000020154fc        0x8 /opt/devkitpro/libnds/lib/libfat.a(partition.o)
 .rodata.con_write.str1.4
                0x0000000002015504       0x30 /opt/devkitpro/libnds/lib/libnds9.a(console.o)
 .rodata.con_write
                0x0000000002015534       0xd4 /opt/devkitpro/libnds/lib/libnds9.a(console.o)
 .rodata.str1.4
                0x0000000002015608       0x14 /opt/devkitpro/libnds/lib/libnds9.a(console.o)
 .rodata.dotab_stdout
                0x000000000201561c       0x70 /opt/devkitpro/libnds/lib/libnds9.a(console.o)
 *fill*         0x000000000201568c       0x14 ff
 .rodata.default_font_bin
                0x00000000020156a0     0x2000 /opt/devkitpro/libnds/lib/libnds9.a(default_font.bin.o)
                0x00000000020156a0                default_font_bin
                0x00000000020176a0                default_font_bin_end
 .rodata.SIN_LUT
                0x00000000020176a0      0x102 /opt/devkitpro/libnds/lib/libnds9.a(trig.o)
                0x00000000020176a0                SIN_LUT
 *fill*         0x00000000020177a2        0x2 ff
 .rodata._ctype_
                0x00000000020177a4      0x101 /opt/devkitpro/devkitARM/bin/../lib/gcc/arm-none-eabi/11.1.0/../../../../arm-none-eabi/lib/thumb/libg.a(lib_a-ctype_.o)
                0x00000000020177a4                _ctype_
 *fill*         0x00000000020178a5        0x3 ff
 .rodata.str1.4
                0x00000000020178a8       0x44 /opt/devkitpro/devkitARM/bin/../lib/gcc/arm-none-eabi/11.1.0/../../../../arm-none-eabi/lib/thumb/libg.a(lib_a-locale.o)
                                         0x4c (size before relaxing)
 .rodata._mbrtowc_r.str1.4
                0x00000000020178ec        0x1 /opt/devkitpro/devkitARM/bin/../lib/gcc/arm-none-eabi/11.1.0/../../../../arm-none-eabi/lib/thumb/libg.a(lib_a-mbrtowc.o)
 .rodata.DAYS_IN_MONTH
                0x00000000020178ec       0x30 /opt/devkitpro/devkitARM/bin/../lib/gcc/arm-none-eabi/11.1.0/../../../../arm-none-eabi/lib/thumb/libg.a(lib_a-mktime.o)
 .rodata._DAYS_BEFORE_MONTH
                0x000000000201791c       0x30 /opt/devkitpro/devkitARM/bin/../lib/gcc/arm-none-eabi/11.1.0/../../../../arm-none-eabi/lib/thumb/libg.a(lib_a-mktime.o)
 .rodata.__month_lengths
                0x000000000201794c       0x60 /opt/devkitpro/devkitARM/bin/../lib/gcc/arm-none-eabi/11.1.0/../../../../arm-none-eabi/lib/thumb/libg.a(lib_a-month_lengths.o)
                0x000000000201794c                __month_lengths
 .rodata.basefix.0
                0x00000000020179ac       0x22 /opt/devkitpro/devkitARM/bin/../lib/gcc/arm-none-eabi/11.1.0/../../../../arm-none-eabi/lib/thumb/libg.a(lib_a-svfiscanf.o)
 *fill*         0x00000000020179ce        0x2 ff
 .rodata._tzset_unlocked_r.str1.4
                0x00000000020179d0       0x53 /opt/devkitpro/devkitARM/bin/../lib/gcc/arm-none-eabi/11.1.0/../../../../arm-none-eabi/lib/thumb/libg.a(lib_a-tzset_r.o)
 .rodata.str1.4
                0x0000000002017a23        0x4 /opt/devkitpro/devkitARM/bin/../lib/gcc/arm-none-eabi/11.1.0/../../../../arm-none-eabi/lib/thumb/libg.a(lib_a-tzvars.o)
 .rodata._vfiprintf_r.str1.1
                0x0000000002017a23       0x29 /opt/devkitpro/devkitARM/bin/../lib/gcc/arm-none-eabi/11.1.0/../../../../arm-none-eabi/lib/thumb/libg.a(lib_a-vfiprintf.o)
 .rodata.blanks.1
                0x0000000002017a4c       0x10 /opt/devkitpro/devkitARM/bin/../lib/gcc/arm-none-eabi/11.1.0/../../../../arm-none-eabi/lib/thumb/libg.a(lib_a-vfiprintf.o)
 .rodata.zeroes.0
                0x0000000002017a5c       0x10 /opt/devkitpro/devkitARM/bin/../lib/gcc/arm-none-eabi/11.1.0/../../../../arm-none-eabi/lib/thumb/libg.a(lib_a-vfiprintf.o)
 .rodata._global_impure_ptr
                0x0000000002017a6c        0x4 /opt/devkitpro/devkitARM/bin/../lib/gcc/arm-none-eabi/11.1.0/../../../../arm-none-eabi/lib/thumb/libg.a(lib_a-impure.o)
                0x0000000002017a6c                _global_impure_ptr
 .rodata.__action_table
                0x0000000002017a70       0x6c /opt/devkitpro/devkitARM/bin/../lib/gcc/arm-none-eabi/11.1.0/../../../../arm-none-eabi/lib/thumb/libg.a(lib_a-svfiprintf.o)
                0x0000000002017a70                __action_table
 .rodata.__chclass
                0x0000000002017adc      0x100 /opt/devkitpro/devkitARM/bin/../lib/gcc/arm-none-eabi/11.1.0/../../../../arm-none-eabi/lib/thumb/libg.a(lib_a-svfiprintf.o)
                0x0000000002017adc                __chclass
 .rodata.__state_table
                0x0000000002017bdc       0x6c /opt/devkitpro/devkitARM/bin/../lib/gcc/arm-none-eabi/11.1.0/../../../../arm-none-eabi/lib/thumb/libg.a(lib_a-svfiprintf.o)
                0x0000000002017bdc                __state_table
 .rodata.__jp2uc
                0x0000000002017c48       0x20 /opt/devkitpro/devkitARM/bin/../lib/gcc/arm-none-eabi/11.1.0/../../../../arm-none-eabi/lib/thumb/libg.a(lib_a-jp2uc.o)
 .rodata._jp2uc_l.str1.4
                0x0000000002017c68       0x12 /opt/devkitpro/devkitARM/bin/../lib/gcc/arm-none-eabi/11.1.0/../../../../arm-none-eabi/lib/thumb/libg.a(lib_a-jp2uc.o)
 *fill*         0x0000000002017c7a        0x2 ff
 .rodata.a1     0x0000000002017c7c       0xbc /opt/devkitpro/devkitARM/bin/../lib/gcc/arm-none-eabi/11.1.0/../../../../arm-none-eabi/lib/thumb/libg.a(lib_a-jp2uc.o)
 .rodata.a2     0x0000000002017d38       0xbc /opt/devkitpro/devkitARM/bin/../lib/gcc/arm-none-eabi/11.1.0/../../../../arm-none-eabi/lib/thumb/libg.a(lib_a-jp2uc.o)
 .rodata.a3     0x0000000002017df4       0x5b /opt/devkitpro/devkitARM/bin/../lib/gcc/arm-none-eabi/11.1.0/../../../../arm-none-eabi/lib/thumb/libg.a(lib_a-jp2uc.o)
 *fill*         0x0000000002017e4f        0x1 ff
 .rodata.a6     0x0000000002017e50       0x70 /opt/devkitpro/devkitARM/bin/../lib/gcc/arm-none-eabi/11.1.0/../../../../arm-none-eabi/lib/thumb/libg.a(lib_a-jp2uc.o)
 .rodata.a7     0x0000000002017ec0       0xa2 /opt/devkitpro/devkitARM/bin/../lib/gcc/arm-none-eabi/11.1.0/../../../../arm-none-eabi/lib/thumb/libg.a(lib_a-jp2uc.o)
 *fill*         0x0000000002017f62        0x2 ff
 .rodata.a8     0x0000000002017f64       0x40 /opt/devkitpro/devkitARM/bin/../lib/gcc/arm-none-eabi/11.1.0/../../../../arm-none-eabi/lib/thumb/libg.a(lib_a-jp2uc.o)
 .rodata.b02cf  0x0000000002017fa4     0x172a /opt/devkitpro/devkitARM/bin/../lib/gcc/arm-none-eabi/11.1.0/../../../../arm-none-eabi/lib/thumb/libg.a(lib_a-jp2uc.o)
 *fill*         0x00000000020196ce        0x2 ff
 .rodata.d02f4  0x00000000020196d0     0x1a7c /opt/devkitpro/devkitARM/bin/../lib/gcc/arm-none-eabi/11.1.0/../../../../arm-none-eabi/lib/thumb/libg.a(lib_a-jp2uc.o)
 .rodata.categories
                0x000000000201b14c     0x31e6 /opt/devkitpro/devkitARM/bin/../lib/gcc/arm-none-eabi/11.1.0/../../../../arm-none-eabi/lib/thumb/libg.a(lib_a-categories.o)
 *fill*         0x000000000201e332        0x2 ff
 .rodata.AddDevice.str1.4
                0x000000000201e334        0x8 /opt/devkitpro/devkitARM/bin/../lib/gcc/arm-none-eabi/11.1.0/../../../../arm-none-eabi/lib/thumb/libsysbase.a(iosupport.o)
 .rodata.dotab_stdnull
                0x000000000201e33c       0x70 /opt/devkitpro/devkitARM/bin/../lib/gcc/arm-none-eabi/11.1.0/../../../../arm-none-eabi/lib/thumb/libsysbase.a(iosupport.o)
                0x000000000201e33c                dotab_stdnull
 *(EXCLUDE_FILE(*.twl*) .gnu.linkonce.r*)
                0x000000000201e3ac                . = ALIGN (0x4)

.ARM.extab
 *(.ARM.extab* .gnu.linkonce.armextab.*)
                0x000000000201e3ac                __exidx_start = .

ARM.exidx
 *(.ARM.exidx* .gnu.linkonce.armexidx.*)
                0x000000000201e3ac                __exidx_end = .
                0x000000000201e3ac                . = ALIGN (0x4)
                0x000000000201e3ac                PROVIDE (__preinit_array_start = .)

.preinit_array
 *(.preinit_array)
                0x000000000201e3ac                PROVIDE (__preinit_array_end = .)
                0x000000000201e3ac                PROVIDE (__init_array_start = .)

.init_array     0x000000000201e3ac        0x4
 *(SORT_BY_NAME(.init_array.*))
 *(.init_array)
 .init_array    0x000000000201e3ac        0x4 /opt/devkitpro/devkitARM/bin/../lib/gcc/arm-none-eabi/11.1.0/thumb/crtbegin.o
                0x000000000201e3b0                PROVIDE (__init_array_end = .)
                [!provide]                        PROVIDE (__fini_array_start = .)

.fini_array     0x000000000201e3b0        0x4
 *(.fini_array)
 .fini_array    0x000000000201e3b0        0x4 /opt/devkitpro/devkitARM/bin/../lib/gcc/arm-none-eabi/11.1.0/thumb/crtbegin.o
 *(SORT_BY_NAME(.fini_array.*))
                [!provide]                        PROVIDE (__fini_array_end = .)

.ctors          0x000000000201e3b4        0x0
 *crtbegin.o(.ctors)
 *(EXCLUDE_FILE(*crtend.o) .ctors)
 *(SORT_BY_NAME(.ctors.*))
 *(.ctors)
                0x000000000201e3b4                . = ALIGN (0x4)

.dtors          0x000000000201e3b4        0x0
 *crtbegin.o(.dtors)
 *(EXCLUDE_FILE(*crtend.o) .dtors)
 *(SORT_BY_NAME(.dtors.*))
 *(.dtors)
                0x000000000201e3b4                . = ALIGN (0x4)

.eh_frame       0x000000000201e3b4        0x4
 *(.eh_frame)
 .eh_frame      0x000000000201e3b4        0x0 /opt/devkitpro/devkitARM/bin/../lib/gcc/arm-none-eabi/11.1.0/thumb/crtbegin.o
 .eh_frame      0x000000000201e3b4        0x4 /opt/devkitpro/devkitARM/bin/../lib/gcc/arm-none-eabi/11.1.0/thumb/crtend.o
                0x000000000201e3b8                . = ALIGN (0x4)

.gcc_except_table
                0x000000000201e3b8        0x0
 *(.gcc_except_table)
                0x000000000201e3b8                . = ALIGN (0x4)

.jcr
 *(.jcr)

.got
 *(.got.plt)
 *(.got)
 *(.rel.got)

.ewram          0x000000000201e3b8        0x0
                0x000000000201e3b8                __ewram_start = ABSOLUTE (.)
 *(.ewram)
 *ewram.*(.text)
                0x000000000201e3b8                . = ALIGN (0x4)

.data           0x000000000201e3b8     0x27f4
                0x000000000201e3b8                __data_start = ABSOLUTE (.)
 *(EXCLUDE_FILE(*.twl*) .data)
 .data          0x000000000201e3b8        0x4 directory.o
                0x000000000201e3b8                amogus
 .data          0x000000000201e3bc       0x28 /opt/devkitpro/libnds/lib/libnds9.a(mpu_setup.o)
 *(EXCLUDE_FILE(*.twl*) .data.*)
 .data.ndsFileFD
                0x000000000201e3e4        0x4 /opt/devkitpro/libnds/lib/libfilesystem.a(nitrofs.o)
 .data.nitroFSdevoptab
                0x000000000201e3e8       0x70 /opt/devkitpro/libnds/lib/libfilesystem.a(nitrofs.o)
                0x000000000201e3e8                nitroFSdevoptab
 .data.syspaths
                0x000000000201e458        0x8 /opt/devkitpro/libnds/lib/libfilesystem.a(nitrofs.o)
                0x000000000201e458                syspaths
 .data.currentConsole
                0x000000000201e460        0x4 /opt/devkitpro/libnds/lib/libnds9.a(console.o)
                0x000000000201e460                currentConsole
 .data.defaultConsole
                0x000000000201e464       0x5c /opt/devkitpro/libnds/lib/libnds9.a(console.o)
                0x000000000201e464                defaultConsole
 .data.firstConsoleInit.0
                0x000000000201e4c0        0x1 /opt/devkitpro/libnds/lib/libnds9.a(console.o)
 *fill*         0x000000000201e4c1        0x3 ff
 .data.fifo_buffer_free
                0x000000000201e4c4        0x4 /opt/devkitpro/libnds/lib/libnds9.a(fifosystem.o)
                0x000000000201e4c4                fifo_buffer_free
 .data.fifo_freewords
                0x000000000201e4c8        0x4 /opt/devkitpro/libnds/lib/libnds9.a(fifosystem.o)
                0x000000000201e4c8                fifo_freewords
 .data.fifo_receive_queue
                0x000000000201e4cc        0x4 /opt/devkitpro/libnds/lib/libnds9.a(fifosystem.o)
                0x000000000201e4cc                fifo_receive_queue
 .data.fifo_send_queue
                0x000000000201e4d0        0x4 /opt/devkitpro/libnds/lib/libnds9.a(fifosystem.o)
                0x000000000201e4d0                fifo_send_queue
 .data.bgControl
                0x000000000201e4d4       0x20 /opt/devkitpro/libnds/lib/libnds9.a(background.o)
                0x000000000201e4d4                bgControl
 .data.bgScrollTable
                0x000000000201e4f4       0x20 /opt/devkitpro/libnds/lib/libnds9.a(background.o)
                0x000000000201e4f4                bgScrollTable
 .data.bgTransform
                0x000000000201e514       0x20 /opt/devkitpro/libnds/lib/libnds9.a(background.o)
                0x000000000201e514                bgTransform
 .data.__global_locale
                0x000000000201e534      0x16c /opt/devkitpro/devkitARM/bin/../lib/gcc/arm-none-eabi/11.1.0/../../../../arm-none-eabi/lib/thumb/libg.a(lib_a-locale.o)
                0x000000000201e534                __global_locale
 .data.__malloc_av_
                0x000000000201e6a0      0x408 /opt/devkitpro/devkitARM/bin/../lib/gcc/arm-none-eabi/11.1.0/../../../../arm-none-eabi/lib/thumb/libg.a(lib_a-mallocr.o)
                0x000000000201e6a0                __malloc_av_
 .data.__malloc_sbrk_base
                0x000000000201eaa8        0x4 /opt/devkitpro/devkitARM/bin/../lib/gcc/arm-none-eabi/11.1.0/../../../../arm-none-eabi/lib/thumb/libg.a(lib_a-mallocr.o)
                0x000000000201eaa8                __malloc_sbrk_base
 .data.__malloc_trim_threshold
                0x000000000201eaac        0x4 /opt/devkitpro/devkitARM/bin/../lib/gcc/arm-none-eabi/11.1.0/../../../../arm-none-eabi/lib/thumb/libg.a(lib_a-mallocr.o)
                0x000000000201eaac                __malloc_trim_threshold
 .data.__malloc_recursive_mutex
                0x000000000201eab0        0xc /opt/devkitpro/devkitARM/bin/../lib/gcc/arm-none-eabi/11.1.0/../../../../arm-none-eabi/lib/thumb/libg.a(lib_a-mlock.o)
 .data.__tz_mutex
                0x000000000201eabc        0x4 /opt/devkitpro/devkitARM/bin/../lib/gcc/arm-none-eabi/11.1.0/../../../../arm-none-eabi/lib/thumb/libg.a(lib_a-tzlock.o)
 .data._tzname  0x000000000201eac0        0x8 /opt/devkitpro/devkitARM/bin/../lib/gcc/arm-none-eabi/11.1.0/../../../../arm-none-eabi/lib/thumb/libg.a(lib_a-tzvars.o)
                0x000000000201eac0                _tzname
 .data.__sfp_recursive_mutex
                0x000000000201eac8        0xc /opt/devkitpro/devkitARM/bin/../lib/gcc/arm-none-eabi/11.1.0/../../../../arm-none-eabi/lib/thumb/libg.a(lib_a-findfp.o)
 .data.__sinit_recursive_mutex
                0x000000000201ead4        0xc /opt/devkitpro/devkitARM/bin/../lib/gcc/arm-none-eabi/11.1.0/../../../../arm-none-eabi/lib/thumb/libg.a(lib_a-findfp.o)
 .data.tzinfo   0x000000000201eae0       0x58 /opt/devkitpro/devkitARM/bin/../lib/gcc/arm-none-eabi/11.1.0/../../../../arm-none-eabi/lib/thumb/libg.a(lib_a-gettzinfo.o)
 .data._impure_ptr
                0x000000000201eb38        0x4 /opt/devkitpro/devkitARM/bin/../lib/gcc/arm-none-eabi/11.1.0/../../../../arm-none-eabi/lib/thumb/libg.a(lib_a-impure.o)
                0x000000000201eb38                _impure_ptr
 *fill*         0x000000000201eb3c        0x4 ff
 .data.impure_data
                0x000000000201eb40      0x460 /opt/devkitpro/devkitARM/bin/../lib/gcc/arm-none-eabi/11.1.0/../../../../arm-none-eabi/lib/thumb/libg.a(lib_a-impure.o)
 .data.environ  0x000000000201efa0        0x4 /opt/devkitpro/devkitARM/bin/../lib/gcc/arm-none-eabi/11.1.0/../../../../arm-none-eabi/lib/thumb/libg.a(lib_a-environ.o)
                0x000000000201efa0                environ
 .data.__env_recursive_mutex
                0x000000000201efa4        0xc /opt/devkitpro/devkitARM/bin/../lib/gcc/arm-none-eabi/11.1.0/../../../../arm-none-eabi/lib/thumb/libg.a(lib_a-envlock.o)
 .data.caseconv_table
                0x000000000201efb0      0x744 /opt/devkitpro/devkitARM/bin/../lib/gcc/arm-none-eabi/11.1.0/../../../../arm-none-eabi/lib/thumb/libg.a(lib_a-towctrans_l.o)
 .data.defaultDevice
                0x000000000201f6f4        0x4 /opt/devkitpro/devkitARM/bin/../lib/gcc/arm-none-eabi/11.1.0/../../../../arm-none-eabi/lib/thumb/libsysbase.a(iosupport.o)
 .data.devoptab_list
                0x000000000201f6f8       0x8c /opt/devkitpro/devkitARM/bin/../lib/gcc/arm-none-eabi/11.1.0/../../../../arm-none-eabi/lib/thumb/libsysbase.a(iosupport.o)
                0x000000000201f6f8                devoptab_list
 .data._current_working_directory
                0x000000000201f784      0x400 /opt/devkitpro/devkitARM/bin/../lib/gcc/arm-none-eabi/11.1.0/../../../../arm-none-eabi/lib/thumb/libsysbase.a(chdir.o)
 .data.__hndl_lock
                0x000000000201fb84        0x4 /opt/devkitpro/devkitARM/bin/../lib/gcc/arm-none-eabi/11.1.0/../../../../arm-none-eabi/lib/thumb/libsysbase.a(handle_manager.o)
 .data.__stderr_handle
                0x000000000201fb88        0xc /opt/devkitpro/devkitARM/bin/../lib/gcc/arm-none-eabi/11.1.0/../../../../arm-none-eabi/lib/thumb/libsysbase.a(handle_manager.o)
 .data.__stdin_handle
                0x000000000201fb94        0xc /opt/devkitpro/devkitARM/bin/../lib/gcc/arm-none-eabi/11.1.0/../../../../arm-none-eabi/lib/thumb/libsysbase.a(handle_manager.o)
 .data.__stdout_handle
                0x000000000201fba0        0xc /opt/devkitpro/devkitARM/bin/../lib/gcc/arm-none-eabi/11.1.0/../../../../arm-none-eabi/lib/thumb/libsysbase.a(handle_manager.o)
 .data.handles  0x000000000201fbac     0x1000 /opt/devkitpro/devkitARM/bin/../lib/gcc/arm-none-eabi/11.1.0/../../../../arm-none-eabi/lib/thumb/libsysbase.a(handle_manager.o)
 *(EXCLUDE_FILE(*.twl*) .gnu.linkonce.d*)
                0x0000000002020bac                . = ALIGN (0x4)
                0x0000000002020bac                __data_end = ABSOLUTE (.)
                0x0000000002020bac                __bss_vma = .

.igot.plt       0x0000000002020bac        0x0
 .igot.plt      0x0000000002020bac        0x0 /opt/devkitpro/devkitARM/bin/../lib/gcc/arm-none-eabi/11.1.0/../../../../arm-none-eabi/lib/thumb/ds_arm9_crt0.o

.dtcm           0x0000000002ff0000        0x0 load address 0x0000000002020bac
                0x0000000002020bac                __dtcm_lma = LOADADDR (.dtcm)
                0x0000000002ff0000                __dtcm_start = ABSOLUTE (.)
 *(.dtcm)
 *(.dtcm.*)
                0x0000000002ff0000                . = ALIGN (0x4)
                0x0000000002ff0000                __dtcm_end = ABSOLUTE (.)

.itcm           0x0000000001000100      0x194 load address 0x0000000002020bac
                0x0000000002020bac                __itcm_lma = LOADADDR (.itcm)
                0x0000000001000100                __itcm_start = ABSOLUTE (.)
 *(.itcm)
 .itcm          0x0000000001000100       0xc8 /opt/devkitpro/libnds/lib/libnds9.a(interrupts.o)
                0x0000000001000100                irqTable
 .itcm          0x00000000010001c8       0xcc /opt/devkitpro/libnds/lib/libnds9.a(interruptDispatcher.o)
                0x00000000010001c8                IntrMain
 *.itcm*(.text .stub .text.*)
                0x0000000001000294                . = ALIGN (0x4)
                0x0000000001000294                __itcm_end = ABSOLUTE (.)

.vectors        0x0000000001000000        0x0 load address 0x0000000002020d40
                0x0000000002020d40                __vectors_lma = LOADADDR (.vectors)
                0x0000000001000000                __vectors_start = ABSOLUTE (.)
 *(.vectors .vectors.*)
                0x0000000001000000                . = ALIGN (0x4)
                0x0000000001000000                __vectors_end = ABSOLUTE (.)

.sbss           0x0000000002ff0000        0x0
                0x0000000002ff0000                __sbss_start = ABSOLUTE (.)
                0x0000000002ff0000                __sbss_start__ = ABSOLUTE (.)
 *(.sbss)
                0x0000000002ff0000                . = ALIGN (0x4)
                0x0000000002ff0000                __sbss_end = ABSOLUTE (.)

.bss            0x0000000002020bac     0x12dc
                0x0000000002020bac                __bss_start = ABSOLUTE (.)
                0x0000000002020bac                __bss_start__ = ABSOLUTE (.)
 *(EXCLUDE_FILE(*.twl*) .dynbss)
 *(EXCLUDE_FILE(*.twl*) .gnu.linkonce.b*)
 *(EXCLUDE_FILE(*.twl*) .bss*)
 .bss.completed.1
                0x0000000002020bac        0x1 /opt/devkitpro/devkitARM/bin/../lib/gcc/arm-none-eabi/11.1.0/thumb/crtbegin.o
 *fill*         0x0000000002020bad        0x3 
 .bss.object.0  0x0000000002020bb0       0x18 /opt/devkitpro/devkitARM/bin/../lib/gcc/arm-none-eabi/11.1.0/thumb/crtbegin.o
 .bss           0x0000000002020bc8        0x4 directory.o
                0x0000000002020bc8                frame
 .bss.cardRead  0x0000000002020bcc        0x1 /opt/devkitpro/libnds/lib/libfilesystem.a(nitrofs.o)
 *fill*         0x0000000002020bcd        0x1 
 .bss.chdirpathid
                0x0000000002020bce        0x2 /opt/devkitpro/libnds/lib/libfilesystem.a(nitrofs.o)
 .bss.fatOffset
                0x0000000002020bd0        0x4 /opt/devkitpro/libnds/lib/libfilesystem.a(nitrofs.o)
 .bss.fntOffset
                0x0000000002020bd4        0x4 /opt/devkitpro/libnds/lib/libfilesystem.a(nitrofs.o)
 .bss.ndsFileLastpos
                0x0000000002020bd8        0x4 /opt/devkitpro/libnds/lib/libfilesystem.a(nitrofs.o)
 .bss.temp.0    0x0000000002020bdc      0x200 /opt/devkitpro/libnds/lib/libfilesystem.a(nitrofs.o)
 .bss.accessCounter
                0x0000000002020ddc        0x4 /opt/devkitpro/libnds/lib/libfat.a(cache.o)
 .bss.currentCopy
                0x0000000002020de0       0x5c /opt/devkitpro/libnds/lib/libnds9.a(console.o)
                0x0000000002020de0                currentCopy
 .bss.__dsimode
                0x0000000002020e3c        0x1 /opt/devkitpro/libnds/lib/libnds9.a(initSystem.o)
                0x0000000002020e3c                __dsimode
 *fill*         0x0000000002020e3d        0x3 
 .bss.punixTime
                0x0000000002020e40        0x4 /opt/devkitpro/libnds/lib/libnds9.a(timeSupport.o)
                0x0000000002020e40                punixTime
 .bss.localTimer
                0x0000000002020e44        0x4 /opt/devkitpro/libnds/lib/libnds9.a(timers.o)
 .bss.fifo_address_data
                0x0000000002020e48       0x40 /opt/devkitpro/libnds/lib/libnds9.a(fifosystem.o)
                0x0000000002020e48                fifo_address_data
 .bss.fifo_address_func
                0x0000000002020e88       0x40 /opt/devkitpro/libnds/lib/libnds9.a(fifosystem.o)
                0x0000000002020e88                fifo_address_func
 .bss.fifo_address_queue
                0x0000000002020ec8       0x40 /opt/devkitpro/libnds/lib/libnds9.a(fifosystem.o)
                0x0000000002020ec8                fifo_address_queue
 .bss.fifo_buffer
                0x0000000002020f08      0x800 /opt/devkitpro/libnds/lib/libnds9.a(fifosystem.o)
                0x0000000002020f08                fifo_buffer
 .bss.fifo_data_queue
                0x0000000002021708       0x40 /opt/devkitpro/libnds/lib/libnds9.a(fifosystem.o)
                0x0000000002021708                fifo_data_queue
 .bss.fifo_datamsg_data
                0x0000000002021748       0x40 /opt/devkitpro/libnds/lib/libnds9.a(fifosystem.o)
                0x0000000002021748                fifo_datamsg_data
 .bss.fifo_datamsg_func
                0x0000000002021788       0x40 /opt/devkitpro/libnds/lib/libnds9.a(fifosystem.o)
                0x0000000002021788                fifo_datamsg_func
 .bss.fifo_value32_data
                0x00000000020217c8       0x40 /opt/devkitpro/libnds/lib/libnds9.a(fifosystem.o)
                0x00000000020217c8                fifo_value32_data
 .bss.fifo_value32_func
                0x0000000002021808       0x40 /opt/devkitpro/libnds/lib/libnds9.a(fifosystem.o)
                0x0000000002021808                fifo_value32_func
 .bss.fifo_value32_queue
                0x0000000002021848       0x40 /opt/devkitpro/libnds/lib/libnds9.a(fifosystem.o)
                0x0000000002021848                fifo_value32_queue
 .bss.processing
                0x0000000002021888        0x4 /opt/devkitpro/libnds/lib/libnds9.a(fifosystem.o)
                0x0000000002021888                processing
 .bss.bgIsTextLut